

================================================================
== Vivado HLS Report for 'gemm'
================================================================
* Date:           Thu Nov 30 23:40:14 2023

* Version:        2019.2.1 (Build 2724168 on Thu Dec 05 05:19:09 MST 2019)
* Project:        gemm_hls
* Solution:       solution5
* Product family: virtex7
* Target device:  xc7v585t-ffg1761-2


================================================================
== Performance Estimates
================================================================
+ Timing: 
    * Summary: 
    +--------+----------+-----------+------------+
    |  Clock |  Target  | Estimated | Uncertainty|
    +--------+----------+-----------+------------+
    |ap_clk  | 10.00 ns | 10.612 ns |   1.25 ns  |
    +--------+----------+-----------+------------+

+ Latency: 
    * Summary: 
    +---------+---------+----------+----------+--------+--------+---------+
    |  Latency (cycles) |  Latency (absolute) |     Interval    | Pipeline|
    |   min   |   max   |    min   |    max   |   min  |   max  |   Type  |
    +---------+---------+----------+----------+--------+--------+---------+
    |   262849|   262849| 2.789 ms | 2.789 ms |  262849|  262849|   none  |
    +---------+---------+----------+----------+--------+--------+---------+

    + Detail: 
        * Instance: 
        N/A

        * Loop: 
        +----------+---------+---------+----------+-----------+-----------+------+----------+
        |          |  Latency (cycles) | Iteration|  Initiation Interval  | Trip |          |
        | Loop Name|   min   |   max   |  Latency |  achieved |   target  | Count| Pipelined|
        +----------+---------+---------+----------+-----------+-----------+------+----------+
        |- outer   |   262848|   262848|      4107|          -|          -|    64|    no    |
        +----------+---------+---------+----------+-----------+-----------+------+----------+



================================================================
== Utilization Estimates
================================================================
* Summary: 
+-----------------+---------+-------+--------+--------+-----+
|       Name      | BRAM_18K| DSP48E|   FF   |   LUT  | URAM|
+-----------------+---------+-------+--------+--------+-----+
|DSP              |        -|      -|       -|       -|    -|
|Expression       |        -|      -|       0|      26|    -|
|FIFO             |        -|      -|       -|       -|    -|
|Instance         |        -|    188|    6504|    6296|    -|
|Memory           |        -|      -|       -|       -|    -|
|Multiplexer      |        -|      -|       -|    7896|    -|
|Register         |        -|      -|   26465|       -|    -|
+-----------------+---------+-------+--------+--------+-----+
|Total            |        0|    188|   32969|   14218|    0|
+-----------------+---------+-------+--------+--------+-----+
|Available        |     1590|   1260|  728400|  364200|    0|
+-----------------+---------+-------+--------+--------+-----+
|Utilization (%)  |        0|     14|       4|       3|    0|
+-----------------+---------+-------+--------+--------+-----+

+ Detail: 
    * Instance: 
    +--------------------------+----------------------+---------+-------+-----+-----+-----+
    |         Instance         |        Module        | BRAM_18K| DSP48E|  FF | LUT | URAM|
    +--------------------------+----------------------+---------+-------+-----+-----+-----+
    |gemm_dadd_64ns_64bkb_U1   |gemm_dadd_64ns_64bkb  |        0|      3|  430|  762|    0|
    |gemm_dadd_64ns_64bkb_U2   |gemm_dadd_64ns_64bkb  |        0|      3|  430|  762|    0|
    |gemm_dadd_64ns_64bkb_U3   |gemm_dadd_64ns_64bkb  |        0|      3|  430|  762|    0|
    |gemm_dadd_64ns_64bkb_U4   |gemm_dadd_64ns_64bkb  |        0|      3|  430|  762|    0|
    |gemm_dmul_64ns_64cud_U5   |gemm_dmul_64ns_64cud  |        0|     11|  299|  203|    0|
    |gemm_dmul_64ns_64cud_U6   |gemm_dmul_64ns_64cud  |        0|     11|  299|  203|    0|
    |gemm_dmul_64ns_64cud_U7   |gemm_dmul_64ns_64cud  |        0|     11|  299|  203|    0|
    |gemm_dmul_64ns_64cud_U8   |gemm_dmul_64ns_64cud  |        0|     11|  299|  203|    0|
    |gemm_dmul_64ns_64cud_U9   |gemm_dmul_64ns_64cud  |        0|     11|  299|  203|    0|
    |gemm_dmul_64ns_64cud_U10  |gemm_dmul_64ns_64cud  |        0|     11|  299|  203|    0|
    |gemm_dmul_64ns_64cud_U11  |gemm_dmul_64ns_64cud  |        0|     11|  299|  203|    0|
    |gemm_dmul_64ns_64cud_U12  |gemm_dmul_64ns_64cud  |        0|     11|  299|  203|    0|
    |gemm_dmul_64ns_64cud_U13  |gemm_dmul_64ns_64cud  |        0|     11|  299|  203|    0|
    |gemm_dmul_64ns_64cud_U14  |gemm_dmul_64ns_64cud  |        0|     11|  299|  203|    0|
    |gemm_dmul_64ns_64cud_U15  |gemm_dmul_64ns_64cud  |        0|     11|  299|  203|    0|
    |gemm_dmul_64ns_64cud_U16  |gemm_dmul_64ns_64cud  |        0|     11|  299|  203|    0|
    |gemm_dmul_64ns_64cud_U17  |gemm_dmul_64ns_64cud  |        0|     11|  299|  203|    0|
    |gemm_dmul_64ns_64cud_U18  |gemm_dmul_64ns_64cud  |        0|     11|  299|  203|    0|
    |gemm_dmul_64ns_64cud_U19  |gemm_dmul_64ns_64cud  |        0|     11|  299|  203|    0|
    |gemm_dmul_64ns_64cud_U20  |gemm_dmul_64ns_64cud  |        0|     11|  299|  203|    0|
    +--------------------------+----------------------+---------+-------+-----+-----+-----+
    |Total                     |                      |        0|    188| 6504| 6296|    0|
    +--------------------------+----------------------+---------+-------+-----+-----+-----+

    * DSP48E: 
    N/A

    * Memory: 
    N/A

    * FIFO: 
    N/A

    * Expression: 
    +----------------------+----------+-------+---+----+------------+------------+
    |     Variable Name    | Operation| DSP48E| FF| LUT| Bitwidth P0| Bitwidth P1|
    +----------------------+----------+-------+---+----+------------+------------+
    |i_fu_44283_p2         |     +    |      0|  0|  15|           7|           1|
    |icmp_ln8_fu_44277_p2  |   icmp   |      0|  0|  11|           7|           8|
    +----------------------+----------+-------+---+----+------------+------------+
    |Total                 |          |      0|  0|  26|          14|           9|
    +----------------------+----------+-------+---+----+------------+------------+

    * Multiplexer: 
    +-----------------+------+-----------+-----+-----------+
    |       Name      |  LUT | Input Size| Bits| Total Bits|
    +-----------------+------+-----------+-----+-----------+
    |ap_NS_fsm        |  2193|       4109|    1|       4109|
    |grp_fu_42935_p0  |   365|         83|   64|       5312|
    |grp_fu_42935_p1  |    44|          9|   64|        576|
    |grp_fu_42940_p0  |   309|         69|   64|       4416|
    |grp_fu_42940_p1  |    15|          3|   64|        192|
    |grp_fu_42945_p0  |    44|          9|   64|        576|
    |grp_fu_42945_p1  |    15|          3|   64|        192|
    |grp_fu_42955_p0  |   589|        131|   64|       8384|
    |grp_fu_42955_p1  |    50|         11|   64|        704|
    |grp_fu_42959_p0  |   385|         88|   64|       5632|
    |grp_fu_42959_p1  |    47|         10|   64|        640|
    |grp_fu_42963_p0  |    33|          6|   64|        384|
    |grp_fu_42963_p1  |    33|          6|   64|        384|
    |grp_fu_42967_p0  |    27|          5|   64|        320|
    |grp_fu_42967_p1  |    27|          5|   64|        320|
    |grp_fu_42971_p0  |    27|          5|   64|        320|
    |grp_fu_42971_p1  |    27|          5|   64|        320|
    |grp_fu_42975_p0  |    27|          5|   64|        320|
    |grp_fu_42975_p1  |    27|          5|   64|        320|
    |grp_fu_42979_p0  |    27|          5|   64|        320|
    |grp_fu_42979_p1  |    27|          5|   64|        320|
    |grp_fu_42983_p0  |    27|          5|   64|        320|
    |grp_fu_42983_p1  |    27|          5|   64|        320|
    |grp_fu_42987_p0  |    27|          5|   64|        320|
    |grp_fu_42987_p1  |    27|          5|   64|        320|
    |grp_fu_42991_p0  |    27|          5|   64|        320|
    |grp_fu_42991_p1  |    27|          5|   64|        320|
    |grp_fu_42995_p0  |    27|          5|   64|        320|
    |grp_fu_42995_p1  |    27|          5|   64|        320|
    |grp_fu_42999_p0  |    27|          5|   64|        320|
    |grp_fu_42999_p1  |    27|          5|   64|        320|
    |grp_fu_43003_p0  |    27|          5|   64|        320|
    |grp_fu_43003_p1  |    27|          5|   64|        320|
    |grp_fu_43007_p0  |    27|          5|   64|        320|
    |grp_fu_43007_p1  |    27|          5|   64|        320|
    |grp_fu_43011_p0  |    27|          5|   64|        320|
    |grp_fu_43011_p1  |    27|          5|   64|        320|
    |grp_fu_43015_p0  |    27|          5|   64|        320|
    |grp_fu_43015_p1  |    27|          5|   64|        320|
    |i_0_reg_42923    |     9|          2|    7|         14|
    |m1_0_address0    |    15|          3|    6|         18|
    |m1_0_address1    |    15|          3|    6|         18|
    |m1_10_address0   |    15|          3|    6|         18|
    |m1_11_address0   |    15|          3|    6|         18|
    |m1_12_address0   |    15|          3|    6|         18|
    |m1_13_address0   |    15|          3|    6|         18|
    |m1_14_address0   |    15|          3|    6|         18|
    |m1_15_address0   |    15|          3|    6|         18|
    |m1_16_address0   |    15|          3|    6|         18|
    |m1_17_address0   |    15|          3|    6|         18|
    |m1_18_address0   |    15|          3|    6|         18|
    |m1_19_address0   |    15|          3|    6|         18|
    |m1_1_address0    |    15|          3|    6|         18|
    |m1_20_address0   |    15|          3|    6|         18|
    |m1_21_address0   |    15|          3|    6|         18|
    |m1_22_address0   |    15|          3|    6|         18|
    |m1_23_address0   |    15|          3|    6|         18|
    |m1_24_address0   |    15|          3|    6|         18|
    |m1_25_address0   |    15|          3|    6|         18|
    |m1_2_address0    |    15|          3|    6|         18|
    |m1_33_address0   |    15|          3|    6|         18|
    |m1_34_address0   |    15|          3|    6|         18|
    |m1_35_address0   |    15|          3|    6|         18|
    |m1_36_address0   |    15|          3|    6|         18|
    |m1_37_address0   |    15|          3|    6|         18|
    |m1_38_address0   |    15|          3|    6|         18|
    |m1_39_address0   |    15|          3|    6|         18|
    |m1_3_address0    |    15|          3|    6|         18|
    |m1_40_address0   |    15|          3|    6|         18|
    |m1_41_address0   |    15|          3|    6|         18|
    |m1_42_address0   |    15|          3|    6|         18|
    |m1_43_address0   |    15|          3|    6|         18|
    |m1_44_address0   |    15|          3|    6|         18|
    |m1_45_address0   |    15|          3|    6|         18|
    |m1_46_address0   |    15|          3|    6|         18|
    |m1_47_address0   |    15|          3|    6|         18|
    |m1_48_address0   |    15|          3|    6|         18|
    |m1_49_address0   |    15|          3|    6|         18|
    |m1_4_address0    |    15|          3|    6|         18|
    |m1_50_address0   |    15|          3|    6|         18|
    |m1_51_address0   |    15|          3|    6|         18|
    |m1_52_address0   |    15|          3|    6|         18|
    |m1_53_address0   |    15|          3|    6|         18|
    |m1_54_address0   |    15|          3|    6|         18|
    |m1_55_address0   |    15|          3|    6|         18|
    |m1_56_address0   |    15|          3|    6|         18|
    |m1_57_address0   |    15|          3|    6|         18|
    |m1_58_address0   |    15|          3|    6|         18|
    |m1_59_address0   |    15|          3|    6|         18|
    |m1_5_address0    |    15|          3|    6|         18|
    |m1_60_address0   |    15|          3|    6|         18|
    |m1_61_address0   |    15|          3|    6|         18|
    |m1_62_address0   |    15|          3|    6|         18|
    |m1_63_address0   |    15|          3|    6|         18|
    |m1_6_address0    |    15|          3|    6|         18|
    |m1_7_address0    |    15|          3|    6|         18|
    |m1_8_address0    |    15|          3|    6|         18|
    |m1_9_address0    |    15|          3|    6|         18|
    |m2_address0      |  2193|       4097|   12|      49164|
    +-----------------+------+-----------+-----+-----------+
    |Total            |  7896|       8940| 2800|      90043|
    +-----------------+------+-----------+-----+-----------+

    * Register: 
    +------------------------+------+----+------+-----------+
    |          Name          |  FF  | LUT| Bits | Const Bits|
    +------------------------+------+----+------+-----------+
    |ap_CS_fsm               |  4108|   0|  4108|          0|
    |i_0_reg_42923           |     7|   0|     7|          0|
    |i_reg_64784             |     7|   0|     7|          0|
    |m1_0_addr_reg_65188     |     6|   0|     6|          0|
    |m1_0_load_1_reg_65246   |    64|   0|    64|          0|
    |m1_0_load_2_reg_65263   |    64|   0|    64|          0|
    |m1_0_load_3_reg_65275   |    64|   0|    64|          0|
    |m1_0_load_4_reg_65297   |    64|   0|    64|          0|
    |m1_0_load_5_reg_65309   |    64|   0|    64|          0|
    |m1_0_load_6_reg_65331   |    64|   0|    64|          0|
    |m1_0_load_7_reg_65343   |    64|   0|    64|          0|
    |m1_0_load_reg_65234     |    64|   0|    64|          0|
    |m1_10_addr_reg_65695    |     6|   0|     6|          0|
    |m1_11_addr_reg_65700    |     6|   0|     6|          0|
    |m1_12_addr_reg_65705    |     6|   0|     6|          0|
    |m1_13_addr_reg_65710    |     6|   0|     6|          0|
    |m1_14_addr_reg_65715    |     6|   0|     6|          0|
    |m1_15_addr_reg_65720    |     6|   0|     6|          0|
    |m1_16_addr_reg_65725    |     6|   0|     6|          0|
    |m1_17_addr_reg_65730    |     6|   0|     6|          0|
    |m1_18_addr_reg_65735    |     6|   0|     6|          0|
    |m1_19_addr_reg_65740    |     6|   0|     6|          0|
    |m1_1_addr_reg_65321     |     6|   0|     6|          0|
    |m1_20_addr_reg_65745    |     6|   0|     6|          0|
    |m1_21_addr_reg_65750    |     6|   0|     6|          0|
    |m1_22_addr_reg_65755    |     6|   0|     6|          0|
    |m1_23_addr_reg_65760    |     6|   0|     6|          0|
    |m1_24_addr_reg_65765    |     6|   0|     6|          0|
    |m1_25_addr_reg_65770    |     6|   0|     6|          0|
    |m1_26_addr_reg_65194    |     6|   0|     6|          0|
    |m1_27_addr_reg_65199    |     6|   0|     6|          0|
    |m1_28_addr_reg_65204    |     6|   0|     6|          0|
    |m1_29_addr_reg_65209    |     6|   0|     6|          0|
    |m1_2_addr_reg_65655     |     6|   0|     6|          0|
    |m1_30_addr_reg_65214    |     6|   0|     6|          0|
    |m1_31_addr_reg_65219    |     6|   0|     6|          0|
    |m1_32_addr_reg_65224    |     6|   0|     6|          0|
    |m1_33_addr_reg_65775    |     6|   0|     6|          0|
    |m1_34_addr_reg_65780    |     6|   0|     6|          0|
    |m1_35_addr_reg_65785    |     6|   0|     6|          0|
    |m1_36_addr_reg_65790    |     6|   0|     6|          0|
    |m1_37_addr_reg_65795    |     6|   0|     6|          0|
    |m1_38_addr_reg_65800    |     6|   0|     6|          0|
    |m1_39_addr_reg_65805    |     6|   0|     6|          0|
    |m1_3_addr_reg_65660     |     6|   0|     6|          0|
    |m1_40_addr_reg_65810    |     6|   0|     6|          0|
    |m1_41_addr_reg_65815    |     6|   0|     6|          0|
    |m1_42_addr_reg_65820    |     6|   0|     6|          0|
    |m1_43_addr_reg_65825    |     6|   0|     6|          0|
    |m1_44_addr_reg_65830    |     6|   0|     6|          0|
    |m1_45_addr_reg_65835    |     6|   0|     6|          0|
    |m1_46_addr_reg_65840    |     6|   0|     6|          0|
    |m1_47_addr_reg_65845    |     6|   0|     6|          0|
    |m1_48_addr_reg_65850    |     6|   0|     6|          0|
    |m1_49_addr_reg_65855    |     6|   0|     6|          0|
    |m1_4_addr_reg_65665     |     6|   0|     6|          0|
    |m1_50_addr_reg_65860    |     6|   0|     6|          0|
    |m1_51_addr_reg_65865    |     6|   0|     6|          0|
    |m1_52_addr_reg_65870    |     6|   0|     6|          0|
    |m1_53_addr_reg_65875    |     6|   0|     6|          0|
    |m1_54_addr_reg_65880    |     6|   0|     6|          0|
    |m1_55_addr_reg_65885    |     6|   0|     6|          0|
    |m1_56_addr_reg_65890    |     6|   0|     6|          0|
    |m1_57_addr_reg_65895    |     6|   0|     6|          0|
    |m1_58_addr_reg_65900    |     6|   0|     6|          0|
    |m1_59_addr_reg_65905    |     6|   0|     6|          0|
    |m1_5_addr_reg_65670     |     6|   0|     6|          0|
    |m1_60_addr_reg_65910    |     6|   0|     6|          0|
    |m1_61_addr_reg_65915    |     6|   0|     6|          0|
    |m1_62_addr_reg_65920    |     6|   0|     6|          0|
    |m1_63_addr_reg_65925    |     6|   0|     6|          0|
    |m1_6_addr_reg_65675     |     6|   0|     6|          0|
    |m1_7_addr_reg_65680     |     6|   0|     6|          0|
    |m1_8_addr_reg_65685     |     6|   0|     6|          0|
    |m1_9_addr_reg_65690     |     6|   0|     6|          0|
    |m2_load_1024_reg_64839  |    64|   0|    64|          0|
    |m2_load_1088_reg_64844  |    64|   0|    64|          0|
    |m2_load_1152_reg_64849  |    64|   0|    64|          0|
    |m2_load_1216_reg_64854  |    64|   0|    64|          0|
    |m2_load_1280_reg_64859  |    64|   0|    64|          0|
    |m2_load_129_reg_65355   |    64|   0|    64|          0|
    |m2_load_1344_reg_64864  |    64|   0|    64|          0|
    |m2_load_1408_reg_64869  |    64|   0|    64|          0|
    |m2_load_1472_reg_64874  |    64|   0|    64|          0|
    |m2_load_1536_reg_64879  |    64|   0|    64|          0|
    |m2_load_1600_reg_64884  |    64|   0|    64|          0|
    |m2_load_1664_reg_64889  |    64|   0|    64|          0|
    |m2_load_1728_reg_64894  |    64|   0|    64|          0|
    |m2_load_1792_reg_64899  |    64|   0|    64|          0|
    |m2_load_1856_reg_64904  |    64|   0|    64|          0|
    |m2_load_1920_reg_64909  |    64|   0|    64|          0|
    |m2_load_1984_reg_64914  |    64|   0|    64|          0|
    |m2_load_1_reg_65292     |    64|   0|    64|          0|
    |m2_load_2048_reg_64919  |    64|   0|    64|          0|
    |m2_load_2112_reg_64924  |    64|   0|    64|          0|
    |m2_load_2176_reg_64929  |    64|   0|    64|          0|
    |m2_load_2240_reg_64934  |    64|   0|    64|          0|
    |m2_load_2304_reg_64939  |    64|   0|    64|          0|
    |m2_load_2368_reg_64944  |    64|   0|    64|          0|
    |m2_load_2432_reg_64949  |    64|   0|    64|          0|
    |m2_load_2496_reg_64954  |    64|   0|    64|          0|
    |m2_load_2560_reg_64959  |    64|   0|    64|          0|
    |m2_load_2624_reg_64964  |    64|   0|    64|          0|
    |m2_load_2688_reg_64969  |    64|   0|    64|          0|
    |m2_load_2752_reg_64974  |    64|   0|    64|          0|
    |m2_load_2816_reg_64979  |    64|   0|    64|          0|
    |m2_load_2880_reg_64984  |    64|   0|    64|          0|
    |m2_load_2944_reg_64989  |    64|   0|    64|          0|
    |m2_load_3008_reg_64994  |    64|   0|    64|          0|
    |m2_load_3072_reg_64999  |    64|   0|    64|          0|
    |m2_load_3136_reg_65004  |    64|   0|    64|          0|
    |m2_load_3200_reg_65009  |    64|   0|    64|          0|
    |m2_load_3264_reg_65014  |    64|   0|    64|          0|
    |m2_load_3328_reg_65019  |    64|   0|    64|          0|
    |m2_load_3392_reg_65024  |    64|   0|    64|          0|
    |m2_load_3456_reg_65029  |    64|   0|    64|          0|
    |m2_load_3520_reg_65034  |    64|   0|    64|          0|
    |m2_load_3584_reg_65039  |    64|   0|    64|          0|
    |m2_load_3648_reg_65044  |    64|   0|    64|          0|
    |m2_load_3712_reg_65049  |    64|   0|    64|          0|
    |m2_load_3776_reg_65054  |    64|   0|    64|          0|
    |m2_load_3840_reg_65059  |    64|   0|    64|          0|
    |m2_load_384_reg_64789   |    64|   0|    64|          0|
    |m2_load_3904_reg_65229  |    64|   0|    64|          0|
    |m2_load_3968_reg_65258  |    64|   0|    64|          0|
    |m2_load_4032_reg_65287  |    64|   0|    64|          0|
    |m2_load_448_reg_64794   |    64|   0|    64|          0|
    |m2_load_512_reg_64799   |    64|   0|    64|          0|
    |m2_load_576_reg_64804   |    64|   0|    64|          0|
    |m2_load_640_reg_64809   |    64|   0|    64|          0|
    |m2_load_65_reg_65326    |    64|   0|    64|          0|
    |m2_load_704_reg_64814   |    64|   0|    64|          0|
    |m2_load_768_reg_64819   |    64|   0|    64|          0|
    |m2_load_832_reg_64824   |    64|   0|    64|          0|
    |m2_load_896_reg_64829   |    64|   0|    64|          0|
    |m2_load_960_reg_64834   |    64|   0|    64|          0|
    |mult_10_reg_65400       |    64|   0|    64|          0|
    |mult_11_reg_65405       |    64|   0|    64|          0|
    |mult_12_reg_65410       |    64|   0|    64|          0|
    |mult_13_reg_65415       |    64|   0|    64|          0|
    |mult_14_reg_65420       |    64|   0|    64|          0|
    |mult_16_reg_65425       |    64|   0|    64|          0|
    |mult_17_reg_65430       |    64|   0|    64|          0|
    |mult_18_reg_65435       |    64|   0|    64|          0|
    |mult_19_reg_65440       |    64|   0|    64|          0|
    |mult_20_reg_65445       |    64|   0|    64|          0|
    |mult_21_reg_65450       |    64|   0|    64|          0|
    |mult_22_reg_65455       |    64|   0|    64|          0|
    |mult_23_reg_65460       |    64|   0|    64|          0|
    |mult_24_reg_65465       |    64|   0|    64|          0|
    |mult_25_reg_65470       |    64|   0|    64|          0|
    |mult_26_reg_65475       |    64|   0|    64|          0|
    |mult_27_reg_65480       |    64|   0|    64|          0|
    |mult_28_reg_65485       |    64|   0|    64|          0|
    |mult_29_reg_65490       |    64|   0|    64|          0|
    |mult_30_reg_65495       |    64|   0|    64|          0|
    |mult_32_reg_65500       |    64|   0|    64|          0|
    |mult_33_reg_65505       |    64|   0|    64|          0|
    |mult_34_reg_65510       |    64|   0|    64|          0|
    |mult_35_reg_65515       |    64|   0|    64|          0|
    |mult_36_reg_65520       |    64|   0|    64|          0|
    |mult_37_reg_65525       |    64|   0|    64|          0|
    |mult_38_reg_65530       |    64|   0|    64|          0|
    |mult_39_reg_65535       |    64|   0|    64|          0|
    |mult_3_reg_65360        |    64|   0|    64|          0|
    |mult_40_reg_65540       |    64|   0|    64|          0|
    |mult_41_reg_65545       |    64|   0|    64|          0|
    |mult_42_reg_65550       |    64|   0|    64|          0|
    |mult_43_reg_65555       |    64|   0|    64|          0|
    |mult_44_reg_65560       |    64|   0|    64|          0|
    |mult_45_reg_65565       |    64|   0|    64|          0|
    |mult_46_reg_65570       |    64|   0|    64|          0|
    |mult_48_reg_65575       |    64|   0|    64|          0|
    |mult_49_reg_65580       |    64|   0|    64|          0|
    |mult_4_reg_65365        |    64|   0|    64|          0|
    |mult_50_reg_65585       |    64|   0|    64|          0|
    |mult_51_reg_65590       |    64|   0|    64|          0|
    |mult_52_reg_65595       |    64|   0|    64|          0|
    |mult_53_reg_65600       |    64|   0|    64|          0|
    |mult_54_reg_65605       |    64|   0|    64|          0|
    |mult_55_reg_65610       |    64|   0|    64|          0|
    |mult_56_reg_65615       |    64|   0|    64|          0|
    |mult_57_reg_65620       |    64|   0|    64|          0|
    |mult_58_reg_65625       |    64|   0|    64|          0|
    |mult_59_reg_65630       |    64|   0|    64|          0|
    |mult_5_reg_65370        |    64|   0|    64|          0|
    |mult_60_reg_65635       |    64|   0|    64|          0|
    |mult_61_reg_65640       |    64|   0|    64|          0|
    |mult_62_reg_65645       |    64|   0|    64|          0|
    |mult_6_reg_65375        |    64|   0|    64|          0|
    |mult_7_reg_65380        |    64|   0|    64|          0|
    |mult_8_reg_65385        |    64|   0|    64|          0|
    |mult_9_reg_65390        |    64|   0|    64|          0|
    |mult_s_reg_65395        |    64|   0|    64|          0|
    |reg_43019               |    64|   0|    64|          0|
    |reg_43025               |    64|   0|    64|          0|
    |reg_43031               |    64|   0|    64|          0|
    |reg_43038               |    64|   0|    64|          0|
    |reg_43045               |    64|   0|    64|          0|
    |reg_43052               |    64|   0|    64|          0|
    |reg_43058               |    64|   0|    64|          0|
    |reg_43065               |    64|   0|    64|          0|
    |reg_43071               |    64|   0|    64|          0|
    |reg_43077               |    64|   0|    64|          0|
    |reg_43083               |    64|   0|    64|          0|
    |reg_43089               |    64|   0|    64|          0|
    |reg_43095               |    64|   0|    64|          0|
    |reg_43101               |    64|   0|    64|          0|
    |reg_43170               |    64|   0|    64|          0|
    |reg_43176               |    64|   0|    64|          0|
    |reg_43182               |    64|   0|    64|          0|
    |reg_43187               |    64|   0|    64|          0|
    |reg_43192               |    64|   0|    64|          0|
    |reg_43197               |    64|   0|    64|          0|
    |reg_43203               |    64|   0|    64|          0|
    |reg_43208               |    64|   0|    64|          0|
    |reg_43213               |    64|   0|    64|          0|
    |reg_43219               |    64|   0|    64|          0|
    |reg_43224               |    64|   0|    64|          0|
    |reg_43229               |    64|   0|    64|          0|
    |reg_43235               |    64|   0|    64|          0|
    |reg_43241               |    64|   0|    64|          0|
    |reg_43246               |    64|   0|    64|          0|
    |reg_43251               |    64|   0|    64|          0|
    |reg_43256               |    64|   0|    64|          0|
    |reg_43261               |    64|   0|    64|          0|
    |reg_43266               |    64|   0|    64|          0|
    |reg_43272               |    64|   0|    64|          0|
    |reg_43277               |    64|   0|    64|          0|
    |reg_43282               |    64|   0|    64|          0|
    |reg_43287               |    64|   0|    64|          0|
    |reg_43292               |    64|   0|    64|          0|
    |reg_43298               |    64|   0|    64|          0|
    |reg_43303               |    64|   0|    64|          0|
    |reg_43308               |    64|   0|    64|          0|
    |reg_43313               |    64|   0|    64|          0|
    |reg_43318               |    64|   0|    64|          0|
    |reg_43323               |    64|   0|    64|          0|
    |reg_43328               |    64|   0|    64|          0|
    |reg_43333               |    64|   0|    64|          0|
    |reg_43338               |    64|   0|    64|          0|
    |reg_43343               |    64|   0|    64|          0|
    |reg_43348               |    64|   0|    64|          0|
    |reg_43353               |    64|   0|    64|          0|
    |reg_43359               |    64|   0|    64|          0|
    |reg_43364               |    64|   0|    64|          0|
    |reg_43369               |    64|   0|    64|          0|
    |reg_43374               |    64|   0|    64|          0|
    |reg_43379               |    64|   0|    64|          0|
    |reg_43384               |    64|   0|    64|          0|
    |reg_43389               |    64|   0|    64|          0|
    |reg_43394               |    64|   0|    64|          0|
    |reg_43399               |    64|   0|    64|          0|
    |reg_43404               |    64|   0|    64|          0|
    |reg_43409               |    64|   0|    64|          0|
    |reg_43414               |    64|   0|    64|          0|
    |reg_43419               |    64|   0|    64|          0|
    |reg_43424               |    64|   0|    64|          0|
    |reg_43429               |    64|   0|    64|          0|
    |reg_43435               |    64|   0|    64|          0|
    |reg_43440               |    64|   0|    64|          0|
    |reg_43445               |    64|   0|    64|          0|
    |reg_43450               |    64|   0|    64|          0|
    |reg_43455               |    64|   0|    64|          0|
    |reg_43460               |    64|   0|    64|          0|
    |reg_43465               |    64|   0|    64|          0|
    |reg_43470               |    64|   0|    64|          0|
    |reg_43475               |    64|   0|    64|          0|
    |reg_43480               |    64|   0|    64|          0|
    |reg_43485               |    64|   0|    64|          0|
    |reg_43490               |    64|   0|    64|          0|
    |reg_43496               |    64|   0|    64|          0|
    |reg_43501               |    64|   0|    64|          0|
    |reg_43507               |    64|   0|    64|          0|
    |reg_43512               |    64|   0|    64|          0|
    |reg_43517               |    64|   0|    64|          0|
    |reg_43522               |    64|   0|    64|          0|
    |reg_43527               |    64|   0|    64|          0|
    |reg_43533               |    64|   0|    64|          0|
    |reg_43539               |    64|   0|    64|          0|
    |reg_43545               |    64|   0|    64|          0|
    |reg_43550               |    64|   0|    64|          0|
    |reg_43556               |    64|   0|    64|          0|
    |reg_43562               |    64|   0|    64|          0|
    |reg_43568               |    64|   0|    64|          0|
    |reg_43574               |    64|   0|    64|          0|
    |reg_43580               |    64|   0|    64|          0|
    |reg_43586               |    64|   0|    64|          0|
    |reg_43592               |    64|   0|    64|          0|
    |reg_43598               |    64|   0|    64|          0|
    |reg_43603               |    64|   0|    64|          0|
    |reg_43609               |    64|   0|    64|          0|
    |reg_43615               |    64|   0|    64|          0|
    |reg_43621               |    64|   0|    64|          0|
    |reg_43626               |    64|   0|    64|          0|
    |reg_43631               |    64|   0|    64|          0|
    |reg_43637               |    64|   0|    64|          0|
    |reg_43643               |    64|   0|    64|          0|
    |reg_43648               |    64|   0|    64|          0|
    |reg_43654               |    64|   0|    64|          0|
    |reg_43660               |    64|   0|    64|          0|
    |reg_43666               |    64|   0|    64|          0|
    |reg_43672               |    64|   0|    64|          0|
    |reg_43678               |    64|   0|    64|          0|
    |reg_43683               |    64|   0|    64|          0|
    |reg_43689               |    64|   0|    64|          0|
    |reg_43695               |    64|   0|    64|          0|
    |reg_43701               |    64|   0|    64|          0|
    |reg_43707               |    64|   0|    64|          0|
    |reg_43713               |    64|   0|    64|          0|
    |reg_43719               |    64|   0|    64|          0|
    |reg_43725               |    64|   0|    64|          0|
    |reg_43730               |    64|   0|    64|          0|
    |reg_43736               |    64|   0|    64|          0|
    |reg_43742               |    64|   0|    64|          0|
    |reg_43747               |    64|   0|    64|          0|
    |reg_43752               |    64|   0|    64|          0|
    |reg_43758               |    64|   0|    64|          0|
    |reg_43764               |    64|   0|    64|          0|
    |reg_43769               |    64|   0|    64|          0|
    |reg_43774               |    64|   0|    64|          0|
    |reg_43780               |    64|   0|    64|          0|
    |reg_43786               |    64|   0|    64|          0|
    |reg_43791               |    64|   0|    64|          0|
    |reg_43797               |    64|   0|    64|          0|
    |reg_43803               |    64|   0|    64|          0|
    |reg_43808               |    64|   0|    64|          0|
    |reg_43813               |    64|   0|    64|          0|
    |reg_43818               |    64|   0|    64|          0|
    |reg_43824               |    64|   0|    64|          0|
    |reg_43829               |    64|   0|    64|          0|
    |reg_43835               |    64|   0|    64|          0|
    |reg_43841               |    64|   0|    64|          0|
    |reg_43847               |    64|   0|    64|          0|
    |reg_43852               |    64|   0|    64|          0|
    |reg_43858               |    64|   0|    64|          0|
    |reg_43864               |    64|   0|    64|          0|
    |reg_43870               |    64|   0|    64|          0|
    |reg_43876               |    64|   0|    64|          0|
    |reg_43881               |    64|   0|    64|          0|
    |reg_43887               |    64|   0|    64|          0|
    |reg_43892               |    64|   0|    64|          0|
    |reg_43897               |    64|   0|    64|          0|
    |reg_43903               |    64|   0|    64|          0|
    |reg_43909               |    64|   0|    64|          0|
    |reg_43915               |    64|   0|    64|          0|
    |reg_43920               |    64|   0|    64|          0|
    |reg_43925               |    64|   0|    64|          0|
    |reg_43931               |    64|   0|    64|          0|
    |reg_43937               |    64|   0|    64|          0|
    |reg_43943               |    64|   0|    64|          0|
    |reg_43949               |    64|   0|    64|          0|
    |reg_43955               |    64|   0|    64|          0|
    |reg_43960               |    64|   0|    64|          0|
    |reg_43966               |    64|   0|    64|          0|
    |reg_43972               |    64|   0|    64|          0|
    |reg_43978               |    64|   0|    64|          0|
    |reg_43984               |    64|   0|    64|          0|
    |reg_43990               |    64|   0|    64|          0|
    |reg_43995               |    64|   0|    64|          0|
    |reg_44000               |    64|   0|    64|          0|
    |reg_44006               |    64|   0|    64|          0|
    |reg_44012               |    64|   0|    64|          0|
    |reg_44018               |    64|   0|    64|          0|
    |reg_44024               |    64|   0|    64|          0|
    |reg_44030               |    64|   0|    64|          0|
    |reg_44036               |    64|   0|    64|          0|
    |reg_44041               |    64|   0|    64|          0|
    |reg_44047               |    64|   0|    64|          0|
    |reg_44053               |    64|   0|    64|          0|
    |reg_44059               |    64|   0|    64|          0|
    |reg_44065               |    64|   0|    64|          0|
    |reg_44071               |    64|   0|    64|          0|
    |reg_44076               |    64|   0|    64|          0|
    |reg_44082               |    64|   0|    64|          0|
    |reg_44087               |    64|   0|    64|          0|
    |reg_44093               |    64|   0|    64|          0|
    |reg_44099               |    64|   0|    64|          0|
    |reg_44104               |    64|   0|    64|          0|
    |reg_44109               |    64|   0|    64|          0|
    |reg_44114               |    64|   0|    64|          0|
    |reg_44120               |    64|   0|    64|          0|
    |reg_44126               |    64|   0|    64|          0|
    |reg_44132               |    64|   0|    64|          0|
    |reg_44138               |    64|   0|    64|          0|
    |reg_44143               |    64|   0|    64|          0|
    |reg_44148               |    64|   0|    64|          0|
    |reg_44153               |    64|   0|    64|          0|
    |reg_44158               |    64|   0|    64|          0|
    |reg_44164               |    64|   0|    64|          0|
    |reg_44170               |    64|   0|    64|          0|
    |reg_44175               |    64|   0|    64|          0|
    |reg_44181               |    64|   0|    64|          0|
    |reg_44187               |    64|   0|    64|          0|
    |reg_44193               |    64|   0|    64|          0|
    |reg_44198               |    64|   0|    64|          0|
    |reg_44204               |    64|   0|    64|          0|
    |reg_44210               |    64|   0|    64|          0|
    |reg_44216               |    64|   0|    64|          0|
    |reg_44221               |    64|   0|    64|          0|
    |reg_44226               |    64|   0|    64|          0|
    |reg_44232               |    64|   0|    64|          0|
    |reg_44238               |    64|   0|    64|          0|
    |reg_44244               |    64|   0|    64|          0|
    |reg_44249               |    64|   0|    64|          0|
    |reg_44255               |    64|   0|    64|          0|
    |reg_44261               |    64|   0|    64|          0|
    |reg_44267               |    64|   0|    64|          0|
    |reg_44272               |    64|   0|    64|          0|
    |sum_6_reg_65650         |    64|   0|    64|          0|
    |zext_ln14_reg_65064     |     7|   0|    64|         57|
    +------------------------+------+----+------+-----------+
    |Total                   | 26465|   0| 26522|         57|
    +------------------------+------+----+------+-----------+



================================================================
== Interface
================================================================
* Summary: 
+------------------+-----+-----+------------+--------------+--------------+
|     RTL Ports    | Dir | Bits|  Protocol  | Source Object|    C Type    |
+------------------+-----+-----+------------+--------------+--------------+
|ap_clk            |  in |    1| ap_ctrl_hs |     gemm     | return value |
|ap_rst            |  in |    1| ap_ctrl_hs |     gemm     | return value |
|ap_start          |  in |    1| ap_ctrl_hs |     gemm     | return value |
|ap_done           | out |    1| ap_ctrl_hs |     gemm     | return value |
|ap_idle           | out |    1| ap_ctrl_hs |     gemm     | return value |
|ap_ready          | out |    1| ap_ctrl_hs |     gemm     | return value |
|m1_0_address0     | out |    6|  ap_memory |     m1_0     |     array    |
|m1_0_ce0          | out |    1|  ap_memory |     m1_0     |     array    |
|m1_0_q0           |  in |   64|  ap_memory |     m1_0     |     array    |
|m1_0_address1     | out |    6|  ap_memory |     m1_0     |     array    |
|m1_0_ce1          | out |    1|  ap_memory |     m1_0     |     array    |
|m1_0_q1           |  in |   64|  ap_memory |     m1_0     |     array    |
|m1_1_address0     | out |    6|  ap_memory |     m1_1     |     array    |
|m1_1_ce0          | out |    1|  ap_memory |     m1_1     |     array    |
|m1_1_q0           |  in |   64|  ap_memory |     m1_1     |     array    |
|m1_2_address0     | out |    6|  ap_memory |     m1_2     |     array    |
|m1_2_ce0          | out |    1|  ap_memory |     m1_2     |     array    |
|m1_2_q0           |  in |   64|  ap_memory |     m1_2     |     array    |
|m1_3_address0     | out |    6|  ap_memory |     m1_3     |     array    |
|m1_3_ce0          | out |    1|  ap_memory |     m1_3     |     array    |
|m1_3_q0           |  in |   64|  ap_memory |     m1_3     |     array    |
|m1_4_address0     | out |    6|  ap_memory |     m1_4     |     array    |
|m1_4_ce0          | out |    1|  ap_memory |     m1_4     |     array    |
|m1_4_q0           |  in |   64|  ap_memory |     m1_4     |     array    |
|m1_5_address0     | out |    6|  ap_memory |     m1_5     |     array    |
|m1_5_ce0          | out |    1|  ap_memory |     m1_5     |     array    |
|m1_5_q0           |  in |   64|  ap_memory |     m1_5     |     array    |
|m1_6_address0     | out |    6|  ap_memory |     m1_6     |     array    |
|m1_6_ce0          | out |    1|  ap_memory |     m1_6     |     array    |
|m1_6_q0           |  in |   64|  ap_memory |     m1_6     |     array    |
|m1_7_address0     | out |    6|  ap_memory |     m1_7     |     array    |
|m1_7_ce0          | out |    1|  ap_memory |     m1_7     |     array    |
|m1_7_q0           |  in |   64|  ap_memory |     m1_7     |     array    |
|m1_8_address0     | out |    6|  ap_memory |     m1_8     |     array    |
|m1_8_ce0          | out |    1|  ap_memory |     m1_8     |     array    |
|m1_8_q0           |  in |   64|  ap_memory |     m1_8     |     array    |
|m1_9_address0     | out |    6|  ap_memory |     m1_9     |     array    |
|m1_9_ce0          | out |    1|  ap_memory |     m1_9     |     array    |
|m1_9_q0           |  in |   64|  ap_memory |     m1_9     |     array    |
|m1_10_address0    | out |    6|  ap_memory |     m1_10    |     array    |
|m1_10_ce0         | out |    1|  ap_memory |     m1_10    |     array    |
|m1_10_q0          |  in |   64|  ap_memory |     m1_10    |     array    |
|m1_11_address0    | out |    6|  ap_memory |     m1_11    |     array    |
|m1_11_ce0         | out |    1|  ap_memory |     m1_11    |     array    |
|m1_11_q0          |  in |   64|  ap_memory |     m1_11    |     array    |
|m1_12_address0    | out |    6|  ap_memory |     m1_12    |     array    |
|m1_12_ce0         | out |    1|  ap_memory |     m1_12    |     array    |
|m1_12_q0          |  in |   64|  ap_memory |     m1_12    |     array    |
|m1_13_address0    | out |    6|  ap_memory |     m1_13    |     array    |
|m1_13_ce0         | out |    1|  ap_memory |     m1_13    |     array    |
|m1_13_q0          |  in |   64|  ap_memory |     m1_13    |     array    |
|m1_14_address0    | out |    6|  ap_memory |     m1_14    |     array    |
|m1_14_ce0         | out |    1|  ap_memory |     m1_14    |     array    |
|m1_14_q0          |  in |   64|  ap_memory |     m1_14    |     array    |
|m1_15_address0    | out |    6|  ap_memory |     m1_15    |     array    |
|m1_15_ce0         | out |    1|  ap_memory |     m1_15    |     array    |
|m1_15_q0          |  in |   64|  ap_memory |     m1_15    |     array    |
|m1_16_address0    | out |    6|  ap_memory |     m1_16    |     array    |
|m1_16_ce0         | out |    1|  ap_memory |     m1_16    |     array    |
|m1_16_q0          |  in |   64|  ap_memory |     m1_16    |     array    |
|m1_17_address0    | out |    6|  ap_memory |     m1_17    |     array    |
|m1_17_ce0         | out |    1|  ap_memory |     m1_17    |     array    |
|m1_17_q0          |  in |   64|  ap_memory |     m1_17    |     array    |
|m1_18_address0    | out |    6|  ap_memory |     m1_18    |     array    |
|m1_18_ce0         | out |    1|  ap_memory |     m1_18    |     array    |
|m1_18_q0          |  in |   64|  ap_memory |     m1_18    |     array    |
|m1_19_address0    | out |    6|  ap_memory |     m1_19    |     array    |
|m1_19_ce0         | out |    1|  ap_memory |     m1_19    |     array    |
|m1_19_q0          |  in |   64|  ap_memory |     m1_19    |     array    |
|m1_20_address0    | out |    6|  ap_memory |     m1_20    |     array    |
|m1_20_ce0         | out |    1|  ap_memory |     m1_20    |     array    |
|m1_20_q0          |  in |   64|  ap_memory |     m1_20    |     array    |
|m1_21_address0    | out |    6|  ap_memory |     m1_21    |     array    |
|m1_21_ce0         | out |    1|  ap_memory |     m1_21    |     array    |
|m1_21_q0          |  in |   64|  ap_memory |     m1_21    |     array    |
|m1_22_address0    | out |    6|  ap_memory |     m1_22    |     array    |
|m1_22_ce0         | out |    1|  ap_memory |     m1_22    |     array    |
|m1_22_q0          |  in |   64|  ap_memory |     m1_22    |     array    |
|m1_23_address0    | out |    6|  ap_memory |     m1_23    |     array    |
|m1_23_ce0         | out |    1|  ap_memory |     m1_23    |     array    |
|m1_23_q0          |  in |   64|  ap_memory |     m1_23    |     array    |
|m1_24_address0    | out |    6|  ap_memory |     m1_24    |     array    |
|m1_24_ce0         | out |    1|  ap_memory |     m1_24    |     array    |
|m1_24_q0          |  in |   64|  ap_memory |     m1_24    |     array    |
|m1_25_address0    | out |    6|  ap_memory |     m1_25    |     array    |
|m1_25_ce0         | out |    1|  ap_memory |     m1_25    |     array    |
|m1_25_q0          |  in |   64|  ap_memory |     m1_25    |     array    |
|m1_26_address0    | out |    6|  ap_memory |     m1_26    |     array    |
|m1_26_ce0         | out |    1|  ap_memory |     m1_26    |     array    |
|m1_26_q0          |  in |   64|  ap_memory |     m1_26    |     array    |
|m1_27_address0    | out |    6|  ap_memory |     m1_27    |     array    |
|m1_27_ce0         | out |    1|  ap_memory |     m1_27    |     array    |
|m1_27_q0          |  in |   64|  ap_memory |     m1_27    |     array    |
|m1_28_address0    | out |    6|  ap_memory |     m1_28    |     array    |
|m1_28_ce0         | out |    1|  ap_memory |     m1_28    |     array    |
|m1_28_q0          |  in |   64|  ap_memory |     m1_28    |     array    |
|m1_29_address0    | out |    6|  ap_memory |     m1_29    |     array    |
|m1_29_ce0         | out |    1|  ap_memory |     m1_29    |     array    |
|m1_29_q0          |  in |   64|  ap_memory |     m1_29    |     array    |
|m1_30_address0    | out |    6|  ap_memory |     m1_30    |     array    |
|m1_30_ce0         | out |    1|  ap_memory |     m1_30    |     array    |
|m1_30_q0          |  in |   64|  ap_memory |     m1_30    |     array    |
|m1_31_address0    | out |    6|  ap_memory |     m1_31    |     array    |
|m1_31_ce0         | out |    1|  ap_memory |     m1_31    |     array    |
|m1_31_q0          |  in |   64|  ap_memory |     m1_31    |     array    |
|m1_32_address0    | out |    6|  ap_memory |     m1_32    |     array    |
|m1_32_ce0         | out |    1|  ap_memory |     m1_32    |     array    |
|m1_32_q0          |  in |   64|  ap_memory |     m1_32    |     array    |
|m1_33_address0    | out |    6|  ap_memory |     m1_33    |     array    |
|m1_33_ce0         | out |    1|  ap_memory |     m1_33    |     array    |
|m1_33_q0          |  in |   64|  ap_memory |     m1_33    |     array    |
|m1_34_address0    | out |    6|  ap_memory |     m1_34    |     array    |
|m1_34_ce0         | out |    1|  ap_memory |     m1_34    |     array    |
|m1_34_q0          |  in |   64|  ap_memory |     m1_34    |     array    |
|m1_35_address0    | out |    6|  ap_memory |     m1_35    |     array    |
|m1_35_ce0         | out |    1|  ap_memory |     m1_35    |     array    |
|m1_35_q0          |  in |   64|  ap_memory |     m1_35    |     array    |
|m1_36_address0    | out |    6|  ap_memory |     m1_36    |     array    |
|m1_36_ce0         | out |    1|  ap_memory |     m1_36    |     array    |
|m1_36_q0          |  in |   64|  ap_memory |     m1_36    |     array    |
|m1_37_address0    | out |    6|  ap_memory |     m1_37    |     array    |
|m1_37_ce0         | out |    1|  ap_memory |     m1_37    |     array    |
|m1_37_q0          |  in |   64|  ap_memory |     m1_37    |     array    |
|m1_38_address0    | out |    6|  ap_memory |     m1_38    |     array    |
|m1_38_ce0         | out |    1|  ap_memory |     m1_38    |     array    |
|m1_38_q0          |  in |   64|  ap_memory |     m1_38    |     array    |
|m1_39_address0    | out |    6|  ap_memory |     m1_39    |     array    |
|m1_39_ce0         | out |    1|  ap_memory |     m1_39    |     array    |
|m1_39_q0          |  in |   64|  ap_memory |     m1_39    |     array    |
|m1_40_address0    | out |    6|  ap_memory |     m1_40    |     array    |
|m1_40_ce0         | out |    1|  ap_memory |     m1_40    |     array    |
|m1_40_q0          |  in |   64|  ap_memory |     m1_40    |     array    |
|m1_41_address0    | out |    6|  ap_memory |     m1_41    |     array    |
|m1_41_ce0         | out |    1|  ap_memory |     m1_41    |     array    |
|m1_41_q0          |  in |   64|  ap_memory |     m1_41    |     array    |
|m1_42_address0    | out |    6|  ap_memory |     m1_42    |     array    |
|m1_42_ce0         | out |    1|  ap_memory |     m1_42    |     array    |
|m1_42_q0          |  in |   64|  ap_memory |     m1_42    |     array    |
|m1_43_address0    | out |    6|  ap_memory |     m1_43    |     array    |
|m1_43_ce0         | out |    1|  ap_memory |     m1_43    |     array    |
|m1_43_q0          |  in |   64|  ap_memory |     m1_43    |     array    |
|m1_44_address0    | out |    6|  ap_memory |     m1_44    |     array    |
|m1_44_ce0         | out |    1|  ap_memory |     m1_44    |     array    |
|m1_44_q0          |  in |   64|  ap_memory |     m1_44    |     array    |
|m1_45_address0    | out |    6|  ap_memory |     m1_45    |     array    |
|m1_45_ce0         | out |    1|  ap_memory |     m1_45    |     array    |
|m1_45_q0          |  in |   64|  ap_memory |     m1_45    |     array    |
|m1_46_address0    | out |    6|  ap_memory |     m1_46    |     array    |
|m1_46_ce0         | out |    1|  ap_memory |     m1_46    |     array    |
|m1_46_q0          |  in |   64|  ap_memory |     m1_46    |     array    |
|m1_47_address0    | out |    6|  ap_memory |     m1_47    |     array    |
|m1_47_ce0         | out |    1|  ap_memory |     m1_47    |     array    |
|m1_47_q0          |  in |   64|  ap_memory |     m1_47    |     array    |
|m1_48_address0    | out |    6|  ap_memory |     m1_48    |     array    |
|m1_48_ce0         | out |    1|  ap_memory |     m1_48    |     array    |
|m1_48_q0          |  in |   64|  ap_memory |     m1_48    |     array    |
|m1_49_address0    | out |    6|  ap_memory |     m1_49    |     array    |
|m1_49_ce0         | out |    1|  ap_memory |     m1_49    |     array    |
|m1_49_q0          |  in |   64|  ap_memory |     m1_49    |     array    |
|m1_50_address0    | out |    6|  ap_memory |     m1_50    |     array    |
|m1_50_ce0         | out |    1|  ap_memory |     m1_50    |     array    |
|m1_50_q0          |  in |   64|  ap_memory |     m1_50    |     array    |
|m1_51_address0    | out |    6|  ap_memory |     m1_51    |     array    |
|m1_51_ce0         | out |    1|  ap_memory |     m1_51    |     array    |
|m1_51_q0          |  in |   64|  ap_memory |     m1_51    |     array    |
|m1_52_address0    | out |    6|  ap_memory |     m1_52    |     array    |
|m1_52_ce0         | out |    1|  ap_memory |     m1_52    |     array    |
|m1_52_q0          |  in |   64|  ap_memory |     m1_52    |     array    |
|m1_53_address0    | out |    6|  ap_memory |     m1_53    |     array    |
|m1_53_ce0         | out |    1|  ap_memory |     m1_53    |     array    |
|m1_53_q0          |  in |   64|  ap_memory |     m1_53    |     array    |
|m1_54_address0    | out |    6|  ap_memory |     m1_54    |     array    |
|m1_54_ce0         | out |    1|  ap_memory |     m1_54    |     array    |
|m1_54_q0          |  in |   64|  ap_memory |     m1_54    |     array    |
|m1_55_address0    | out |    6|  ap_memory |     m1_55    |     array    |
|m1_55_ce0         | out |    1|  ap_memory |     m1_55    |     array    |
|m1_55_q0          |  in |   64|  ap_memory |     m1_55    |     array    |
|m1_56_address0    | out |    6|  ap_memory |     m1_56    |     array    |
|m1_56_ce0         | out |    1|  ap_memory |     m1_56    |     array    |
|m1_56_q0          |  in |   64|  ap_memory |     m1_56    |     array    |
|m1_57_address0    | out |    6|  ap_memory |     m1_57    |     array    |
|m1_57_ce0         | out |    1|  ap_memory |     m1_57    |     array    |
|m1_57_q0          |  in |   64|  ap_memory |     m1_57    |     array    |
|m1_58_address0    | out |    6|  ap_memory |     m1_58    |     array    |
|m1_58_ce0         | out |    1|  ap_memory |     m1_58    |     array    |
|m1_58_q0          |  in |   64|  ap_memory |     m1_58    |     array    |
|m1_59_address0    | out |    6|  ap_memory |     m1_59    |     array    |
|m1_59_ce0         | out |    1|  ap_memory |     m1_59    |     array    |
|m1_59_q0          |  in |   64|  ap_memory |     m1_59    |     array    |
|m1_60_address0    | out |    6|  ap_memory |     m1_60    |     array    |
|m1_60_ce0         | out |    1|  ap_memory |     m1_60    |     array    |
|m1_60_q0          |  in |   64|  ap_memory |     m1_60    |     array    |
|m1_61_address0    | out |    6|  ap_memory |     m1_61    |     array    |
|m1_61_ce0         | out |    1|  ap_memory |     m1_61    |     array    |
|m1_61_q0          |  in |   64|  ap_memory |     m1_61    |     array    |
|m1_62_address0    | out |    6|  ap_memory |     m1_62    |     array    |
|m1_62_ce0         | out |    1|  ap_memory |     m1_62    |     array    |
|m1_62_q0          |  in |   64|  ap_memory |     m1_62    |     array    |
|m1_63_address0    | out |    6|  ap_memory |     m1_63    |     array    |
|m1_63_ce0         | out |    1|  ap_memory |     m1_63    |     array    |
|m1_63_q0          |  in |   64|  ap_memory |     m1_63    |     array    |
|m2_address0       | out |   12|  ap_memory |      m2      |     array    |
|m2_ce0            | out |    1|  ap_memory |      m2      |     array    |
|m2_q0             |  in |   64|  ap_memory |      m2      |     array    |
|prod_0_address0   | out |    6|  ap_memory |    prod_0    |     array    |
|prod_0_ce0        | out |    1|  ap_memory |    prod_0    |     array    |
|prod_0_we0        | out |    1|  ap_memory |    prod_0    |     array    |
|prod_0_d0         | out |   64|  ap_memory |    prod_0    |     array    |
|prod_1_address0   | out |    6|  ap_memory |    prod_1    |     array    |
|prod_1_ce0        | out |    1|  ap_memory |    prod_1    |     array    |
|prod_1_we0        | out |    1|  ap_memory |    prod_1    |     array    |
|prod_1_d0         | out |   64|  ap_memory |    prod_1    |     array    |
|prod_2_address0   | out |    6|  ap_memory |    prod_2    |     array    |
|prod_2_ce0        | out |    1|  ap_memory |    prod_2    |     array    |
|prod_2_we0        | out |    1|  ap_memory |    prod_2    |     array    |
|prod_2_d0         | out |   64|  ap_memory |    prod_2    |     array    |
|prod_3_address0   | out |    6|  ap_memory |    prod_3    |     array    |
|prod_3_ce0        | out |    1|  ap_memory |    prod_3    |     array    |
|prod_3_we0        | out |    1|  ap_memory |    prod_3    |     array    |
|prod_3_d0         | out |   64|  ap_memory |    prod_3    |     array    |
|prod_4_address0   | out |    6|  ap_memory |    prod_4    |     array    |
|prod_4_ce0        | out |    1|  ap_memory |    prod_4    |     array    |
|prod_4_we0        | out |    1|  ap_memory |    prod_4    |     array    |
|prod_4_d0         | out |   64|  ap_memory |    prod_4    |     array    |
|prod_5_address0   | out |    6|  ap_memory |    prod_5    |     array    |
|prod_5_ce0        | out |    1|  ap_memory |    prod_5    |     array    |
|prod_5_we0        | out |    1|  ap_memory |    prod_5    |     array    |
|prod_5_d0         | out |   64|  ap_memory |    prod_5    |     array    |
|prod_6_address0   | out |    6|  ap_memory |    prod_6    |     array    |
|prod_6_ce0        | out |    1|  ap_memory |    prod_6    |     array    |
|prod_6_we0        | out |    1|  ap_memory |    prod_6    |     array    |
|prod_6_d0         | out |   64|  ap_memory |    prod_6    |     array    |
|prod_7_address0   | out |    6|  ap_memory |    prod_7    |     array    |
|prod_7_ce0        | out |    1|  ap_memory |    prod_7    |     array    |
|prod_7_we0        | out |    1|  ap_memory |    prod_7    |     array    |
|prod_7_d0         | out |   64|  ap_memory |    prod_7    |     array    |
|prod_8_address0   | out |    6|  ap_memory |    prod_8    |     array    |
|prod_8_ce0        | out |    1|  ap_memory |    prod_8    |     array    |
|prod_8_we0        | out |    1|  ap_memory |    prod_8    |     array    |
|prod_8_d0         | out |   64|  ap_memory |    prod_8    |     array    |
|prod_9_address0   | out |    6|  ap_memory |    prod_9    |     array    |
|prod_9_ce0        | out |    1|  ap_memory |    prod_9    |     array    |
|prod_9_we0        | out |    1|  ap_memory |    prod_9    |     array    |
|prod_9_d0         | out |   64|  ap_memory |    prod_9    |     array    |
|prod_10_address0  | out |    6|  ap_memory |    prod_10   |     array    |
|prod_10_ce0       | out |    1|  ap_memory |    prod_10   |     array    |
|prod_10_we0       | out |    1|  ap_memory |    prod_10   |     array    |
|prod_10_d0        | out |   64|  ap_memory |    prod_10   |     array    |
|prod_11_address0  | out |    6|  ap_memory |    prod_11   |     array    |
|prod_11_ce0       | out |    1|  ap_memory |    prod_11   |     array    |
|prod_11_we0       | out |    1|  ap_memory |    prod_11   |     array    |
|prod_11_d0        | out |   64|  ap_memory |    prod_11   |     array    |
|prod_12_address0  | out |    6|  ap_memory |    prod_12   |     array    |
|prod_12_ce0       | out |    1|  ap_memory |    prod_12   |     array    |
|prod_12_we0       | out |    1|  ap_memory |    prod_12   |     array    |
|prod_12_d0        | out |   64|  ap_memory |    prod_12   |     array    |
|prod_13_address0  | out |    6|  ap_memory |    prod_13   |     array    |
|prod_13_ce0       | out |    1|  ap_memory |    prod_13   |     array    |
|prod_13_we0       | out |    1|  ap_memory |    prod_13   |     array    |
|prod_13_d0        | out |   64|  ap_memory |    prod_13   |     array    |
|prod_14_address0  | out |    6|  ap_memory |    prod_14   |     array    |
|prod_14_ce0       | out |    1|  ap_memory |    prod_14   |     array    |
|prod_14_we0       | out |    1|  ap_memory |    prod_14   |     array    |
|prod_14_d0        | out |   64|  ap_memory |    prod_14   |     array    |
|prod_15_address0  | out |    6|  ap_memory |    prod_15   |     array    |
|prod_15_ce0       | out |    1|  ap_memory |    prod_15   |     array    |
|prod_15_we0       | out |    1|  ap_memory |    prod_15   |     array    |
|prod_15_d0        | out |   64|  ap_memory |    prod_15   |     array    |
|prod_16_address0  | out |    6|  ap_memory |    prod_16   |     array    |
|prod_16_ce0       | out |    1|  ap_memory |    prod_16   |     array    |
|prod_16_we0       | out |    1|  ap_memory |    prod_16   |     array    |
|prod_16_d0        | out |   64|  ap_memory |    prod_16   |     array    |
|prod_17_address0  | out |    6|  ap_memory |    prod_17   |     array    |
|prod_17_ce0       | out |    1|  ap_memory |    prod_17   |     array    |
|prod_17_we0       | out |    1|  ap_memory |    prod_17   |     array    |
|prod_17_d0        | out |   64|  ap_memory |    prod_17   |     array    |
|prod_18_address0  | out |    6|  ap_memory |    prod_18   |     array    |
|prod_18_ce0       | out |    1|  ap_memory |    prod_18   |     array    |
|prod_18_we0       | out |    1|  ap_memory |    prod_18   |     array    |
|prod_18_d0        | out |   64|  ap_memory |    prod_18   |     array    |
|prod_19_address0  | out |    6|  ap_memory |    prod_19   |     array    |
|prod_19_ce0       | out |    1|  ap_memory |    prod_19   |     array    |
|prod_19_we0       | out |    1|  ap_memory |    prod_19   |     array    |
|prod_19_d0        | out |   64|  ap_memory |    prod_19   |     array    |
|prod_20_address0  | out |    6|  ap_memory |    prod_20   |     array    |
|prod_20_ce0       | out |    1|  ap_memory |    prod_20   |     array    |
|prod_20_we0       | out |    1|  ap_memory |    prod_20   |     array    |
|prod_20_d0        | out |   64|  ap_memory |    prod_20   |     array    |
|prod_21_address0  | out |    6|  ap_memory |    prod_21   |     array    |
|prod_21_ce0       | out |    1|  ap_memory |    prod_21   |     array    |
|prod_21_we0       | out |    1|  ap_memory |    prod_21   |     array    |
|prod_21_d0        | out |   64|  ap_memory |    prod_21   |     array    |
|prod_22_address0  | out |    6|  ap_memory |    prod_22   |     array    |
|prod_22_ce0       | out |    1|  ap_memory |    prod_22   |     array    |
|prod_22_we0       | out |    1|  ap_memory |    prod_22   |     array    |
|prod_22_d0        | out |   64|  ap_memory |    prod_22   |     array    |
|prod_23_address0  | out |    6|  ap_memory |    prod_23   |     array    |
|prod_23_ce0       | out |    1|  ap_memory |    prod_23   |     array    |
|prod_23_we0       | out |    1|  ap_memory |    prod_23   |     array    |
|prod_23_d0        | out |   64|  ap_memory |    prod_23   |     array    |
|prod_24_address0  | out |    6|  ap_memory |    prod_24   |     array    |
|prod_24_ce0       | out |    1|  ap_memory |    prod_24   |     array    |
|prod_24_we0       | out |    1|  ap_memory |    prod_24   |     array    |
|prod_24_d0        | out |   64|  ap_memory |    prod_24   |     array    |
|prod_25_address0  | out |    6|  ap_memory |    prod_25   |     array    |
|prod_25_ce0       | out |    1|  ap_memory |    prod_25   |     array    |
|prod_25_we0       | out |    1|  ap_memory |    prod_25   |     array    |
|prod_25_d0        | out |   64|  ap_memory |    prod_25   |     array    |
|prod_26_address0  | out |    6|  ap_memory |    prod_26   |     array    |
|prod_26_ce0       | out |    1|  ap_memory |    prod_26   |     array    |
|prod_26_we0       | out |    1|  ap_memory |    prod_26   |     array    |
|prod_26_d0        | out |   64|  ap_memory |    prod_26   |     array    |
|prod_27_address0  | out |    6|  ap_memory |    prod_27   |     array    |
|prod_27_ce0       | out |    1|  ap_memory |    prod_27   |     array    |
|prod_27_we0       | out |    1|  ap_memory |    prod_27   |     array    |
|prod_27_d0        | out |   64|  ap_memory |    prod_27   |     array    |
|prod_28_address0  | out |    6|  ap_memory |    prod_28   |     array    |
|prod_28_ce0       | out |    1|  ap_memory |    prod_28   |     array    |
|prod_28_we0       | out |    1|  ap_memory |    prod_28   |     array    |
|prod_28_d0        | out |   64|  ap_memory |    prod_28   |     array    |
|prod_29_address0  | out |    6|  ap_memory |    prod_29   |     array    |
|prod_29_ce0       | out |    1|  ap_memory |    prod_29   |     array    |
|prod_29_we0       | out |    1|  ap_memory |    prod_29   |     array    |
|prod_29_d0        | out |   64|  ap_memory |    prod_29   |     array    |
|prod_30_address0  | out |    6|  ap_memory |    prod_30   |     array    |
|prod_30_ce0       | out |    1|  ap_memory |    prod_30   |     array    |
|prod_30_we0       | out |    1|  ap_memory |    prod_30   |     array    |
|prod_30_d0        | out |   64|  ap_memory |    prod_30   |     array    |
|prod_31_address0  | out |    6|  ap_memory |    prod_31   |     array    |
|prod_31_ce0       | out |    1|  ap_memory |    prod_31   |     array    |
|prod_31_we0       | out |    1|  ap_memory |    prod_31   |     array    |
|prod_31_d0        | out |   64|  ap_memory |    prod_31   |     array    |
|prod_32_address0  | out |    6|  ap_memory |    prod_32   |     array    |
|prod_32_ce0       | out |    1|  ap_memory |    prod_32   |     array    |
|prod_32_we0       | out |    1|  ap_memory |    prod_32   |     array    |
|prod_32_d0        | out |   64|  ap_memory |    prod_32   |     array    |
|prod_33_address0  | out |    6|  ap_memory |    prod_33   |     array    |
|prod_33_ce0       | out |    1|  ap_memory |    prod_33   |     array    |
|prod_33_we0       | out |    1|  ap_memory |    prod_33   |     array    |
|prod_33_d0        | out |   64|  ap_memory |    prod_33   |     array    |
|prod_34_address0  | out |    6|  ap_memory |    prod_34   |     array    |
|prod_34_ce0       | out |    1|  ap_memory |    prod_34   |     array    |
|prod_34_we0       | out |    1|  ap_memory |    prod_34   |     array    |
|prod_34_d0        | out |   64|  ap_memory |    prod_34   |     array    |
|prod_35_address0  | out |    6|  ap_memory |    prod_35   |     array    |
|prod_35_ce0       | out |    1|  ap_memory |    prod_35   |     array    |
|prod_35_we0       | out |    1|  ap_memory |    prod_35   |     array    |
|prod_35_d0        | out |   64|  ap_memory |    prod_35   |     array    |
|prod_36_address0  | out |    6|  ap_memory |    prod_36   |     array    |
|prod_36_ce0       | out |    1|  ap_memory |    prod_36   |     array    |
|prod_36_we0       | out |    1|  ap_memory |    prod_36   |     array    |
|prod_36_d0        | out |   64|  ap_memory |    prod_36   |     array    |
|prod_37_address0  | out |    6|  ap_memory |    prod_37   |     array    |
|prod_37_ce0       | out |    1|  ap_memory |    prod_37   |     array    |
|prod_37_we0       | out |    1|  ap_memory |    prod_37   |     array    |
|prod_37_d0        | out |   64|  ap_memory |    prod_37   |     array    |
|prod_38_address0  | out |    6|  ap_memory |    prod_38   |     array    |
|prod_38_ce0       | out |    1|  ap_memory |    prod_38   |     array    |
|prod_38_we0       | out |    1|  ap_memory |    prod_38   |     array    |
|prod_38_d0        | out |   64|  ap_memory |    prod_38   |     array    |
|prod_39_address0  | out |    6|  ap_memory |    prod_39   |     array    |
|prod_39_ce0       | out |    1|  ap_memory |    prod_39   |     array    |
|prod_39_we0       | out |    1|  ap_memory |    prod_39   |     array    |
|prod_39_d0        | out |   64|  ap_memory |    prod_39   |     array    |
|prod_40_address0  | out |    6|  ap_memory |    prod_40   |     array    |
|prod_40_ce0       | out |    1|  ap_memory |    prod_40   |     array    |
|prod_40_we0       | out |    1|  ap_memory |    prod_40   |     array    |
|prod_40_d0        | out |   64|  ap_memory |    prod_40   |     array    |
|prod_41_address0  | out |    6|  ap_memory |    prod_41   |     array    |
|prod_41_ce0       | out |    1|  ap_memory |    prod_41   |     array    |
|prod_41_we0       | out |    1|  ap_memory |    prod_41   |     array    |
|prod_41_d0        | out |   64|  ap_memory |    prod_41   |     array    |
|prod_42_address0  | out |    6|  ap_memory |    prod_42   |     array    |
|prod_42_ce0       | out |    1|  ap_memory |    prod_42   |     array    |
|prod_42_we0       | out |    1|  ap_memory |    prod_42   |     array    |
|prod_42_d0        | out |   64|  ap_memory |    prod_42   |     array    |
|prod_43_address0  | out |    6|  ap_memory |    prod_43   |     array    |
|prod_43_ce0       | out |    1|  ap_memory |    prod_43   |     array    |
|prod_43_we0       | out |    1|  ap_memory |    prod_43   |     array    |
|prod_43_d0        | out |   64|  ap_memory |    prod_43   |     array    |
|prod_44_address0  | out |    6|  ap_memory |    prod_44   |     array    |
|prod_44_ce0       | out |    1|  ap_memory |    prod_44   |     array    |
|prod_44_we0       | out |    1|  ap_memory |    prod_44   |     array    |
|prod_44_d0        | out |   64|  ap_memory |    prod_44   |     array    |
|prod_45_address0  | out |    6|  ap_memory |    prod_45   |     array    |
|prod_45_ce0       | out |    1|  ap_memory |    prod_45   |     array    |
|prod_45_we0       | out |    1|  ap_memory |    prod_45   |     array    |
|prod_45_d0        | out |   64|  ap_memory |    prod_45   |     array    |
|prod_46_address0  | out |    6|  ap_memory |    prod_46   |     array    |
|prod_46_ce0       | out |    1|  ap_memory |    prod_46   |     array    |
|prod_46_we0       | out |    1|  ap_memory |    prod_46   |     array    |
|prod_46_d0        | out |   64|  ap_memory |    prod_46   |     array    |
|prod_47_address0  | out |    6|  ap_memory |    prod_47   |     array    |
|prod_47_ce0       | out |    1|  ap_memory |    prod_47   |     array    |
|prod_47_we0       | out |    1|  ap_memory |    prod_47   |     array    |
|prod_47_d0        | out |   64|  ap_memory |    prod_47   |     array    |
|prod_48_address0  | out |    6|  ap_memory |    prod_48   |     array    |
|prod_48_ce0       | out |    1|  ap_memory |    prod_48   |     array    |
|prod_48_we0       | out |    1|  ap_memory |    prod_48   |     array    |
|prod_48_d0        | out |   64|  ap_memory |    prod_48   |     array    |
|prod_49_address0  | out |    6|  ap_memory |    prod_49   |     array    |
|prod_49_ce0       | out |    1|  ap_memory |    prod_49   |     array    |
|prod_49_we0       | out |    1|  ap_memory |    prod_49   |     array    |
|prod_49_d0        | out |   64|  ap_memory |    prod_49   |     array    |
|prod_50_address0  | out |    6|  ap_memory |    prod_50   |     array    |
|prod_50_ce0       | out |    1|  ap_memory |    prod_50   |     array    |
|prod_50_we0       | out |    1|  ap_memory |    prod_50   |     array    |
|prod_50_d0        | out |   64|  ap_memory |    prod_50   |     array    |
|prod_51_address0  | out |    6|  ap_memory |    prod_51   |     array    |
|prod_51_ce0       | out |    1|  ap_memory |    prod_51   |     array    |
|prod_51_we0       | out |    1|  ap_memory |    prod_51   |     array    |
|prod_51_d0        | out |   64|  ap_memory |    prod_51   |     array    |
|prod_52_address0  | out |    6|  ap_memory |    prod_52   |     array    |
|prod_52_ce0       | out |    1|  ap_memory |    prod_52   |     array    |
|prod_52_we0       | out |    1|  ap_memory |    prod_52   |     array    |
|prod_52_d0        | out |   64|  ap_memory |    prod_52   |     array    |
|prod_53_address0  | out |    6|  ap_memory |    prod_53   |     array    |
|prod_53_ce0       | out |    1|  ap_memory |    prod_53   |     array    |
|prod_53_we0       | out |    1|  ap_memory |    prod_53   |     array    |
|prod_53_d0        | out |   64|  ap_memory |    prod_53   |     array    |
|prod_54_address0  | out |    6|  ap_memory |    prod_54   |     array    |
|prod_54_ce0       | out |    1|  ap_memory |    prod_54   |     array    |
|prod_54_we0       | out |    1|  ap_memory |    prod_54   |     array    |
|prod_54_d0        | out |   64|  ap_memory |    prod_54   |     array    |
|prod_55_address0  | out |    6|  ap_memory |    prod_55   |     array    |
|prod_55_ce0       | out |    1|  ap_memory |    prod_55   |     array    |
|prod_55_we0       | out |    1|  ap_memory |    prod_55   |     array    |
|prod_55_d0        | out |   64|  ap_memory |    prod_55   |     array    |
|prod_56_address0  | out |    6|  ap_memory |    prod_56   |     array    |
|prod_56_ce0       | out |    1|  ap_memory |    prod_56   |     array    |
|prod_56_we0       | out |    1|  ap_memory |    prod_56   |     array    |
|prod_56_d0        | out |   64|  ap_memory |    prod_56   |     array    |
|prod_57_address0  | out |    6|  ap_memory |    prod_57   |     array    |
|prod_57_ce0       | out |    1|  ap_memory |    prod_57   |     array    |
|prod_57_we0       | out |    1|  ap_memory |    prod_57   |     array    |
|prod_57_d0        | out |   64|  ap_memory |    prod_57   |     array    |
|prod_58_address0  | out |    6|  ap_memory |    prod_58   |     array    |
|prod_58_ce0       | out |    1|  ap_memory |    prod_58   |     array    |
|prod_58_we0       | out |    1|  ap_memory |    prod_58   |     array    |
|prod_58_d0        | out |   64|  ap_memory |    prod_58   |     array    |
|prod_59_address0  | out |    6|  ap_memory |    prod_59   |     array    |
|prod_59_ce0       | out |    1|  ap_memory |    prod_59   |     array    |
|prod_59_we0       | out |    1|  ap_memory |    prod_59   |     array    |
|prod_59_d0        | out |   64|  ap_memory |    prod_59   |     array    |
|prod_60_address0  | out |    6|  ap_memory |    prod_60   |     array    |
|prod_60_ce0       | out |    1|  ap_memory |    prod_60   |     array    |
|prod_60_we0       | out |    1|  ap_memory |    prod_60   |     array    |
|prod_60_d0        | out |   64|  ap_memory |    prod_60   |     array    |
|prod_61_address0  | out |    6|  ap_memory |    prod_61   |     array    |
|prod_61_ce0       | out |    1|  ap_memory |    prod_61   |     array    |
|prod_61_we0       | out |    1|  ap_memory |    prod_61   |     array    |
|prod_61_d0        | out |   64|  ap_memory |    prod_61   |     array    |
|prod_62_address0  | out |    6|  ap_memory |    prod_62   |     array    |
|prod_62_ce0       | out |    1|  ap_memory |    prod_62   |     array    |
|prod_62_we0       | out |    1|  ap_memory |    prod_62   |     array    |
|prod_62_d0        | out |   64|  ap_memory |    prod_62   |     array    |
|prod_63_address0  | out |    6|  ap_memory |    prod_63   |     array    |
|prod_63_ce0       | out |    1|  ap_memory |    prod_63   |     array    |
|prod_63_we0       | out |    1|  ap_memory |    prod_63   |     array    |
|prod_63_d0        | out |   64|  ap_memory |    prod_63   |     array    |
+------------------+-----+-----+------------+--------------+--------------+

