

================================================================
== Vivado HLS Report for 'gemm'
================================================================
* Date:           Thu Nov 30 23:28:22 2023

* Version:        2019.2.1 (Build 2724168 on Thu Dec 05 05:19:09 MST 2019)
* Project:        gemm_hls
* Solution:       solution3
* Product family: virtex7
* Target device:  xc7v585t-ffg1761-2


================================================================
== Performance Estimates
================================================================
+ Timing: 
    * Summary: 
    +--------+----------+-----------+------------+
    |  Clock |  Target  | Estimated | Uncertainty|
    +--------+----------+-----------+------------+
    |ap_clk  | 10.00 ns | 10.185 ns |   1.25 ns  |
    +--------+----------+-----------+------------+

+ Latency: 
    * Summary: 
    +---------+---------+----------+----------+-------+-------+---------+
    |  Latency (cycles) |  Latency (absolute) |    Interval   | Pipeline|
    |   min   |   max   |    min   |    max   |  min  |  max  |   Type  |
    +---------+---------+----------+----------+-------+-------+---------+
    |    34113|    34113| 0.347 ms | 0.347 ms |  34113|  34113|   none  |
    +---------+---------+----------+----------+-------+-------+---------+

    + Detail: 
        * Instance: 
        N/A

        * Loop: 
        +----------+---------+---------+----------+-----------+-----------+------+----------+
        |          |  Latency (cycles) | Iteration|  Initiation Interval  | Trip |          |
        | Loop Name|   min   |   max   |  Latency |  achieved |   target  | Count| Pipelined|
        +----------+---------+---------+----------+-----------+-----------+------+----------+
        |- outer   |    34112|    34112|       533|          -|          -|    64|    no    |
        +----------+---------+---------+----------+-----------+-----------+------+----------+



================================================================
== Utilization Estimates
================================================================
* Summary: 
+-----------------+---------+-------+--------+--------+-----+
|       Name      | BRAM_18K| DSP48E|   FF   |   LUT  | URAM|
+-----------------+---------+-------+--------+--------+-----+
|DSP              |        -|      -|       -|       -|    -|
|Expression       |        -|      -|       0|     782|    -|
|FIFO             |        -|      -|       -|       -|    -|
|Instance         |        -|    238|   12393|   16405|    -|
|Memory           |        -|      -|       -|       -|    -|
|Multiplexer      |        -|      -|       -|   25457|    -|
|Register         |        -|      -|   20849|       -|    -|
+-----------------+---------+-------+--------+--------+-----+
|Total            |        0|    238|   33242|   42644|    0|
+-----------------+---------+-------+--------+--------+-----+
|Available        |     1590|   1260|  728400|  364200|    0|
+-----------------+---------+-------+--------+--------+-----+
|Utilization (%)  |        0|     18|       4|      11|    0|
+-----------------+---------+-------+--------+--------+-----+

+ Detail: 
    * Instance: 
    +--------------------------+----------------------+---------+-------+-----+-----+-----+
    |         Instance         |        Module        | BRAM_18K| DSP48E|  FF | LUT | URAM|
    +--------------------------+----------------------+---------+-------+-----+-----+-----+
    |gemm_dadd_64ns_64bkb_U1   |gemm_dadd_64ns_64bkb  |        0|      3|  430|  762|    0|
    |gemm_dadd_64ns_64bkb_U2   |gemm_dadd_64ns_64bkb  |        0|      3|  430|  762|    0|
    |gemm_dadd_64ns_64bkb_U3   |gemm_dadd_64ns_64bkb  |        0|      3|  430|  762|    0|
    |gemm_dadd_64ns_64bkb_U4   |gemm_dadd_64ns_64bkb  |        0|      3|  430|  762|    0|
    |gemm_dadd_64ns_64bkb_U5   |gemm_dadd_64ns_64bkb  |        0|      3|  430|  762|    0|
    |gemm_dadd_64ns_64bkb_U6   |gemm_dadd_64ns_64bkb  |        0|      3|  430|  762|    0|
    |gemm_dadd_64ns_64bkb_U7   |gemm_dadd_64ns_64bkb  |        0|      3|  430|  762|    0|
    |gemm_dadd_64ns_64bkb_U8   |gemm_dadd_64ns_64bkb  |        0|      3|  430|  762|    0|
    |gemm_dadd_64ns_64bkb_U9   |gemm_dadd_64ns_64bkb  |        0|      3|  430|  762|    0|
    |gemm_dadd_64ns_64bkb_U10  |gemm_dadd_64ns_64bkb  |        0|      3|  430|  762|    0|
    |gemm_dadd_64ns_64bkb_U11  |gemm_dadd_64ns_64bkb  |        0|      3|  430|  762|    0|
    |gemm_dadd_64ns_64bkb_U12  |gemm_dadd_64ns_64bkb  |        0|      3|  430|  762|    0|
    |gemm_dadd_64ns_64bkb_U13  |gemm_dadd_64ns_64bkb  |        0|      3|  430|  762|    0|
    |gemm_dadd_64ns_64bkb_U14  |gemm_dadd_64ns_64bkb  |        0|      3|  430|  762|    0|
    |gemm_dadd_64ns_64bkb_U15  |gemm_dadd_64ns_64bkb  |        0|      3|  430|  762|    0|
    |gemm_dadd_64ns_64bkb_U16  |gemm_dadd_64ns_64bkb  |        0|      3|  430|  762|    0|
    |gemm_dadd_64ns_64bkb_U17  |gemm_dadd_64ns_64bkb  |        0|      3|  430|  762|    0|
    |gemm_dmul_64ns_64cud_U18  |gemm_dmul_64ns_64cud  |        0|     11|  299|  203|    0|
    |gemm_dmul_64ns_64cud_U19  |gemm_dmul_64ns_64cud  |        0|     11|  299|  203|    0|
    |gemm_dmul_64ns_64cud_U20  |gemm_dmul_64ns_64cud  |        0|     11|  299|  203|    0|
    |gemm_dmul_64ns_64cud_U21  |gemm_dmul_64ns_64cud  |        0|     11|  299|  203|    0|
    |gemm_dmul_64ns_64cud_U22  |gemm_dmul_64ns_64cud  |        0|     11|  299|  203|    0|
    |gemm_dmul_64ns_64cud_U23  |gemm_dmul_64ns_64cud  |        0|     11|  299|  203|    0|
    |gemm_dmul_64ns_64cud_U24  |gemm_dmul_64ns_64cud  |        0|     11|  299|  203|    0|
    |gemm_dmul_64ns_64cud_U25  |gemm_dmul_64ns_64cud  |        0|     11|  299|  203|    0|
    |gemm_dmul_64ns_64cud_U26  |gemm_dmul_64ns_64cud  |        0|     11|  299|  203|    0|
    |gemm_dmul_64ns_64cud_U27  |gemm_dmul_64ns_64cud  |        0|     11|  299|  203|    0|
    |gemm_dmul_64ns_64cud_U28  |gemm_dmul_64ns_64cud  |        0|     11|  299|  203|    0|
    |gemm_dmul_64ns_64cud_U29  |gemm_dmul_64ns_64cud  |        0|     11|  299|  203|    0|
    |gemm_dmul_64ns_64cud_U30  |gemm_dmul_64ns_64cud  |        0|     11|  299|  203|    0|
    |gemm_dmul_64ns_64cud_U31  |gemm_dmul_64ns_64cud  |        0|     11|  299|  203|    0|
    |gemm_dmul_64ns_64cud_U32  |gemm_dmul_64ns_64cud  |        0|     11|  299|  203|    0|
    |gemm_dmul_64ns_64cud_U33  |gemm_dmul_64ns_64cud  |        0|     11|  299|  203|    0|
    |gemm_dmul_64ns_64cud_U34  |gemm_dmul_64ns_64cud  |        0|     11|  299|  203|    0|
    +--------------------------+----------------------+---------+-------+-----+-----+-----+
    |Total                     |                      |        0|    238|12393|16405|    0|
    +--------------------------+----------------------+---------+-------+-----+-----+-----+

    * DSP48E: 
    N/A

    * Memory: 
    N/A

    * FIFO: 
    N/A

    * Expression: 
    +------------------------+----------+-------+---+----+------------+------------+
    |      Variable Name     | Operation| DSP48E| FF| LUT| Bitwidth P0| Bitwidth P1|
    +------------------------+----------+-------+---+----+------------+------------+
    |i_fu_37088_p2           |     +    |      0|  0|  15|           7|           1|
    |icmp_ln8_fu_37082_p2    |   icmp   |      0|  0|  11|           7|           8|
    |or_ln14_10_fu_37211_p2  |    or    |      0|  0|  12|          12|           4|
    |or_ln14_11_fu_37221_p2  |    or    |      0|  0|  12|          12|           4|
    |or_ln14_12_fu_37231_p2  |    or    |      0|  0|  12|          12|           4|
    |or_ln14_13_fu_37241_p2  |    or    |      0|  0|  12|          12|           4|
    |or_ln14_14_fu_37251_p2  |    or    |      0|  0|  12|          12|           4|
    |or_ln14_15_fu_37261_p2  |    or    |      0|  0|  12|          12|           5|
    |or_ln14_16_fu_37271_p2  |    or    |      0|  0|  12|          12|           5|
    |or_ln14_17_fu_37281_p2  |    or    |      0|  0|  12|          12|           5|
    |or_ln14_18_fu_37291_p2  |    or    |      0|  0|  12|          12|           5|
    |or_ln14_19_fu_37301_p2  |    or    |      0|  0|  12|          12|           5|
    |or_ln14_1_fu_37121_p2   |    or    |      0|  0|  12|          12|           2|
    |or_ln14_20_fu_37311_p2  |    or    |      0|  0|  12|          12|           5|
    |or_ln14_21_fu_37321_p2  |    or    |      0|  0|  12|          12|           5|
    |or_ln14_22_fu_37331_p2  |    or    |      0|  0|  12|          12|           5|
    |or_ln14_23_fu_37341_p2  |    or    |      0|  0|  12|          12|           5|
    |or_ln14_24_fu_37351_p2  |    or    |      0|  0|  12|          12|           5|
    |or_ln14_25_fu_37361_p2  |    or    |      0|  0|  12|          12|           5|
    |or_ln14_26_fu_37371_p2  |    or    |      0|  0|  12|          12|           5|
    |or_ln14_27_fu_37381_p2  |    or    |      0|  0|  12|          12|           5|
    |or_ln14_28_fu_37391_p2  |    or    |      0|  0|  12|          12|           5|
    |or_ln14_29_fu_37401_p2  |    or    |      0|  0|  12|          12|           5|
    |or_ln14_2_fu_37131_p2   |    or    |      0|  0|  12|          12|           2|
    |or_ln14_30_fu_37411_p2  |    or    |      0|  0|  12|          12|           5|
    |or_ln14_31_fu_37421_p2  |    or    |      0|  0|  12|          12|           6|
    |or_ln14_32_fu_37431_p2  |    or    |      0|  0|  12|          12|           6|
    |or_ln14_33_fu_37441_p2  |    or    |      0|  0|  12|          12|           6|
    |or_ln14_34_fu_37451_p2  |    or    |      0|  0|  12|          12|           6|
    |or_ln14_35_fu_37461_p2  |    or    |      0|  0|  12|          12|           6|
    |or_ln14_36_fu_37471_p2  |    or    |      0|  0|  12|          12|           6|
    |or_ln14_37_fu_37481_p2  |    or    |      0|  0|  12|          12|           6|
    |or_ln14_38_fu_37491_p2  |    or    |      0|  0|  12|          12|           6|
    |or_ln14_39_fu_37501_p2  |    or    |      0|  0|  12|          12|           6|
    |or_ln14_3_fu_37141_p2   |    or    |      0|  0|  12|          12|           3|
    |or_ln14_40_fu_37511_p2  |    or    |      0|  0|  12|          12|           6|
    |or_ln14_41_fu_37521_p2  |    or    |      0|  0|  12|          12|           6|
    |or_ln14_42_fu_37531_p2  |    or    |      0|  0|  12|          12|           6|
    |or_ln14_43_fu_37541_p2  |    or    |      0|  0|  12|          12|           6|
    |or_ln14_44_fu_37551_p2  |    or    |      0|  0|  12|          12|           6|
    |or_ln14_45_fu_37561_p2  |    or    |      0|  0|  12|          12|           6|
    |or_ln14_46_fu_37571_p2  |    or    |      0|  0|  12|          12|           6|
    |or_ln14_47_fu_37581_p2  |    or    |      0|  0|  12|          12|           6|
    |or_ln14_48_fu_37591_p2  |    or    |      0|  0|  12|          12|           6|
    |or_ln14_49_fu_37601_p2  |    or    |      0|  0|  12|          12|           6|
    |or_ln14_4_fu_37151_p2   |    or    |      0|  0|  12|          12|           3|
    |or_ln14_50_fu_37611_p2  |    or    |      0|  0|  12|          12|           6|
    |or_ln14_51_fu_37621_p2  |    or    |      0|  0|  12|          12|           6|
    |or_ln14_52_fu_37631_p2  |    or    |      0|  0|  12|          12|           6|
    |or_ln14_53_fu_37641_p2  |    or    |      0|  0|  12|          12|           6|
    |or_ln14_54_fu_37651_p2  |    or    |      0|  0|  12|          12|           6|
    |or_ln14_55_fu_37661_p2  |    or    |      0|  0|  12|          12|           6|
    |or_ln14_56_fu_37671_p2  |    or    |      0|  0|  12|          12|           6|
    |or_ln14_57_fu_37681_p2  |    or    |      0|  0|  12|          12|           6|
    |or_ln14_58_fu_37691_p2  |    or    |      0|  0|  12|          12|           6|
    |or_ln14_59_fu_37701_p2  |    or    |      0|  0|  12|          12|           6|
    |or_ln14_5_fu_37161_p2   |    or    |      0|  0|  12|          12|           3|
    |or_ln14_60_fu_37711_p2  |    or    |      0|  0|  12|          12|           6|
    |or_ln14_61_fu_37721_p2  |    or    |      0|  0|  12|          12|           6|
    |or_ln14_62_fu_37731_p2  |    or    |      0|  0|  12|          12|           6|
    |or_ln14_6_fu_37171_p2   |    or    |      0|  0|  12|          12|           3|
    |or_ln14_7_fu_37181_p2   |    or    |      0|  0|  12|          12|           4|
    |or_ln14_8_fu_37191_p2   |    or    |      0|  0|  12|          12|           4|
    |or_ln14_9_fu_37201_p2   |    or    |      0|  0|  12|          12|           4|
    |or_ln14_fu_37111_p2     |    or    |      0|  0|  12|          12|           1|
    +------------------------+----------+-------+---+----+------------+------------+
    |Total                   |          |      0|  0| 782|         770|         330|
    +------------------------+----------+-------+---+----+------------+------------+

    * Multiplexer: 
    +-----------------+------+-----------+-----+-----------+
    |       Name      |  LUT | Input Size| Bits| Total Bits|
    +-----------------+------+-----------+-----+-----------+
    |ap_NS_fsm        |  2193|        535|    1|        535|
    |grp_fu_35005_p0  |   121|         26|   64|       1664|
    |grp_fu_35005_p1  |    33|          6|   64|        384|
    |grp_fu_35010_p0  |   113|         24|   64|       1536|
    |grp_fu_35010_p1  |    33|          6|   64|        384|
    |grp_fu_35015_p0  |   113|         24|   64|       1536|
    |grp_fu_35015_p1  |    33|          6|   64|        384|
    |grp_fu_35020_p0  |   113|         24|   64|       1536|
    |grp_fu_35020_p1  |    33|          6|   64|        384|
    |grp_fu_35025_p0  |   113|         24|   64|       1536|
    |grp_fu_35025_p1  |    33|          6|   64|        384|
    |grp_fu_35030_p0  |   113|         24|   64|       1536|
    |grp_fu_35030_p1  |    33|          6|   64|        384|
    |grp_fu_35035_p0  |   113|         24|   64|       1536|
    |grp_fu_35035_p1  |    33|          6|   64|        384|
    |grp_fu_35040_p0  |   117|         25|   64|       1600|
    |grp_fu_35040_p1  |    33|          6|   64|        384|
    |grp_fu_35045_p0  |    44|          9|   64|        576|
    |grp_fu_35045_p1  |    33|          6|   64|        384|
    |grp_fu_35050_p0  |    44|          9|   64|        576|
    |grp_fu_35050_p1  |    33|          6|   64|        384|
    |grp_fu_35055_p0  |    44|          9|   64|        576|
    |grp_fu_35055_p1  |    33|          6|   64|        384|
    |grp_fu_35060_p0  |    44|          9|   64|        576|
    |grp_fu_35060_p1  |    33|          6|   64|        384|
    |grp_fu_35065_p0  |    44|          9|   64|        576|
    |grp_fu_35065_p1  |    33|          6|   64|        384|
    |grp_fu_35070_p0  |    44|          9|   64|        576|
    |grp_fu_35070_p1  |    33|          6|   64|        384|
    |grp_fu_35075_p0  |    44|          9|   64|        576|
    |grp_fu_35075_p1  |    33|          6|   64|        384|
    |grp_fu_35080_p0  |    38|          7|   64|        448|
    |grp_fu_35080_p1  |    27|          5|   64|        320|
    |grp_fu_35085_p0  |    15|          3|   64|        192|
    |grp_fu_35089_p0  |    85|         17|   64|       1088|
    |grp_fu_35089_p1  |   101|         21|   64|       1344|
    |grp_fu_35093_p0  |    62|         15|   64|        960|
    |grp_fu_35093_p1  |    97|         20|   64|       1280|
    |grp_fu_35097_p0  |    62|         15|   64|        960|
    |grp_fu_35097_p1  |    97|         20|   64|       1280|
    |grp_fu_35101_p0  |    62|         15|   64|        960|
    |grp_fu_35101_p1  |    97|         20|   64|       1280|
    |grp_fu_35105_p0  |    62|         15|   64|        960|
    |grp_fu_35105_p1  |    97|         20|   64|       1280|
    |grp_fu_35109_p0  |    62|         15|   64|        960|
    |grp_fu_35109_p1  |    97|         20|   64|       1280|
    |grp_fu_35113_p0  |    62|         15|   64|        960|
    |grp_fu_35113_p1  |    97|         20|   64|       1280|
    |grp_fu_35117_p0  |    62|         15|   64|        960|
    |grp_fu_35117_p1  |    97|         20|   64|       1280|
    |grp_fu_35121_p0  |    59|         14|   64|        896|
    |grp_fu_35121_p1  |    44|          9|   64|        576|
    |grp_fu_35125_p0  |    59|         14|   64|        896|
    |grp_fu_35125_p1  |    44|          9|   64|        576|
    |grp_fu_35129_p0  |    59|         14|   64|        896|
    |grp_fu_35129_p1  |    44|          9|   64|        576|
    |grp_fu_35133_p0  |    59|         14|   64|        896|
    |grp_fu_35133_p1  |    44|          9|   64|        576|
    |grp_fu_35137_p0  |    59|         14|   64|        896|
    |grp_fu_35137_p1  |    44|          9|   64|        576|
    |grp_fu_35141_p0  |    59|         14|   64|        896|
    |grp_fu_35141_p1  |    44|          9|   64|        576|
    |grp_fu_35145_p0  |    59|         14|   64|        896|
    |grp_fu_35145_p1  |    44|          9|   64|        576|
    |grp_fu_35149_p0  |    50|         11|   64|        704|
    |grp_fu_35149_p1  |    38|          7|   64|        448|
    |grp_fu_35153_p0  |    15|          3|   64|        192|
    |i_0_reg_34993    |     9|          2|    7|         14|
    |m1_address0      |   581|        129|   12|       1548|
    |m2_0_address0    |   293|         65|    6|        390|
    |m2_10_address0   |   293|         65|    6|        390|
    |m2_11_address0   |   293|         65|    6|        390|
    |m2_12_address0   |   293|         65|    6|        390|
    |m2_13_address0   |   293|         65|    6|        390|
    |m2_14_address0   |   293|         65|    6|        390|
    |m2_15_address0   |   293|         65|    6|        390|
    |m2_16_address0   |   293|         65|    6|        390|
    |m2_17_address0   |   293|         65|    6|        390|
    |m2_18_address0   |   293|         65|    6|        390|
    |m2_19_address0   |   293|         65|    6|        390|
    |m2_1_address0    |   293|         65|    6|        390|
    |m2_20_address0   |   293|         65|    6|        390|
    |m2_21_address0   |   293|         65|    6|        390|
    |m2_22_address0   |   293|         65|    6|        390|
    |m2_23_address0   |   293|         65|    6|        390|
    |m2_24_address0   |   293|         65|    6|        390|
    |m2_25_address0   |   293|         65|    6|        390|
    |m2_26_address0   |   293|         65|    6|        390|
    |m2_27_address0   |   293|         65|    6|        390|
    |m2_28_address0   |   293|         65|    6|        390|
    |m2_29_address0   |   293|         65|    6|        390|
    |m2_2_address0    |   293|         65|    6|        390|
    |m2_30_address0   |   293|         65|    6|        390|
    |m2_31_address0   |   293|         65|    6|        390|
    |m2_32_address0   |   293|         65|    6|        390|
    |m2_33_address0   |   293|         65|    6|        390|
    |m2_34_address0   |   293|         65|    6|        390|
    |m2_35_address0   |   293|         65|    6|        390|
    |m2_36_address0   |   293|         65|    6|        390|
    |m2_37_address0   |   293|         65|    6|        390|
    |m2_38_address0   |   293|         65|    6|        390|
    |m2_39_address0   |   293|         65|    6|        390|
    |m2_3_address0    |   293|         65|    6|        390|
    |m2_40_address0   |   293|         65|    6|        390|
    |m2_41_address0   |   293|         65|    6|        390|
    |m2_42_address0   |   293|         65|    6|        390|
    |m2_43_address0   |   293|         65|    6|        390|
    |m2_44_address0   |   293|         65|    6|        390|
    |m2_45_address0   |   293|         65|    6|        390|
    |m2_46_address0   |   293|         65|    6|        390|
    |m2_47_address0   |   293|         65|    6|        390|
    |m2_48_address0   |   293|         65|    6|        390|
    |m2_49_address0   |   293|         65|    6|        390|
    |m2_4_address0    |   293|         65|    6|        390|
    |m2_50_address0   |   293|         65|    6|        390|
    |m2_51_address0   |   293|         65|    6|        390|
    |m2_52_address0   |   293|         65|    6|        390|
    |m2_53_address0   |   293|         65|    6|        390|
    |m2_54_address0   |   293|         65|    6|        390|
    |m2_55_address0   |   293|         65|    6|        390|
    |m2_56_address0   |   293|         65|    6|        390|
    |m2_57_address0   |   293|         65|    6|        390|
    |m2_58_address0   |   293|         65|    6|        390|
    |m2_59_address0   |   293|         65|    6|        390|
    |m2_5_address0    |   293|         65|    6|        390|
    |m2_60_address0   |   293|         65|    6|        390|
    |m2_61_address0   |   293|         65|    6|        390|
    |m2_62_address0   |   293|         65|    6|        390|
    |m2_63_address0   |   293|         65|    6|        390|
    |m2_6_address0    |   293|         65|    6|        390|
    |m2_7_address0    |   293|         65|    6|        390|
    |m2_8_address0    |   293|         65|    6|        390|
    |m2_9_address0    |   293|         65|    6|        390|
    +-----------------+------+-----------+-----+-----------+
    |Total            | 25457|       5654| 4628|      80049|
    +-----------------+------+-----------+-----+-----------+

    * Register: 
    +-----------------------+-----+----+-----+-----------+
    |          Name         |  FF | LUT| Bits| Const Bits|
    +-----------------------+-----+----+-----+-----------+
    |ap_CS_fsm              |  534|   0|  534|          0|
    |i_0_reg_34993          |    7|   0|    7|          0|
    |i_col_reg_58241        |    6|   0|   12|          6|
    |i_reg_58236            |    7|   0|    7|          0|
    |m1_addr_10_reg_58489   |    6|   0|   12|          6|
    |m1_addr_11_reg_58494   |    6|   0|   12|          6|
    |m1_addr_12_reg_58499   |    6|   0|   12|          6|
    |m1_addr_13_reg_58504   |    6|   0|   12|          6|
    |m1_addr_14_reg_58509   |    6|   0|   12|          6|
    |m1_addr_15_reg_58514   |    6|   0|   12|          6|
    |m1_addr_16_reg_58519   |    6|   0|   12|          6|
    |m1_addr_17_reg_58524   |    6|   0|   12|          6|
    |m1_addr_18_reg_58529   |    6|   0|   12|          6|
    |m1_addr_19_reg_58534   |    6|   0|   12|          6|
    |m1_addr_1_reg_58313    |    6|   0|   12|          6|
    |m1_addr_20_reg_58539   |    6|   0|   12|          6|
    |m1_addr_21_reg_58544   |    6|   0|   12|          6|
    |m1_addr_22_reg_58549   |    6|   0|   12|          6|
    |m1_addr_23_reg_58554   |    6|   0|   12|          6|
    |m1_addr_24_reg_58559   |    6|   0|   12|          6|
    |m1_addr_25_reg_58564   |    6|   0|   12|          6|
    |m1_addr_26_reg_58569   |    6|   0|   12|          6|
    |m1_addr_27_reg_58574   |    6|   0|   12|          6|
    |m1_addr_28_reg_58579   |    6|   0|   12|          6|
    |m1_addr_29_reg_58584   |    6|   0|   12|          6|
    |m1_addr_2_reg_58378    |    6|   0|   12|          6|
    |m1_addr_30_reg_58589   |    6|   0|   12|          6|
    |m1_addr_31_reg_58594   |    6|   0|   12|          6|
    |m1_addr_32_reg_58599   |    6|   0|   12|          6|
    |m1_addr_33_reg_58604   |    6|   0|   12|          6|
    |m1_addr_34_reg_58609   |    6|   0|   12|          6|
    |m1_addr_35_reg_58614   |    6|   0|   12|          6|
    |m1_addr_36_reg_58619   |    6|   0|   12|          6|
    |m1_addr_37_reg_58624   |    6|   0|   12|          6|
    |m1_addr_38_reg_58629   |    6|   0|   12|          6|
    |m1_addr_39_reg_58634   |    6|   0|   12|          6|
    |m1_addr_3_reg_58454    |    6|   0|   12|          6|
    |m1_addr_40_reg_58639   |    6|   0|   12|          6|
    |m1_addr_41_reg_58644   |    6|   0|   12|          6|
    |m1_addr_42_reg_58649   |    6|   0|   12|          6|
    |m1_addr_43_reg_58654   |    6|   0|   12|          6|
    |m1_addr_44_reg_58659   |    6|   0|   12|          6|
    |m1_addr_45_reg_58664   |    6|   0|   12|          6|
    |m1_addr_46_reg_58669   |    6|   0|   12|          6|
    |m1_addr_47_reg_58674   |    6|   0|   12|          6|
    |m1_addr_48_reg_58679   |    6|   0|   12|          6|
    |m1_addr_49_reg_58684   |    6|   0|   12|          6|
    |m1_addr_4_reg_58459    |    6|   0|   12|          6|
    |m1_addr_50_reg_58689   |    6|   0|   12|          6|
    |m1_addr_51_reg_58694   |    6|   0|   12|          6|
    |m1_addr_52_reg_58699   |    6|   0|   12|          6|
    |m1_addr_53_reg_58704   |    6|   0|   12|          6|
    |m1_addr_54_reg_58709   |    6|   0|   12|          6|
    |m1_addr_55_reg_58714   |    6|   0|   12|          6|
    |m1_addr_56_reg_58719   |    6|   0|   12|          6|
    |m1_addr_57_reg_58724   |    6|   0|   12|          6|
    |m1_addr_58_reg_58729   |    6|   0|   12|          6|
    |m1_addr_59_reg_58734   |    6|   0|   12|          6|
    |m1_addr_5_reg_58464    |    6|   0|   12|          6|
    |m1_addr_60_reg_58739   |    6|   0|   12|          6|
    |m1_addr_61_reg_58744   |    6|   0|   12|          6|
    |m1_addr_62_reg_58749   |    6|   0|   12|          6|
    |m1_addr_63_reg_58754   |    6|   0|   12|          6|
    |m1_addr_6_reg_58469    |    6|   0|   12|          6|
    |m1_addr_7_reg_58474    |    6|   0|   12|          6|
    |m1_addr_8_reg_58479    |    6|   0|   12|          6|
    |m1_addr_9_reg_58484    |    6|   0|   12|          6|
    |m1_addr_reg_58308      |    6|   0|   12|          6|
    |m1_load_129_reg_58318  |   64|   0|   64|          0|
    |m1_load_130_reg_58406  |   64|   0|   64|          0|
    |m1_load_193_reg_58330  |   64|   0|   64|          0|
    |m1_load_194_reg_58418  |   64|   0|   64|          0|
    |m1_load_2_reg_58383    |   64|   0|   64|          0|
    |m1_load_321_reg_58342  |   64|   0|   64|          0|
    |m1_load_322_reg_58430  |   64|   0|   64|          0|
    |m1_load_385_reg_58354  |   64|   0|   64|          0|
    |m1_load_386_reg_58442  |   64|   0|   64|          0|
    |m1_load_449_reg_58366  |   64|   0|   64|          0|
    |m1_load_66_reg_58394   |   64|   0|   64|          0|
    |reg_35157              |   64|   0|   64|          0|
    |reg_35177              |   64|   0|   64|          0|
    |reg_35197              |   64|   0|   64|          0|
    |reg_35209              |   64|   0|   64|          0|
    |reg_35221              |   64|   0|   64|          0|
    |reg_35240              |   64|   0|   64|          0|
    |reg_35260              |   64|   0|   64|          0|
    |reg_35272              |   64|   0|   64|          0|
    |reg_35284              |   64|   0|   64|          0|
    |reg_35298              |   64|   0|   64|          0|
    |reg_35305              |   64|   0|   64|          0|
    |reg_35317              |   64|   0|   64|          0|
    |reg_35329              |   64|   0|   64|          0|
    |reg_35335              |   64|   0|   64|          0|
    |reg_35348              |   64|   0|   64|          0|
    |reg_35353              |   64|   0|   64|          0|
    |reg_35358              |   64|   0|   64|          0|
    |reg_35363              |   64|   0|   64|          0|
    |reg_35368              |   64|   0|   64|          0|
    |reg_35373              |   64|   0|   64|          0|
    |reg_35378              |   64|   0|   64|          0|
    |reg_35383              |   64|   0|   64|          0|
    |reg_35389              |   64|   0|   64|          0|
    |reg_35395              |   64|   0|   64|          0|
    |reg_35401              |   64|   0|   64|          0|
    |reg_35407              |   64|   0|   64|          0|
    |reg_35413              |   64|   0|   64|          0|
    |reg_35419              |   64|   0|   64|          0|
    |reg_35425              |   64|   0|   64|          0|
    |reg_35431              |   64|   0|   64|          0|
    |reg_35437              |   64|   0|   64|          0|
    |reg_35443              |   64|   0|   64|          0|
    |reg_35449              |   64|   0|   64|          0|
    |reg_35455              |   64|   0|   64|          0|
    |reg_35461              |   64|   0|   64|          0|
    |reg_35467              |   64|   0|   64|          0|
    |reg_35473              |   64|   0|   64|          0|
    |reg_35479              |   64|   0|   64|          0|
    |reg_35493              |   64|   0|   64|          0|
    |reg_35499              |   64|   0|   64|          0|
    |reg_35505              |   64|   0|   64|          0|
    |reg_35511              |   64|   0|   64|          0|
    |reg_35517              |   64|   0|   64|          0|
    |reg_35523              |   64|   0|   64|          0|
    |reg_35529              |   64|   0|   64|          0|
    |reg_35535              |   64|   0|   64|          0|
    |reg_35541              |   64|   0|   64|          0|
    |reg_35546              |   64|   0|   64|          0|
    |reg_35551              |   64|   0|   64|          0|
    |reg_35556              |   64|   0|   64|          0|
    |reg_35561              |   64|   0|   64|          0|
    |reg_35566              |   64|   0|   64|          0|
    |reg_35571              |   64|   0|   64|          0|
    |reg_35576              |   64|   0|   64|          0|
    |reg_35582              |   64|   0|   64|          0|
    |reg_35589              |   64|   0|   64|          0|
    |reg_35596              |   64|   0|   64|          0|
    |reg_35603              |   64|   0|   64|          0|
    |reg_35610              |   64|   0|   64|          0|
    |reg_35617              |   64|   0|   64|          0|
    |reg_35624              |   64|   0|   64|          0|
    |reg_35631              |   64|   0|   64|          0|
    |reg_35637              |   64|   0|   64|          0|
    |reg_35643              |   64|   0|   64|          0|
    |reg_35649              |   64|   0|   64|          0|
    |reg_35655              |   64|   0|   64|          0|
    |reg_35661              |   64|   0|   64|          0|
    |reg_35667              |   64|   0|   64|          0|
    |reg_35673              |   64|   0|   64|          0|
    |reg_35678              |   64|   0|   64|          0|
    |reg_35683              |   64|   0|   64|          0|
    |reg_35688              |   64|   0|   64|          0|
    |reg_35693              |   64|   0|   64|          0|
    |reg_35698              |   64|   0|   64|          0|
    |reg_35703              |   64|   0|   64|          0|
    |reg_35708              |   64|   0|   64|          0|
    |reg_35713              |   64|   0|   64|          0|
    |reg_35720              |   64|   0|   64|          0|
    |reg_35727              |   64|   0|   64|          0|
    |reg_35734              |   64|   0|   64|          0|
    |reg_35741              |   64|   0|   64|          0|
    |reg_35748              |   64|   0|   64|          0|
    |reg_35755              |   64|   0|   64|          0|
    |reg_35762              |   64|   0|   64|          0|
    |reg_35769              |   64|   0|   64|          0|
    |reg_35775              |   64|   0|   64|          0|
    |reg_35781              |   64|   0|   64|          0|
    |reg_35787              |   64|   0|   64|          0|
    |reg_35793              |   64|   0|   64|          0|
    |reg_35799              |   64|   0|   64|          0|
    |reg_35805              |   64|   0|   64|          0|
    |reg_35811              |   64|   0|   64|          0|
    |reg_35816              |   64|   0|   64|          0|
    |reg_35821              |   64|   0|   64|          0|
    |reg_35826              |   64|   0|   64|          0|
    |reg_35831              |   64|   0|   64|          0|
    |reg_35836              |   64|   0|   64|          0|
    |reg_35841              |   64|   0|   64|          0|
    |reg_35846              |   64|   0|   64|          0|
    |reg_35851              |   64|   0|   64|          0|
    |reg_35858              |   64|   0|   64|          0|
    |reg_35865              |   64|   0|   64|          0|
    |reg_35872              |   64|   0|   64|          0|
    |reg_35879              |   64|   0|   64|          0|
    |reg_35886              |   64|   0|   64|          0|
    |reg_35893              |   64|   0|   64|          0|
    |reg_35900              |   64|   0|   64|          0|
    |reg_35907              |   64|   0|   64|          0|
    |reg_35913              |   64|   0|   64|          0|
    |reg_35919              |   64|   0|   64|          0|
    |reg_35925              |   64|   0|   64|          0|
    |reg_35931              |   64|   0|   64|          0|
    |reg_35937              |   64|   0|   64|          0|
    |reg_35943              |   64|   0|   64|          0|
    |reg_35949              |   64|   0|   64|          0|
    |reg_35955              |   64|   0|   64|          0|
    |reg_35960              |   64|   0|   64|          0|
    |reg_35965              |   64|   0|   64|          0|
    |reg_35970              |   64|   0|   64|          0|
    |reg_35975              |   64|   0|   64|          0|
    |reg_35980              |   64|   0|   64|          0|
    |reg_35985              |   64|   0|   64|          0|
    |reg_35990              |   64|   0|   64|          0|
    |reg_35995              |   64|   0|   64|          0|
    |reg_36002              |   64|   0|   64|          0|
    |reg_36009              |   64|   0|   64|          0|
    |reg_36016              |   64|   0|   64|          0|
    |reg_36023              |   64|   0|   64|          0|
    |reg_36030              |   64|   0|   64|          0|
    |reg_36037              |   64|   0|   64|          0|
    |reg_36044              |   64|   0|   64|          0|
    |reg_36051              |   64|   0|   64|          0|
    |reg_36057              |   64|   0|   64|          0|
    |reg_36063              |   64|   0|   64|          0|
    |reg_36069              |   64|   0|   64|          0|
    |reg_36075              |   64|   0|   64|          0|
    |reg_36081              |   64|   0|   64|          0|
    |reg_36087              |   64|   0|   64|          0|
    |reg_36093              |   64|   0|   64|          0|
    |reg_36099              |   64|   0|   64|          0|
    |reg_36104              |   64|   0|   64|          0|
    |reg_36109              |   64|   0|   64|          0|
    |reg_36114              |   64|   0|   64|          0|
    |reg_36119              |   64|   0|   64|          0|
    |reg_36124              |   64|   0|   64|          0|
    |reg_36129              |   64|   0|   64|          0|
    |reg_36134              |   64|   0|   64|          0|
    |reg_36139              |   64|   0|   64|          0|
    |reg_36145              |   64|   0|   64|          0|
    |reg_36158              |   64|   0|   64|          0|
    |reg_36171              |   64|   0|   64|          0|
    |reg_36184              |   64|   0|   64|          0|
    |reg_36197              |   64|   0|   64|          0|
    |reg_36210              |   64|   0|   64|          0|
    |reg_36223              |   64|   0|   64|          0|
    |reg_36229              |   64|   0|   64|          0|
    |reg_36235              |   64|   0|   64|          0|
    |reg_36241              |   64|   0|   64|          0|
    |reg_36247              |   64|   0|   64|          0|
    |reg_36253              |   64|   0|   64|          0|
    |reg_36259              |   64|   0|   64|          0|
    |reg_36265              |   64|   0|   64|          0|
    |reg_36271              |   64|   0|   64|          0|
    |reg_36276              |   64|   0|   64|          0|
    |reg_36281              |   64|   0|   64|          0|
    |reg_36286              |   64|   0|   64|          0|
    |reg_36291              |   64|   0|   64|          0|
    |reg_36296              |   64|   0|   64|          0|
    |reg_36301              |   64|   0|   64|          0|
    |reg_36306              |   64|   0|   64|          0|
    |reg_36311              |   64|   0|   64|          0|
    |reg_36317              |   64|   0|   64|          0|
    |reg_36323              |   64|   0|   64|          0|
    |reg_36329              |   64|   0|   64|          0|
    |reg_36335              |   64|   0|   64|          0|
    |reg_36341              |   64|   0|   64|          0|
    |reg_36347              |   64|   0|   64|          0|
    |reg_36353              |   64|   0|   64|          0|
    |reg_36366              |   64|   0|   64|          0|
    |reg_36372              |   64|   0|   64|          0|
    |reg_36378              |   64|   0|   64|          0|
    |reg_36384              |   64|   0|   64|          0|
    |reg_36390              |   64|   0|   64|          0|
    |reg_36396              |   64|   0|   64|          0|
    |reg_36402              |   64|   0|   64|          0|
    |reg_36408              |   64|   0|   64|          0|
    |reg_36414              |   64|   0|   64|          0|
    |reg_36419              |   64|   0|   64|          0|
    |reg_36424              |   64|   0|   64|          0|
    |reg_36429              |   64|   0|   64|          0|
    |reg_36434              |   64|   0|   64|          0|
    |reg_36439              |   64|   0|   64|          0|
    |reg_36444              |   64|   0|   64|          0|
    |reg_36449              |   64|   0|   64|          0|
    |reg_36454              |   64|   0|   64|          0|
    |reg_36460              |   64|   0|   64|          0|
    |reg_36466              |   64|   0|   64|          0|
    |reg_36472              |   64|   0|   64|          0|
    |reg_36478              |   64|   0|   64|          0|
    |reg_36484              |   64|   0|   64|          0|
    |reg_36490              |   64|   0|   64|          0|
    |reg_36496              |   64|   0|   64|          0|
    |reg_36502              |   64|   0|   64|          0|
    |reg_36508              |   64|   0|   64|          0|
    |reg_36514              |   64|   0|   64|          0|
    |reg_36520              |   64|   0|   64|          0|
    |reg_36526              |   64|   0|   64|          0|
    |reg_36532              |   64|   0|   64|          0|
    |reg_36538              |   64|   0|   64|          0|
    |reg_36544              |   64|   0|   64|          0|
    |reg_36550              |   64|   0|   64|          0|
    |reg_36555              |   64|   0|   64|          0|
    |reg_36560              |   64|   0|   64|          0|
    |reg_36565              |   64|   0|   64|          0|
    |reg_36570              |   64|   0|   64|          0|
    |reg_36575              |   64|   0|   64|          0|
    |reg_36580              |   64|   0|   64|          0|
    |reg_36585              |   64|   0|   64|          0|
    |reg_36590              |   64|   0|   64|          0|
    |reg_36595              |   64|   0|   64|          0|
    |reg_36601              |   64|   0|   64|          0|
    |reg_36607              |   64|   0|   64|          0|
    |reg_36613              |   64|   0|   64|          0|
    |reg_36619              |   64|   0|   64|          0|
    |reg_36625              |   64|   0|   64|          0|
    |reg_36631              |   64|   0|   64|          0|
    |reg_36637              |   64|   0|   64|          0|
    |reg_36643              |   64|   0|   64|          0|
    |reg_36649              |   64|   0|   64|          0|
    |reg_36655              |   64|   0|   64|          0|
    |reg_36661              |   64|   0|   64|          0|
    |reg_36667              |   64|   0|   64|          0|
    |reg_36673              |   64|   0|   64|          0|
    |reg_36679              |   64|   0|   64|          0|
    |reg_36685              |   64|   0|   64|          0|
    |reg_36691              |   64|   0|   64|          0|
    |reg_36698              |   64|   0|   64|          0|
    |reg_36704              |   64|   0|   64|          0|
    |reg_36710              |   64|   0|   64|          0|
    |reg_36716              |   64|   0|   64|          0|
    |reg_36722              |   64|   0|   64|          0|
    |reg_36728              |   64|   0|   64|          0|
    |reg_36734              |   64|   0|   64|          0|
    |reg_36740              |   64|   0|   64|          0|
    |reg_36746              |   64|   0|   64|          0|
    |reg_36752              |   64|   0|   64|          0|
    |reg_36758              |   64|   0|   64|          0|
    |reg_36764              |   64|   0|   64|          0|
    |reg_36770              |   64|   0|   64|          0|
    |reg_36776              |   64|   0|   64|          0|
    |reg_36782              |   64|   0|   64|          0|
    |reg_36788              |   64|   0|   64|          0|
    |reg_36794              |   64|   0|   64|          0|
    |reg_36800              |   64|   0|   64|          0|
    |reg_36806              |   64|   0|   64|          0|
    |reg_36812              |   64|   0|   64|          0|
    |reg_36818              |   64|   0|   64|          0|
    |reg_36824              |   64|   0|   64|          0|
    |reg_36830              |   64|   0|   64|          0|
    |reg_36836              |   64|   0|   64|          0|
    |reg_36842              |   64|   0|   64|          0|
    |reg_36848              |   64|   0|   64|          0|
    |reg_36854              |   64|   0|   64|          0|
    |reg_36860              |   64|   0|   64|          0|
    |reg_36866              |   64|   0|   64|          0|
    |reg_36872              |   64|   0|   64|          0|
    |reg_36878              |   64|   0|   64|          0|
    |reg_36884              |   64|   0|   64|          0|
    |reg_36890              |   64|   0|   64|          0|
    |reg_36896              |   64|   0|   64|          0|
    |reg_36902              |   64|   0|   64|          0|
    |reg_36908              |   64|   0|   64|          0|
    |reg_36914              |   64|   0|   64|          0|
    |reg_36920              |   64|   0|   64|          0|
    |reg_36926              |   64|   0|   64|          0|
    |reg_36932              |   64|   0|   64|          0|
    |reg_36938              |   64|   0|   64|          0|
    |reg_36944              |   64|   0|   64|          0|
    |reg_36950              |   64|   0|   64|          0|
    |reg_36956              |   64|   0|   64|          0|
    |reg_36962              |   64|   0|   64|          0|
    |reg_36968              |   64|   0|   64|          0|
    |reg_36974              |   64|   0|   64|          0|
    |reg_36980              |   64|   0|   64|          0|
    |reg_36986              |   64|   0|   64|          0|
    |reg_36992              |   64|   0|   64|          0|
    |reg_36998              |   64|   0|   64|          0|
    |reg_37004              |   64|   0|   64|          0|
    |reg_37010              |   64|   0|   64|          0|
    |reg_37016              |   64|   0|   64|          0|
    |reg_37022              |   64|   0|   64|          0|
    |reg_37028              |   64|   0|   64|          0|
    |reg_37034              |   64|   0|   64|          0|
    |reg_37040              |   64|   0|   64|          0|
    |reg_37046              |   64|   0|   64|          0|
    |reg_37052              |   64|   0|   64|          0|
    |reg_37058              |   64|   0|   64|          0|
    |reg_37064              |   64|   0|   64|          0|
    |reg_37070              |   64|   0|   64|          0|
    |reg_37076              |   64|   0|   64|          0|
    |zext_ln17_reg_58759    |    7|   0|   64|         57|
    +-----------------------+-----+----+-----+-----------+
    |Total                  |20849|   0|21296|        447|
    +-----------------------+-----+----+-----+-----------+



================================================================
== Interface
================================================================
* Summary: 
+------------------+-----+-----+------------+--------------+--------------+
|     RTL Ports    | Dir | Bits|  Protocol  | Source Object|    C Type    |
+------------------+-----+-----+------------+--------------+--------------+
|ap_clk            |  in |    1| ap_ctrl_hs |     gemm     | return value |
|ap_rst            |  in |    1| ap_ctrl_hs |     gemm     | return value |
|ap_start          |  in |    1| ap_ctrl_hs |     gemm     | return value |
|ap_done           | out |    1| ap_ctrl_hs |     gemm     | return value |
|ap_idle           | out |    1| ap_ctrl_hs |     gemm     | return value |
|ap_ready          | out |    1| ap_ctrl_hs |     gemm     | return value |
|m1_address0       | out |   12|  ap_memory |      m1      |     array    |
|m1_ce0            | out |    1|  ap_memory |      m1      |     array    |
|m1_q0             |  in |   64|  ap_memory |      m1      |     array    |
|m2_0_address0     | out |    6|  ap_memory |     m2_0     |     array    |
|m2_0_ce0          | out |    1|  ap_memory |     m2_0     |     array    |
|m2_0_q0           |  in |   64|  ap_memory |     m2_0     |     array    |
|m2_1_address0     | out |    6|  ap_memory |     m2_1     |     array    |
|m2_1_ce0          | out |    1|  ap_memory |     m2_1     |     array    |
|m2_1_q0           |  in |   64|  ap_memory |     m2_1     |     array    |
|m2_2_address0     | out |    6|  ap_memory |     m2_2     |     array    |
|m2_2_ce0          | out |    1|  ap_memory |     m2_2     |     array    |
|m2_2_q0           |  in |   64|  ap_memory |     m2_2     |     array    |
|m2_3_address0     | out |    6|  ap_memory |     m2_3     |     array    |
|m2_3_ce0          | out |    1|  ap_memory |     m2_3     |     array    |
|m2_3_q0           |  in |   64|  ap_memory |     m2_3     |     array    |
|m2_4_address0     | out |    6|  ap_memory |     m2_4     |     array    |
|m2_4_ce0          | out |    1|  ap_memory |     m2_4     |     array    |
|m2_4_q0           |  in |   64|  ap_memory |     m2_4     |     array    |
|m2_5_address0     | out |    6|  ap_memory |     m2_5     |     array    |
|m2_5_ce0          | out |    1|  ap_memory |     m2_5     |     array    |
|m2_5_q0           |  in |   64|  ap_memory |     m2_5     |     array    |
|m2_6_address0     | out |    6|  ap_memory |     m2_6     |     array    |
|m2_6_ce0          | out |    1|  ap_memory |     m2_6     |     array    |
|m2_6_q0           |  in |   64|  ap_memory |     m2_6     |     array    |
|m2_7_address0     | out |    6|  ap_memory |     m2_7     |     array    |
|m2_7_ce0          | out |    1|  ap_memory |     m2_7     |     array    |
|m2_7_q0           |  in |   64|  ap_memory |     m2_7     |     array    |
|m2_8_address0     | out |    6|  ap_memory |     m2_8     |     array    |
|m2_8_ce0          | out |    1|  ap_memory |     m2_8     |     array    |
|m2_8_q0           |  in |   64|  ap_memory |     m2_8     |     array    |
|m2_9_address0     | out |    6|  ap_memory |     m2_9     |     array    |
|m2_9_ce0          | out |    1|  ap_memory |     m2_9     |     array    |
|m2_9_q0           |  in |   64|  ap_memory |     m2_9     |     array    |
|m2_10_address0    | out |    6|  ap_memory |     m2_10    |     array    |
|m2_10_ce0         | out |    1|  ap_memory |     m2_10    |     array    |
|m2_10_q0          |  in |   64|  ap_memory |     m2_10    |     array    |
|m2_11_address0    | out |    6|  ap_memory |     m2_11    |     array    |
|m2_11_ce0         | out |    1|  ap_memory |     m2_11    |     array    |
|m2_11_q0          |  in |   64|  ap_memory |     m2_11    |     array    |
|m2_12_address0    | out |    6|  ap_memory |     m2_12    |     array    |
|m2_12_ce0         | out |    1|  ap_memory |     m2_12    |     array    |
|m2_12_q0          |  in |   64|  ap_memory |     m2_12    |     array    |
|m2_13_address0    | out |    6|  ap_memory |     m2_13    |     array    |
|m2_13_ce0         | out |    1|  ap_memory |     m2_13    |     array    |
|m2_13_q0          |  in |   64|  ap_memory |     m2_13    |     array    |
|m2_14_address0    | out |    6|  ap_memory |     m2_14    |     array    |
|m2_14_ce0         | out |    1|  ap_memory |     m2_14    |     array    |
|m2_14_q0          |  in |   64|  ap_memory |     m2_14    |     array    |
|m2_15_address0    | out |    6|  ap_memory |     m2_15    |     array    |
|m2_15_ce0         | out |    1|  ap_memory |     m2_15    |     array    |
|m2_15_q0          |  in |   64|  ap_memory |     m2_15    |     array    |
|m2_16_address0    | out |    6|  ap_memory |     m2_16    |     array    |
|m2_16_ce0         | out |    1|  ap_memory |     m2_16    |     array    |
|m2_16_q0          |  in |   64|  ap_memory |     m2_16    |     array    |
|m2_17_address0    | out |    6|  ap_memory |     m2_17    |     array    |
|m2_17_ce0         | out |    1|  ap_memory |     m2_17    |     array    |
|m2_17_q0          |  in |   64|  ap_memory |     m2_17    |     array    |
|m2_18_address0    | out |    6|  ap_memory |     m2_18    |     array    |
|m2_18_ce0         | out |    1|  ap_memory |     m2_18    |     array    |
|m2_18_q0          |  in |   64|  ap_memory |     m2_18    |     array    |
|m2_19_address0    | out |    6|  ap_memory |     m2_19    |     array    |
|m2_19_ce0         | out |    1|  ap_memory |     m2_19    |     array    |
|m2_19_q0          |  in |   64|  ap_memory |     m2_19    |     array    |
|m2_20_address0    | out |    6|  ap_memory |     m2_20    |     array    |
|m2_20_ce0         | out |    1|  ap_memory |     m2_20    |     array    |
|m2_20_q0          |  in |   64|  ap_memory |     m2_20    |     array    |
|m2_21_address0    | out |    6|  ap_memory |     m2_21    |     array    |
|m2_21_ce0         | out |    1|  ap_memory |     m2_21    |     array    |
|m2_21_q0          |  in |   64|  ap_memory |     m2_21    |     array    |
|m2_22_address0    | out |    6|  ap_memory |     m2_22    |     array    |
|m2_22_ce0         | out |    1|  ap_memory |     m2_22    |     array    |
|m2_22_q0          |  in |   64|  ap_memory |     m2_22    |     array    |
|m2_23_address0    | out |    6|  ap_memory |     m2_23    |     array    |
|m2_23_ce0         | out |    1|  ap_memory |     m2_23    |     array    |
|m2_23_q0          |  in |   64|  ap_memory |     m2_23    |     array    |
|m2_24_address0    | out |    6|  ap_memory |     m2_24    |     array    |
|m2_24_ce0         | out |    1|  ap_memory |     m2_24    |     array    |
|m2_24_q0          |  in |   64|  ap_memory |     m2_24    |     array    |
|m2_25_address0    | out |    6|  ap_memory |     m2_25    |     array    |
|m2_25_ce0         | out |    1|  ap_memory |     m2_25    |     array    |
|m2_25_q0          |  in |   64|  ap_memory |     m2_25    |     array    |
|m2_26_address0    | out |    6|  ap_memory |     m2_26    |     array    |
|m2_26_ce0         | out |    1|  ap_memory |     m2_26    |     array    |
|m2_26_q0          |  in |   64|  ap_memory |     m2_26    |     array    |
|m2_27_address0    | out |    6|  ap_memory |     m2_27    |     array    |
|m2_27_ce0         | out |    1|  ap_memory |     m2_27    |     array    |
|m2_27_q0          |  in |   64|  ap_memory |     m2_27    |     array    |
|m2_28_address0    | out |    6|  ap_memory |     m2_28    |     array    |
|m2_28_ce0         | out |    1|  ap_memory |     m2_28    |     array    |
|m2_28_q0          |  in |   64|  ap_memory |     m2_28    |     array    |
|m2_29_address0    | out |    6|  ap_memory |     m2_29    |     array    |
|m2_29_ce0         | out |    1|  ap_memory |     m2_29    |     array    |
|m2_29_q0          |  in |   64|  ap_memory |     m2_29    |     array    |
|m2_30_address0    | out |    6|  ap_memory |     m2_30    |     array    |
|m2_30_ce0         | out |    1|  ap_memory |     m2_30    |     array    |
|m2_30_q0          |  in |   64|  ap_memory |     m2_30    |     array    |
|m2_31_address0    | out |    6|  ap_memory |     m2_31    |     array    |
|m2_31_ce0         | out |    1|  ap_memory |     m2_31    |     array    |
|m2_31_q0          |  in |   64|  ap_memory |     m2_31    |     array    |
|m2_32_address0    | out |    6|  ap_memory |     m2_32    |     array    |
|m2_32_ce0         | out |    1|  ap_memory |     m2_32    |     array    |
|m2_32_q0          |  in |   64|  ap_memory |     m2_32    |     array    |
|m2_33_address0    | out |    6|  ap_memory |     m2_33    |     array    |
|m2_33_ce0         | out |    1|  ap_memory |     m2_33    |     array    |
|m2_33_q0          |  in |   64|  ap_memory |     m2_33    |     array    |
|m2_34_address0    | out |    6|  ap_memory |     m2_34    |     array    |
|m2_34_ce0         | out |    1|  ap_memory |     m2_34    |     array    |
|m2_34_q0          |  in |   64|  ap_memory |     m2_34    |     array    |
|m2_35_address0    | out |    6|  ap_memory |     m2_35    |     array    |
|m2_35_ce0         | out |    1|  ap_memory |     m2_35    |     array    |
|m2_35_q0          |  in |   64|  ap_memory |     m2_35    |     array    |
|m2_36_address0    | out |    6|  ap_memory |     m2_36    |     array    |
|m2_36_ce0         | out |    1|  ap_memory |     m2_36    |     array    |
|m2_36_q0          |  in |   64|  ap_memory |     m2_36    |     array    |
|m2_37_address0    | out |    6|  ap_memory |     m2_37    |     array    |
|m2_37_ce0         | out |    1|  ap_memory |     m2_37    |     array    |
|m2_37_q0          |  in |   64|  ap_memory |     m2_37    |     array    |
|m2_38_address0    | out |    6|  ap_memory |     m2_38    |     array    |
|m2_38_ce0         | out |    1|  ap_memory |     m2_38    |     array    |
|m2_38_q0          |  in |   64|  ap_memory |     m2_38    |     array    |
|m2_39_address0    | out |    6|  ap_memory |     m2_39    |     array    |
|m2_39_ce0         | out |    1|  ap_memory |     m2_39    |     array    |
|m2_39_q0          |  in |   64|  ap_memory |     m2_39    |     array    |
|m2_40_address0    | out |    6|  ap_memory |     m2_40    |     array    |
|m2_40_ce0         | out |    1|  ap_memory |     m2_40    |     array    |
|m2_40_q0          |  in |   64|  ap_memory |     m2_40    |     array    |
|m2_41_address0    | out |    6|  ap_memory |     m2_41    |     array    |
|m2_41_ce0         | out |    1|  ap_memory |     m2_41    |     array    |
|m2_41_q0          |  in |   64|  ap_memory |     m2_41    |     array    |
|m2_42_address0    | out |    6|  ap_memory |     m2_42    |     array    |
|m2_42_ce0         | out |    1|  ap_memory |     m2_42    |     array    |
|m2_42_q0          |  in |   64|  ap_memory |     m2_42    |     array    |
|m2_43_address0    | out |    6|  ap_memory |     m2_43    |     array    |
|m2_43_ce0         | out |    1|  ap_memory |     m2_43    |     array    |
|m2_43_q0          |  in |   64|  ap_memory |     m2_43    |     array    |
|m2_44_address0    | out |    6|  ap_memory |     m2_44    |     array    |
|m2_44_ce0         | out |    1|  ap_memory |     m2_44    |     array    |
|m2_44_q0          |  in |   64|  ap_memory |     m2_44    |     array    |
|m2_45_address0    | out |    6|  ap_memory |     m2_45    |     array    |
|m2_45_ce0         | out |    1|  ap_memory |     m2_45    |     array    |
|m2_45_q0          |  in |   64|  ap_memory |     m2_45    |     array    |
|m2_46_address0    | out |    6|  ap_memory |     m2_46    |     array    |
|m2_46_ce0         | out |    1|  ap_memory |     m2_46    |     array    |
|m2_46_q0          |  in |   64|  ap_memory |     m2_46    |     array    |
|m2_47_address0    | out |    6|  ap_memory |     m2_47    |     array    |
|m2_47_ce0         | out |    1|  ap_memory |     m2_47    |     array    |
|m2_47_q0          |  in |   64|  ap_memory |     m2_47    |     array    |
|m2_48_address0    | out |    6|  ap_memory |     m2_48    |     array    |
|m2_48_ce0         | out |    1|  ap_memory |     m2_48    |     array    |
|m2_48_q0          |  in |   64|  ap_memory |     m2_48    |     array    |
|m2_49_address0    | out |    6|  ap_memory |     m2_49    |     array    |
|m2_49_ce0         | out |    1|  ap_memory |     m2_49    |     array    |
|m2_49_q0          |  in |   64|  ap_memory |     m2_49    |     array    |
|m2_50_address0    | out |    6|  ap_memory |     m2_50    |     array    |
|m2_50_ce0         | out |    1|  ap_memory |     m2_50    |     array    |
|m2_50_q0          |  in |   64|  ap_memory |     m2_50    |     array    |
|m2_51_address0    | out |    6|  ap_memory |     m2_51    |     array    |
|m2_51_ce0         | out |    1|  ap_memory |     m2_51    |     array    |
|m2_51_q0          |  in |   64|  ap_memory |     m2_51    |     array    |
|m2_52_address0    | out |    6|  ap_memory |     m2_52    |     array    |
|m2_52_ce0         | out |    1|  ap_memory |     m2_52    |     array    |
|m2_52_q0          |  in |   64|  ap_memory |     m2_52    |     array    |
|m2_53_address0    | out |    6|  ap_memory |     m2_53    |     array    |
|m2_53_ce0         | out |    1|  ap_memory |     m2_53    |     array    |
|m2_53_q0          |  in |   64|  ap_memory |     m2_53    |     array    |
|m2_54_address0    | out |    6|  ap_memory |     m2_54    |     array    |
|m2_54_ce0         | out |    1|  ap_memory |     m2_54    |     array    |
|m2_54_q0          |  in |   64|  ap_memory |     m2_54    |     array    |
|m2_55_address0    | out |    6|  ap_memory |     m2_55    |     array    |
|m2_55_ce0         | out |    1|  ap_memory |     m2_55    |     array    |
|m2_55_q0          |  in |   64|  ap_memory |     m2_55    |     array    |
|m2_56_address0    | out |    6|  ap_memory |     m2_56    |     array    |
|m2_56_ce0         | out |    1|  ap_memory |     m2_56    |     array    |
|m2_56_q0          |  in |   64|  ap_memory |     m2_56    |     array    |
|m2_57_address0    | out |    6|  ap_memory |     m2_57    |     array    |
|m2_57_ce0         | out |    1|  ap_memory |     m2_57    |     array    |
|m2_57_q0          |  in |   64|  ap_memory |     m2_57    |     array    |
|m2_58_address0    | out |    6|  ap_memory |     m2_58    |     array    |
|m2_58_ce0         | out |    1|  ap_memory |     m2_58    |     array    |
|m2_58_q0          |  in |   64|  ap_memory |     m2_58    |     array    |
|m2_59_address0    | out |    6|  ap_memory |     m2_59    |     array    |
|m2_59_ce0         | out |    1|  ap_memory |     m2_59    |     array    |
|m2_59_q0          |  in |   64|  ap_memory |     m2_59    |     array    |
|m2_60_address0    | out |    6|  ap_memory |     m2_60    |     array    |
|m2_60_ce0         | out |    1|  ap_memory |     m2_60    |     array    |
|m2_60_q0          |  in |   64|  ap_memory |     m2_60    |     array    |
|m2_61_address0    | out |    6|  ap_memory |     m2_61    |     array    |
|m2_61_ce0         | out |    1|  ap_memory |     m2_61    |     array    |
|m2_61_q0          |  in |   64|  ap_memory |     m2_61    |     array    |
|m2_62_address0    | out |    6|  ap_memory |     m2_62    |     array    |
|m2_62_ce0         | out |    1|  ap_memory |     m2_62    |     array    |
|m2_62_q0          |  in |   64|  ap_memory |     m2_62    |     array    |
|m2_63_address0    | out |    6|  ap_memory |     m2_63    |     array    |
|m2_63_ce0         | out |    1|  ap_memory |     m2_63    |     array    |
|m2_63_q0          |  in |   64|  ap_memory |     m2_63    |     array    |
|prod_0_address0   | out |    6|  ap_memory |    prod_0    |     array    |
|prod_0_ce0        | out |    1|  ap_memory |    prod_0    |     array    |
|prod_0_we0        | out |    1|  ap_memory |    prod_0    |     array    |
|prod_0_d0         | out |   64|  ap_memory |    prod_0    |     array    |
|prod_1_address0   | out |    6|  ap_memory |    prod_1    |     array    |
|prod_1_ce0        | out |    1|  ap_memory |    prod_1    |     array    |
|prod_1_we0        | out |    1|  ap_memory |    prod_1    |     array    |
|prod_1_d0         | out |   64|  ap_memory |    prod_1    |     array    |
|prod_2_address0   | out |    6|  ap_memory |    prod_2    |     array    |
|prod_2_ce0        | out |    1|  ap_memory |    prod_2    |     array    |
|prod_2_we0        | out |    1|  ap_memory |    prod_2    |     array    |
|prod_2_d0         | out |   64|  ap_memory |    prod_2    |     array    |
|prod_3_address0   | out |    6|  ap_memory |    prod_3    |     array    |
|prod_3_ce0        | out |    1|  ap_memory |    prod_3    |     array    |
|prod_3_we0        | out |    1|  ap_memory |    prod_3    |     array    |
|prod_3_d0         | out |   64|  ap_memory |    prod_3    |     array    |
|prod_4_address0   | out |    6|  ap_memory |    prod_4    |     array    |
|prod_4_ce0        | out |    1|  ap_memory |    prod_4    |     array    |
|prod_4_we0        | out |    1|  ap_memory |    prod_4    |     array    |
|prod_4_d0         | out |   64|  ap_memory |    prod_4    |     array    |
|prod_5_address0   | out |    6|  ap_memory |    prod_5    |     array    |
|prod_5_ce0        | out |    1|  ap_memory |    prod_5    |     array    |
|prod_5_we0        | out |    1|  ap_memory |    prod_5    |     array    |
|prod_5_d0         | out |   64|  ap_memory |    prod_5    |     array    |
|prod_6_address0   | out |    6|  ap_memory |    prod_6    |     array    |
|prod_6_ce0        | out |    1|  ap_memory |    prod_6    |     array    |
|prod_6_we0        | out |    1|  ap_memory |    prod_6    |     array    |
|prod_6_d0         | out |   64|  ap_memory |    prod_6    |     array    |
|prod_7_address0   | out |    6|  ap_memory |    prod_7    |     array    |
|prod_7_ce0        | out |    1|  ap_memory |    prod_7    |     array    |
|prod_7_we0        | out |    1|  ap_memory |    prod_7    |     array    |
|prod_7_d0         | out |   64|  ap_memory |    prod_7    |     array    |
|prod_8_address0   | out |    6|  ap_memory |    prod_8    |     array    |
|prod_8_ce0        | out |    1|  ap_memory |    prod_8    |     array    |
|prod_8_we0        | out |    1|  ap_memory |    prod_8    |     array    |
|prod_8_d0         | out |   64|  ap_memory |    prod_8    |     array    |
|prod_9_address0   | out |    6|  ap_memory |    prod_9    |     array    |
|prod_9_ce0        | out |    1|  ap_memory |    prod_9    |     array    |
|prod_9_we0        | out |    1|  ap_memory |    prod_9    |     array    |
|prod_9_d0         | out |   64|  ap_memory |    prod_9    |     array    |
|prod_10_address0  | out |    6|  ap_memory |    prod_10   |     array    |
|prod_10_ce0       | out |    1|  ap_memory |    prod_10   |     array    |
|prod_10_we0       | out |    1|  ap_memory |    prod_10   |     array    |
|prod_10_d0        | out |   64|  ap_memory |    prod_10   |     array    |
|prod_11_address0  | out |    6|  ap_memory |    prod_11   |     array    |
|prod_11_ce0       | out |    1|  ap_memory |    prod_11   |     array    |
|prod_11_we0       | out |    1|  ap_memory |    prod_11   |     array    |
|prod_11_d0        | out |   64|  ap_memory |    prod_11   |     array    |
|prod_12_address0  | out |    6|  ap_memory |    prod_12   |     array    |
|prod_12_ce0       | out |    1|  ap_memory |    prod_12   |     array    |
|prod_12_we0       | out |    1|  ap_memory |    prod_12   |     array    |
|prod_12_d0        | out |   64|  ap_memory |    prod_12   |     array    |
|prod_13_address0  | out |    6|  ap_memory |    prod_13   |     array    |
|prod_13_ce0       | out |    1|  ap_memory |    prod_13   |     array    |
|prod_13_we0       | out |    1|  ap_memory |    prod_13   |     array    |
|prod_13_d0        | out |   64|  ap_memory |    prod_13   |     array    |
|prod_14_address0  | out |    6|  ap_memory |    prod_14   |     array    |
|prod_14_ce0       | out |    1|  ap_memory |    prod_14   |     array    |
|prod_14_we0       | out |    1|  ap_memory |    prod_14   |     array    |
|prod_14_d0        | out |   64|  ap_memory |    prod_14   |     array    |
|prod_15_address0  | out |    6|  ap_memory |    prod_15   |     array    |
|prod_15_ce0       | out |    1|  ap_memory |    prod_15   |     array    |
|prod_15_we0       | out |    1|  ap_memory |    prod_15   |     array    |
|prod_15_d0        | out |   64|  ap_memory |    prod_15   |     array    |
|prod_16_address0  | out |    6|  ap_memory |    prod_16   |     array    |
|prod_16_ce0       | out |    1|  ap_memory |    prod_16   |     array    |
|prod_16_we0       | out |    1|  ap_memory |    prod_16   |     array    |
|prod_16_d0        | out |   64|  ap_memory |    prod_16   |     array    |
|prod_17_address0  | out |    6|  ap_memory |    prod_17   |     array    |
|prod_17_ce0       | out |    1|  ap_memory |    prod_17   |     array    |
|prod_17_we0       | out |    1|  ap_memory |    prod_17   |     array    |
|prod_17_d0        | out |   64|  ap_memory |    prod_17   |     array    |
|prod_18_address0  | out |    6|  ap_memory |    prod_18   |     array    |
|prod_18_ce0       | out |    1|  ap_memory |    prod_18   |     array    |
|prod_18_we0       | out |    1|  ap_memory |    prod_18   |     array    |
|prod_18_d0        | out |   64|  ap_memory |    prod_18   |     array    |
|prod_19_address0  | out |    6|  ap_memory |    prod_19   |     array    |
|prod_19_ce0       | out |    1|  ap_memory |    prod_19   |     array    |
|prod_19_we0       | out |    1|  ap_memory |    prod_19   |     array    |
|prod_19_d0        | out |   64|  ap_memory |    prod_19   |     array    |
|prod_20_address0  | out |    6|  ap_memory |    prod_20   |     array    |
|prod_20_ce0       | out |    1|  ap_memory |    prod_20   |     array    |
|prod_20_we0       | out |    1|  ap_memory |    prod_20   |     array    |
|prod_20_d0        | out |   64|  ap_memory |    prod_20   |     array    |
|prod_21_address0  | out |    6|  ap_memory |    prod_21   |     array    |
|prod_21_ce0       | out |    1|  ap_memory |    prod_21   |     array    |
|prod_21_we0       | out |    1|  ap_memory |    prod_21   |     array    |
|prod_21_d0        | out |   64|  ap_memory |    prod_21   |     array    |
|prod_22_address0  | out |    6|  ap_memory |    prod_22   |     array    |
|prod_22_ce0       | out |    1|  ap_memory |    prod_22   |     array    |
|prod_22_we0       | out |    1|  ap_memory |    prod_22   |     array    |
|prod_22_d0        | out |   64|  ap_memory |    prod_22   |     array    |
|prod_23_address0  | out |    6|  ap_memory |    prod_23   |     array    |
|prod_23_ce0       | out |    1|  ap_memory |    prod_23   |     array    |
|prod_23_we0       | out |    1|  ap_memory |    prod_23   |     array    |
|prod_23_d0        | out |   64|  ap_memory |    prod_23   |     array    |
|prod_24_address0  | out |    6|  ap_memory |    prod_24   |     array    |
|prod_24_ce0       | out |    1|  ap_memory |    prod_24   |     array    |
|prod_24_we0       | out |    1|  ap_memory |    prod_24   |     array    |
|prod_24_d0        | out |   64|  ap_memory |    prod_24   |     array    |
|prod_25_address0  | out |    6|  ap_memory |    prod_25   |     array    |
|prod_25_ce0       | out |    1|  ap_memory |    prod_25   |     array    |
|prod_25_we0       | out |    1|  ap_memory |    prod_25   |     array    |
|prod_25_d0        | out |   64|  ap_memory |    prod_25   |     array    |
|prod_26_address0  | out |    6|  ap_memory |    prod_26   |     array    |
|prod_26_ce0       | out |    1|  ap_memory |    prod_26   |     array    |
|prod_26_we0       | out |    1|  ap_memory |    prod_26   |     array    |
|prod_26_d0        | out |   64|  ap_memory |    prod_26   |     array    |
|prod_27_address0  | out |    6|  ap_memory |    prod_27   |     array    |
|prod_27_ce0       | out |    1|  ap_memory |    prod_27   |     array    |
|prod_27_we0       | out |    1|  ap_memory |    prod_27   |     array    |
|prod_27_d0        | out |   64|  ap_memory |    prod_27   |     array    |
|prod_28_address0  | out |    6|  ap_memory |    prod_28   |     array    |
|prod_28_ce0       | out |    1|  ap_memory |    prod_28   |     array    |
|prod_28_we0       | out |    1|  ap_memory |    prod_28   |     array    |
|prod_28_d0        | out |   64|  ap_memory |    prod_28   |     array    |
|prod_29_address0  | out |    6|  ap_memory |    prod_29   |     array    |
|prod_29_ce0       | out |    1|  ap_memory |    prod_29   |     array    |
|prod_29_we0       | out |    1|  ap_memory |    prod_29   |     array    |
|prod_29_d0        | out |   64|  ap_memory |    prod_29   |     array    |
|prod_30_address0  | out |    6|  ap_memory |    prod_30   |     array    |
|prod_30_ce0       | out |    1|  ap_memory |    prod_30   |     array    |
|prod_30_we0       | out |    1|  ap_memory |    prod_30   |     array    |
|prod_30_d0        | out |   64|  ap_memory |    prod_30   |     array    |
|prod_31_address0  | out |    6|  ap_memory |    prod_31   |     array    |
|prod_31_ce0       | out |    1|  ap_memory |    prod_31   |     array    |
|prod_31_we0       | out |    1|  ap_memory |    prod_31   |     array    |
|prod_31_d0        | out |   64|  ap_memory |    prod_31   |     array    |
|prod_32_address0  | out |    6|  ap_memory |    prod_32   |     array    |
|prod_32_ce0       | out |    1|  ap_memory |    prod_32   |     array    |
|prod_32_we0       | out |    1|  ap_memory |    prod_32   |     array    |
|prod_32_d0        | out |   64|  ap_memory |    prod_32   |     array    |
|prod_33_address0  | out |    6|  ap_memory |    prod_33   |     array    |
|prod_33_ce0       | out |    1|  ap_memory |    prod_33   |     array    |
|prod_33_we0       | out |    1|  ap_memory |    prod_33   |     array    |
|prod_33_d0        | out |   64|  ap_memory |    prod_33   |     array    |
|prod_34_address0  | out |    6|  ap_memory |    prod_34   |     array    |
|prod_34_ce0       | out |    1|  ap_memory |    prod_34   |     array    |
|prod_34_we0       | out |    1|  ap_memory |    prod_34   |     array    |
|prod_34_d0        | out |   64|  ap_memory |    prod_34   |     array    |
|prod_35_address0  | out |    6|  ap_memory |    prod_35   |     array    |
|prod_35_ce0       | out |    1|  ap_memory |    prod_35   |     array    |
|prod_35_we0       | out |    1|  ap_memory |    prod_35   |     array    |
|prod_35_d0        | out |   64|  ap_memory |    prod_35   |     array    |
|prod_36_address0  | out |    6|  ap_memory |    prod_36   |     array    |
|prod_36_ce0       | out |    1|  ap_memory |    prod_36   |     array    |
|prod_36_we0       | out |    1|  ap_memory |    prod_36   |     array    |
|prod_36_d0        | out |   64|  ap_memory |    prod_36   |     array    |
|prod_37_address0  | out |    6|  ap_memory |    prod_37   |     array    |
|prod_37_ce0       | out |    1|  ap_memory |    prod_37   |     array    |
|prod_37_we0       | out |    1|  ap_memory |    prod_37   |     array    |
|prod_37_d0        | out |   64|  ap_memory |    prod_37   |     array    |
|prod_38_address0  | out |    6|  ap_memory |    prod_38   |     array    |
|prod_38_ce0       | out |    1|  ap_memory |    prod_38   |     array    |
|prod_38_we0       | out |    1|  ap_memory |    prod_38   |     array    |
|prod_38_d0        | out |   64|  ap_memory |    prod_38   |     array    |
|prod_39_address0  | out |    6|  ap_memory |    prod_39   |     array    |
|prod_39_ce0       | out |    1|  ap_memory |    prod_39   |     array    |
|prod_39_we0       | out |    1|  ap_memory |    prod_39   |     array    |
|prod_39_d0        | out |   64|  ap_memory |    prod_39   |     array    |
|prod_40_address0  | out |    6|  ap_memory |    prod_40   |     array    |
|prod_40_ce0       | out |    1|  ap_memory |    prod_40   |     array    |
|prod_40_we0       | out |    1|  ap_memory |    prod_40   |     array    |
|prod_40_d0        | out |   64|  ap_memory |    prod_40   |     array    |
|prod_41_address0  | out |    6|  ap_memory |    prod_41   |     array    |
|prod_41_ce0       | out |    1|  ap_memory |    prod_41   |     array    |
|prod_41_we0       | out |    1|  ap_memory |    prod_41   |     array    |
|prod_41_d0        | out |   64|  ap_memory |    prod_41   |     array    |
|prod_42_address0  | out |    6|  ap_memory |    prod_42   |     array    |
|prod_42_ce0       | out |    1|  ap_memory |    prod_42   |     array    |
|prod_42_we0       | out |    1|  ap_memory |    prod_42   |     array    |
|prod_42_d0        | out |   64|  ap_memory |    prod_42   |     array    |
|prod_43_address0  | out |    6|  ap_memory |    prod_43   |     array    |
|prod_43_ce0       | out |    1|  ap_memory |    prod_43   |     array    |
|prod_43_we0       | out |    1|  ap_memory |    prod_43   |     array    |
|prod_43_d0        | out |   64|  ap_memory |    prod_43   |     array    |
|prod_44_address0  | out |    6|  ap_memory |    prod_44   |     array    |
|prod_44_ce0       | out |    1|  ap_memory |    prod_44   |     array    |
|prod_44_we0       | out |    1|  ap_memory |    prod_44   |     array    |
|prod_44_d0        | out |   64|  ap_memory |    prod_44   |     array    |
|prod_45_address0  | out |    6|  ap_memory |    prod_45   |     array    |
|prod_45_ce0       | out |    1|  ap_memory |    prod_45   |     array    |
|prod_45_we0       | out |    1|  ap_memory |    prod_45   |     array    |
|prod_45_d0        | out |   64|  ap_memory |    prod_45   |     array    |
|prod_46_address0  | out |    6|  ap_memory |    prod_46   |     array    |
|prod_46_ce0       | out |    1|  ap_memory |    prod_46   |     array    |
|prod_46_we0       | out |    1|  ap_memory |    prod_46   |     array    |
|prod_46_d0        | out |   64|  ap_memory |    prod_46   |     array    |
|prod_47_address0  | out |    6|  ap_memory |    prod_47   |     array    |
|prod_47_ce0       | out |    1|  ap_memory |    prod_47   |     array    |
|prod_47_we0       | out |    1|  ap_memory |    prod_47   |     array    |
|prod_47_d0        | out |   64|  ap_memory |    prod_47   |     array    |
|prod_48_address0  | out |    6|  ap_memory |    prod_48   |     array    |
|prod_48_ce0       | out |    1|  ap_memory |    prod_48   |     array    |
|prod_48_we0       | out |    1|  ap_memory |    prod_48   |     array    |
|prod_48_d0        | out |   64|  ap_memory |    prod_48   |     array    |
|prod_49_address0  | out |    6|  ap_memory |    prod_49   |     array    |
|prod_49_ce0       | out |    1|  ap_memory |    prod_49   |     array    |
|prod_49_we0       | out |    1|  ap_memory |    prod_49   |     array    |
|prod_49_d0        | out |   64|  ap_memory |    prod_49   |     array    |
|prod_50_address0  | out |    6|  ap_memory |    prod_50   |     array    |
|prod_50_ce0       | out |    1|  ap_memory |    prod_50   |     array    |
|prod_50_we0       | out |    1|  ap_memory |    prod_50   |     array    |
|prod_50_d0        | out |   64|  ap_memory |    prod_50   |     array    |
|prod_51_address0  | out |    6|  ap_memory |    prod_51   |     array    |
|prod_51_ce0       | out |    1|  ap_memory |    prod_51   |     array    |
|prod_51_we0       | out |    1|  ap_memory |    prod_51   |     array    |
|prod_51_d0        | out |   64|  ap_memory |    prod_51   |     array    |
|prod_52_address0  | out |    6|  ap_memory |    prod_52   |     array    |
|prod_52_ce0       | out |    1|  ap_memory |    prod_52   |     array    |
|prod_52_we0       | out |    1|  ap_memory |    prod_52   |     array    |
|prod_52_d0        | out |   64|  ap_memory |    prod_52   |     array    |
|prod_53_address0  | out |    6|  ap_memory |    prod_53   |     array    |
|prod_53_ce0       | out |    1|  ap_memory |    prod_53   |     array    |
|prod_53_we0       | out |    1|  ap_memory |    prod_53   |     array    |
|prod_53_d0        | out |   64|  ap_memory |    prod_53   |     array    |
|prod_54_address0  | out |    6|  ap_memory |    prod_54   |     array    |
|prod_54_ce0       | out |    1|  ap_memory |    prod_54   |     array    |
|prod_54_we0       | out |    1|  ap_memory |    prod_54   |     array    |
|prod_54_d0        | out |   64|  ap_memory |    prod_54   |     array    |
|prod_55_address0  | out |    6|  ap_memory |    prod_55   |     array    |
|prod_55_ce0       | out |    1|  ap_memory |    prod_55   |     array    |
|prod_55_we0       | out |    1|  ap_memory |    prod_55   |     array    |
|prod_55_d0        | out |   64|  ap_memory |    prod_55   |     array    |
|prod_56_address0  | out |    6|  ap_memory |    prod_56   |     array    |
|prod_56_ce0       | out |    1|  ap_memory |    prod_56   |     array    |
|prod_56_we0       | out |    1|  ap_memory |    prod_56   |     array    |
|prod_56_d0        | out |   64|  ap_memory |    prod_56   |     array    |
|prod_57_address0  | out |    6|  ap_memory |    prod_57   |     array    |
|prod_57_ce0       | out |    1|  ap_memory |    prod_57   |     array    |
|prod_57_we0       | out |    1|  ap_memory |    prod_57   |     array    |
|prod_57_d0        | out |   64|  ap_memory |    prod_57   |     array    |
|prod_58_address0  | out |    6|  ap_memory |    prod_58   |     array    |
|prod_58_ce0       | out |    1|  ap_memory |    prod_58   |     array    |
|prod_58_we0       | out |    1|  ap_memory |    prod_58   |     array    |
|prod_58_d0        | out |   64|  ap_memory |    prod_58   |     array    |
|prod_59_address0  | out |    6|  ap_memory |    prod_59   |     array    |
|prod_59_ce0       | out |    1|  ap_memory |    prod_59   |     array    |
|prod_59_we0       | out |    1|  ap_memory |    prod_59   |     array    |
|prod_59_d0        | out |   64|  ap_memory |    prod_59   |     array    |
|prod_60_address0  | out |    6|  ap_memory |    prod_60   |     array    |
|prod_60_ce0       | out |    1|  ap_memory |    prod_60   |     array    |
|prod_60_we0       | out |    1|  ap_memory |    prod_60   |     array    |
|prod_60_d0        | out |   64|  ap_memory |    prod_60   |     array    |
|prod_61_address0  | out |    6|  ap_memory |    prod_61   |     array    |
|prod_61_ce0       | out |    1|  ap_memory |    prod_61   |     array    |
|prod_61_we0       | out |    1|  ap_memory |    prod_61   |     array    |
|prod_61_d0        | out |   64|  ap_memory |    prod_61   |     array    |
|prod_62_address0  | out |    6|  ap_memory |    prod_62   |     array    |
|prod_62_ce0       | out |    1|  ap_memory |    prod_62   |     array    |
|prod_62_we0       | out |    1|  ap_memory |    prod_62   |     array    |
|prod_62_d0        | out |   64|  ap_memory |    prod_62   |     array    |
|prod_63_address0  | out |    6|  ap_memory |    prod_63   |     array    |
|prod_63_ce0       | out |    1|  ap_memory |    prod_63   |     array    |
|prod_63_we0       | out |    1|  ap_memory |    prod_63   |     array    |
|prod_63_d0        | out |   64|  ap_memory |    prod_63   |     array    |
+------------------+-----+-----+------------+--------------+--------------+

