

================================================================
== Vivado HLS Report for 'gemm'
================================================================
* Date:           Thu Nov 30 22:35:08 2023

* Version:        2019.2.1 (Build 2724168 on Thu Dec 05 05:19:09 MST 2019)
* Project:        gemm_hls
* Solution:       solution1
* Product family: virtex7
* Target device:  xc7v585t-ffg1761-2


================================================================
== Performance Estimates
================================================================
+ Timing: 
    * Summary: 
    +--------+----------+-----------+------------+
    |  Clock |  Target  | Estimated | Uncertainty|
    +--------+----------+-----------+------------+
    |ap_clk  | 10.00 ns | 10.704 ns |   1.25 ns  |
    +--------+----------+-----------+------------+

+ Latency: 
    * Summary: 
    +---------+---------+----------+----------+--------+--------+---------+
    |  Latency (cycles) |  Latency (absolute) |     Interval    | Pipeline|
    |   min   |   max   |    min   |    max   |   min  |   max  |   Type  |
    +---------+---------+----------+----------+--------+--------+---------+
    |   262849|   262849| 2.814 ms | 2.814 ms |  262849|  262849|   none  |
    +---------+---------+----------+----------+--------+--------+---------+

    + Detail: 
        * Instance: 
        N/A

        * Loop: 
        +----------+---------+---------+----------+-----------+-----------+------+----------+
        |          |  Latency (cycles) | Iteration|  Initiation Interval  | Trip |          |
        | Loop Name|   min   |   max   |  Latency |  achieved |   target  | Count| Pipelined|
        +----------+---------+---------+----------+-----------+-----------+------+----------+
        |- outer   |   262848|   262848|      4107|          -|          -|    64|    no    |
        +----------+---------+---------+----------+-----------+-----------+------+----------+



================================================================
== Utilization Estimates
================================================================
* Summary: 
+-----------------+---------+-------+--------+--------+-----+
|       Name      | BRAM_18K| DSP48E|   FF   |   LUT  | URAM|
+-----------------+---------+-------+--------+--------+-----+
|DSP              |        -|      -|       -|       -|    -|
|Expression       |        -|      -|       0|     782|    -|
|FIFO             |        -|      -|       -|       -|    -|
|Instance         |        -|    112|    5832|    7720|    -|
|Memory           |        -|      -|       -|       -|    -|
|Multiplexer      |        -|      -|       -|    6484|    -|
|Register         |        -|      -|   18343|       -|    -|
+-----------------+---------+-------+--------+--------+-----+
|Total            |        0|    112|   24175|   14986|    0|
+-----------------+---------+-------+--------+--------+-----+
|Available        |     1590|   1260|  728400|  364200|    0|
+-----------------+---------+-------+--------+--------+-----+
|Utilization (%)  |        0|      8|       3|       4|    0|
+-----------------+---------+-------+--------+--------+-----+

+ Detail: 
    * Instance: 
    +--------------------------+----------------------+---------+-------+-----+-----+-----+
    |         Instance         |        Module        | BRAM_18K| DSP48E|  FF | LUT | URAM|
    +--------------------------+----------------------+---------+-------+-----+-----+-----+
    |gemm_dadd_64ns_64bkb_U1   |gemm_dadd_64ns_64bkb  |        0|      3|  430|  762|    0|
    |gemm_dadd_64ns_64bkb_U2   |gemm_dadd_64ns_64bkb  |        0|      3|  430|  762|    0|
    |gemm_dadd_64ns_64bkb_U3   |gemm_dadd_64ns_64bkb  |        0|      3|  430|  762|    0|
    |gemm_dadd_64ns_64bkb_U4   |gemm_dadd_64ns_64bkb  |        0|      3|  430|  762|    0|
    |gemm_dadd_64ns_64bkb_U5   |gemm_dadd_64ns_64bkb  |        0|      3|  430|  762|    0|
    |gemm_dadd_64ns_64bkb_U6   |gemm_dadd_64ns_64bkb  |        0|      3|  430|  762|    0|
    |gemm_dadd_64ns_64bkb_U7   |gemm_dadd_64ns_64bkb  |        0|      3|  430|  762|    0|
    |gemm_dadd_64ns_64bkb_U8   |gemm_dadd_64ns_64bkb  |        0|      3|  430|  762|    0|
    |gemm_dmul_64ns_64cud_U9   |gemm_dmul_64ns_64cud  |        0|     11|  299|  203|    0|
    |gemm_dmul_64ns_64cud_U10  |gemm_dmul_64ns_64cud  |        0|     11|  299|  203|    0|
    |gemm_dmul_64ns_64cud_U11  |gemm_dmul_64ns_64cud  |        0|     11|  299|  203|    0|
    |gemm_dmul_64ns_64cud_U12  |gemm_dmul_64ns_64cud  |        0|     11|  299|  203|    0|
    |gemm_dmul_64ns_64cud_U13  |gemm_dmul_64ns_64cud  |        0|     11|  299|  203|    0|
    |gemm_dmul_64ns_64cud_U14  |gemm_dmul_64ns_64cud  |        0|     11|  299|  203|    0|
    |gemm_dmul_64ns_64cud_U15  |gemm_dmul_64ns_64cud  |        0|     11|  299|  203|    0|
    |gemm_dmul_64ns_64cud_U16  |gemm_dmul_64ns_64cud  |        0|     11|  299|  203|    0|
    +--------------------------+----------------------+---------+-------+-----+-----+-----+
    |Total                     |                      |        0|    112| 5832| 7720|    0|
    +--------------------------+----------------------+---------+-------+-----+-----+-----+

    * DSP48E: 
    N/A

    * Memory: 
    N/A

    * FIFO: 
    N/A

    * Expression: 
    +------------------------+----------+-------+---+----+------------+------------+
    |      Variable Name     | Operation| DSP48E| FF| LUT| Bitwidth P0| Bitwidth P1|
    +------------------------+----------+-------+---+----+------------+------------+
    |i_fu_43361_p2           |     +    |      0|  0|  15|           7|           1|
    |icmp_ln8_fu_43355_p2    |   icmp   |      0|  0|  11|           7|           8|
    |or_ln14_10_fu_43483_p2  |    or    |      0|  0|  12|          12|           4|
    |or_ln14_11_fu_43494_p2  |    or    |      0|  0|  12|          12|           4|
    |or_ln14_12_fu_43505_p2  |    or    |      0|  0|  12|          12|           4|
    |or_ln14_13_fu_43516_p2  |    or    |      0|  0|  12|          12|           4|
    |or_ln14_14_fu_43527_p2  |    or    |      0|  0|  12|          12|           4|
    |or_ln14_15_fu_43538_p2  |    or    |      0|  0|  12|          12|           5|
    |or_ln14_16_fu_43549_p2  |    or    |      0|  0|  12|          12|           5|
    |or_ln14_17_fu_43560_p2  |    or    |      0|  0|  12|          12|           5|
    |or_ln14_18_fu_43571_p2  |    or    |      0|  0|  12|          12|           5|
    |or_ln14_19_fu_43582_p2  |    or    |      0|  0|  12|          12|           5|
    |or_ln14_1_fu_43384_p2   |    or    |      0|  0|  12|          12|           2|
    |or_ln14_20_fu_43593_p2  |    or    |      0|  0|  12|          12|           5|
    |or_ln14_21_fu_43604_p2  |    or    |      0|  0|  12|          12|           5|
    |or_ln14_22_fu_43615_p2  |    or    |      0|  0|  12|          12|           5|
    |or_ln14_23_fu_43626_p2  |    or    |      0|  0|  12|          12|           5|
    |or_ln14_24_fu_43637_p2  |    or    |      0|  0|  12|          12|           5|
    |or_ln14_25_fu_43648_p2  |    or    |      0|  0|  12|          12|           5|
    |or_ln14_26_fu_43659_p2  |    or    |      0|  0|  12|          12|           5|
    |or_ln14_27_fu_43670_p2  |    or    |      0|  0|  12|          12|           5|
    |or_ln14_28_fu_43681_p2  |    or    |      0|  0|  12|          12|           5|
    |or_ln14_29_fu_43692_p2  |    or    |      0|  0|  12|          12|           5|
    |or_ln14_2_fu_43395_p2   |    or    |      0|  0|  12|          12|           2|
    |or_ln14_30_fu_43703_p2  |    or    |      0|  0|  12|          12|           5|
    |or_ln14_31_fu_43724_p2  |    or    |      0|  0|  12|          12|           6|
    |or_ln14_32_fu_43734_p2  |    or    |      0|  0|  12|          12|           6|
    |or_ln14_33_fu_43744_p2  |    or    |      0|  0|  12|          12|           6|
    |or_ln14_34_fu_43754_p2  |    or    |      0|  0|  12|          12|           6|
    |or_ln14_35_fu_43764_p2  |    or    |      0|  0|  12|          12|           6|
    |or_ln14_36_fu_43774_p2  |    or    |      0|  0|  12|          12|           6|
    |or_ln14_37_fu_43784_p2  |    or    |      0|  0|  12|          12|           6|
    |or_ln14_38_fu_43794_p2  |    or    |      0|  0|  12|          12|           6|
    |or_ln14_39_fu_43804_p2  |    or    |      0|  0|  12|          12|           6|
    |or_ln14_3_fu_43406_p2   |    or    |      0|  0|  12|          12|           3|
    |or_ln14_40_fu_43814_p2  |    or    |      0|  0|  12|          12|           6|
    |or_ln14_41_fu_43824_p2  |    or    |      0|  0|  12|          12|           6|
    |or_ln14_42_fu_43834_p2  |    or    |      0|  0|  12|          12|           6|
    |or_ln14_43_fu_43844_p2  |    or    |      0|  0|  12|          12|           6|
    |or_ln14_44_fu_43854_p2  |    or    |      0|  0|  12|          12|           6|
    |or_ln14_45_fu_43864_p2  |    or    |      0|  0|  12|          12|           6|
    |or_ln14_46_fu_43874_p2  |    or    |      0|  0|  12|          12|           6|
    |or_ln14_47_fu_43884_p2  |    or    |      0|  0|  12|          12|           6|
    |or_ln14_48_fu_43894_p2  |    or    |      0|  0|  12|          12|           6|
    |or_ln14_49_fu_43904_p2  |    or    |      0|  0|  12|          12|           6|
    |or_ln14_4_fu_43417_p2   |    or    |      0|  0|  12|          12|           3|
    |or_ln14_50_fu_43914_p2  |    or    |      0|  0|  12|          12|           6|
    |or_ln14_51_fu_43924_p2  |    or    |      0|  0|  12|          12|           6|
    |or_ln14_52_fu_43934_p2  |    or    |      0|  0|  12|          12|           6|
    |or_ln14_53_fu_43944_p2  |    or    |      0|  0|  12|          12|           6|
    |or_ln14_54_fu_43954_p2  |    or    |      0|  0|  12|          12|           6|
    |or_ln14_55_fu_43964_p2  |    or    |      0|  0|  12|          12|           6|
    |or_ln14_56_fu_43974_p2  |    or    |      0|  0|  12|          12|           6|
    |or_ln14_57_fu_43984_p2  |    or    |      0|  0|  12|          12|           6|
    |or_ln14_58_fu_43994_p2  |    or    |      0|  0|  12|          12|           6|
    |or_ln14_59_fu_44004_p2  |    or    |      0|  0|  12|          12|           6|
    |or_ln14_5_fu_43428_p2   |    or    |      0|  0|  12|          12|           3|
    |or_ln14_60_fu_44014_p2  |    or    |      0|  0|  12|          12|           6|
    |or_ln14_61_fu_44024_p2  |    or    |      0|  0|  12|          12|           6|
    |or_ln14_62_fu_44034_p2  |    or    |      0|  0|  12|          12|           6|
    |or_ln14_6_fu_43439_p2   |    or    |      0|  0|  12|          12|           3|
    |or_ln14_7_fu_43450_p2   |    or    |      0|  0|  12|          12|           4|
    |or_ln14_8_fu_43461_p2   |    or    |      0|  0|  12|          12|           4|
    |or_ln14_9_fu_43472_p2   |    or    |      0|  0|  12|          12|           4|
    |or_ln14_fu_43714_p2     |    or    |      0|  0|  12|          12|           1|
    +------------------------+----------+-------+---+----+------------+------------+
    |Total                   |          |      0|  0| 782|         770|         330|
    +------------------------+----------+-------+---+----+------------+------------+

    * Multiplexer: 
    +-----------------+------+-----------+-----+-----------+
    |       Name      |  LUT | Input Size| Bits| Total Bits|
    +-----------------+------+-----------+-----+-----------+
    |ap_NS_fsm        |  2193|       4109|    1|       4109|
    |grp_fu_42596_p0  |   389|         89|   64|       5696|
    |grp_fu_42596_p1  |    44|          9|   64|        576|
    |grp_fu_42601_p0  |   329|         74|   64|       4736|
    |grp_fu_42601_p1  |    27|          5|   64|        320|
    |grp_fu_42606_p0  |    41|          8|   64|        512|
    |grp_fu_42606_p1  |    15|          3|   64|        192|
    |grp_fu_42611_p0  |    15|          3|   64|        192|
    |grp_fu_42611_p1  |    15|          3|   64|        192|
    |grp_fu_42616_p0  |    15|          3|   64|        192|
    |grp_fu_42616_p1  |    15|          3|   64|        192|
    |grp_fu_42621_p0  |    15|          3|   64|        192|
    |grp_fu_42621_p1  |    15|          3|   64|        192|
    |grp_fu_42626_p0  |    15|          3|   64|        192|
    |grp_fu_42626_p1  |    15|          3|   64|        192|
    |grp_fu_42636_p0  |    33|          6|   64|        384|
    |grp_fu_42636_p1  |    85|         17|   64|       1088|
    |grp_fu_42640_p0  |    33|          6|   64|        384|
    |grp_fu_42640_p1  |    62|         15|   64|        960|
    |grp_fu_42644_p0  |    33|          6|   64|        384|
    |grp_fu_42644_p1  |    47|         10|   64|        640|
    |grp_fu_42648_p0  |    33|          6|   64|        384|
    |grp_fu_42648_p1  |    47|         10|   64|        640|
    |grp_fu_42652_p0  |    33|          6|   64|        384|
    |grp_fu_42652_p1  |    47|         10|   64|        640|
    |grp_fu_42656_p0  |    33|          6|   64|        384|
    |grp_fu_42656_p1  |    47|         10|   64|        640|
    |grp_fu_42660_p0  |    33|          6|   64|        384|
    |grp_fu_42660_p1  |    47|         10|   64|        640|
    |grp_fu_42664_p0  |    33|          6|   64|        384|
    |grp_fu_42664_p1  |    41|          8|   64|        512|
    |i_0_reg_42584    |     9|          2|    7|         14|
    |m1_address0      |   437|         99|   12|       1188|
    |m2_address0      |  2193|       4097|   12|      49164|
    +-----------------+------+-----------+-----+-----------+
    |Total            |  6484|       8657| 1952|      76875|
    +-----------------+------+-----------+-----+-----------+

    * Register: 
    +------------------------+------+----+------+-----------+
    |          Name          |  FF  | LUT| Bits | Const Bits|
    +------------------------+------+----+------+-----------+
    |ap_CS_fsm               |  4108|   0|  4108|          0|
    |i_0_reg_42584           |     7|   0|     7|          0|
    |i_col_reg_64792         |     6|   0|    12|          6|
    |i_reg_64532             |     7|   0|     7|          0|
    |m1_addr_10_reg_64874    |     6|   0|    12|          6|
    |m1_addr_11_reg_64879    |     6|   0|    12|          6|
    |m1_addr_12_reg_64884    |     6|   0|    12|          6|
    |m1_addr_13_reg_64889    |     6|   0|    12|          6|
    |m1_addr_14_reg_64894    |     6|   0|    12|          6|
    |m1_addr_15_reg_64899    |     6|   0|    12|          6|
    |m1_addr_16_reg_64904    |     6|   0|    12|          6|
    |m1_addr_17_reg_64909    |     6|   0|    12|          6|
    |m1_addr_18_reg_64914    |     6|   0|    12|          6|
    |m1_addr_19_reg_64919    |     6|   0|    12|          6|
    |m1_addr_1_reg_65079     |     6|   0|    12|          6|
    |m1_addr_20_reg_64924    |     6|   0|    12|          6|
    |m1_addr_21_reg_64929    |     6|   0|    12|          6|
    |m1_addr_22_reg_64934    |     6|   0|    12|          6|
    |m1_addr_23_reg_64939    |     6|   0|    12|          6|
    |m1_addr_24_reg_64944    |     6|   0|    12|          6|
    |m1_addr_25_reg_64949    |     6|   0|    12|          6|
    |m1_addr_26_reg_64954    |     6|   0|    12|          6|
    |m1_addr_27_reg_64959    |     6|   0|    12|          6|
    |m1_addr_28_reg_64964    |     6|   0|    12|          6|
    |m1_addr_29_reg_64969    |     6|   0|    12|          6|
    |m1_addr_2_reg_64834     |     6|   0|    12|          6|
    |m1_addr_30_reg_64974    |     6|   0|    12|          6|
    |m1_addr_31_reg_64979    |     6|   0|    12|          6|
    |m1_addr_32_reg_65289    |     6|   0|    12|          6|
    |m1_addr_33_reg_65294    |     6|   0|    12|          6|
    |m1_addr_34_reg_65299    |     6|   0|    12|          6|
    |m1_addr_35_reg_65304    |     6|   0|    12|          6|
    |m1_addr_36_reg_65309    |     6|   0|    12|          6|
    |m1_addr_37_reg_65314    |     6|   0|    12|          6|
    |m1_addr_38_reg_65319    |     6|   0|    12|          6|
    |m1_addr_39_reg_65324    |     6|   0|    12|          6|
    |m1_addr_3_reg_64839     |     6|   0|    12|          6|
    |m1_addr_40_reg_65329    |     6|   0|    12|          6|
    |m1_addr_41_reg_65334    |     6|   0|    12|          6|
    |m1_addr_42_reg_65339    |     6|   0|    12|          6|
    |m1_addr_43_reg_65344    |     6|   0|    12|          6|
    |m1_addr_44_reg_65349    |     6|   0|    12|          6|
    |m1_addr_45_reg_65354    |     6|   0|    12|          6|
    |m1_addr_46_reg_65359    |     6|   0|    12|          6|
    |m1_addr_47_reg_65364    |     6|   0|    12|          6|
    |m1_addr_48_reg_65369    |     6|   0|    12|          6|
    |m1_addr_49_reg_65374    |     6|   0|    12|          6|
    |m1_addr_4_reg_64844     |     6|   0|    12|          6|
    |m1_addr_50_reg_65379    |     6|   0|    12|          6|
    |m1_addr_51_reg_65384    |     6|   0|    12|          6|
    |m1_addr_52_reg_65389    |     6|   0|    12|          6|
    |m1_addr_53_reg_65394    |     6|   0|    12|          6|
    |m1_addr_54_reg_65399    |     6|   0|    12|          6|
    |m1_addr_55_reg_65404    |     6|   0|    12|          6|
    |m1_addr_56_reg_65409    |     6|   0|    12|          6|
    |m1_addr_57_reg_65414    |     6|   0|    12|          6|
    |m1_addr_58_reg_65419    |     6|   0|    12|          6|
    |m1_addr_59_reg_65424    |     6|   0|    12|          6|
    |m1_addr_5_reg_64849     |     6|   0|    12|          6|
    |m1_addr_60_reg_65429    |     6|   0|    12|          6|
    |m1_addr_61_reg_65434    |     6|   0|    12|          6|
    |m1_addr_62_reg_65439    |     6|   0|    12|          6|
    |m1_addr_63_reg_65444    |     6|   0|    12|          6|
    |m1_addr_6_reg_64854     |     6|   0|    12|          6|
    |m1_addr_7_reg_64859     |     6|   0|    12|          6|
    |m1_addr_8_reg_64864     |     6|   0|    12|          6|
    |m1_addr_9_reg_64869     |     6|   0|    12|          6|
    |m1_addr_reg_64829       |     6|   0|    12|          6|
    |m2_load_1024_reg_64572  |    64|   0|    64|          0|
    |m2_load_1088_reg_64577  |    64|   0|    64|          0|
    |m2_load_1152_reg_64582  |    64|   0|    64|          0|
    |m2_load_1216_reg_64587  |    64|   0|    64|          0|
    |m2_load_1280_reg_64592  |    64|   0|    64|          0|
    |m2_load_1344_reg_64597  |    64|   0|    64|          0|
    |m2_load_1408_reg_64602  |    64|   0|    64|          0|
    |m2_load_1472_reg_64607  |    64|   0|    64|          0|
    |m2_load_1536_reg_64612  |    64|   0|    64|          0|
    |m2_load_1600_reg_64617  |    64|   0|    64|          0|
    |m2_load_1664_reg_64622  |    64|   0|    64|          0|
    |m2_load_1728_reg_64627  |    64|   0|    64|          0|
    |m2_load_1792_reg_64632  |    64|   0|    64|          0|
    |m2_load_1856_reg_64637  |    64|   0|    64|          0|
    |m2_load_1920_reg_64642  |    64|   0|    64|          0|
    |m2_load_1984_reg_64647  |    64|   0|    64|          0|
    |m2_load_1_reg_65004     |    64|   0|    64|          0|
    |m2_load_2048_reg_64652  |    64|   0|    64|          0|
    |m2_load_2112_reg_64657  |    64|   0|    64|          0|
    |m2_load_2176_reg_64662  |    64|   0|    64|          0|
    |m2_load_2240_reg_64667  |    64|   0|    64|          0|
    |m2_load_2304_reg_64672  |    64|   0|    64|          0|
    |m2_load_2368_reg_64677  |    64|   0|    64|          0|
    |m2_load_2432_reg_64682  |    64|   0|    64|          0|
    |m2_load_2496_reg_64687  |    64|   0|    64|          0|
    |m2_load_2560_reg_64692  |    64|   0|    64|          0|
    |m2_load_2624_reg_64697  |    64|   0|    64|          0|
    |m2_load_2688_reg_64702  |    64|   0|    64|          0|
    |m2_load_2752_reg_64707  |    64|   0|    64|          0|
    |m2_load_2816_reg_64712  |    64|   0|    64|          0|
    |m2_load_2880_reg_64717  |    64|   0|    64|          0|
    |m2_load_2944_reg_64722  |    64|   0|    64|          0|
    |m2_load_3008_reg_64727  |    64|   0|    64|          0|
    |m2_load_3072_reg_64732  |    64|   0|    64|          0|
    |m2_load_3136_reg_64737  |    64|   0|    64|          0|
    |m2_load_3200_reg_64742  |    64|   0|    64|          0|
    |m2_load_3264_reg_64747  |    64|   0|    64|          0|
    |m2_load_3328_reg_64752  |    64|   0|    64|          0|
    |m2_load_3392_reg_64757  |    64|   0|    64|          0|
    |m2_load_3456_reg_64762  |    64|   0|    64|          0|
    |m2_load_3520_reg_64767  |    64|   0|    64|          0|
    |m2_load_3584_reg_64772  |    64|   0|    64|          0|
    |m2_load_3648_reg_64777  |    64|   0|    64|          0|
    |m2_load_3712_reg_64782  |    64|   0|    64|          0|
    |m2_load_3776_reg_64787  |    64|   0|    64|          0|
    |m2_load_3840_reg_64984  |    64|   0|    64|          0|
    |m2_load_3904_reg_64989  |    64|   0|    64|          0|
    |m2_load_3968_reg_64994  |    64|   0|    64|          0|
    |m2_load_4032_reg_64999  |    64|   0|    64|          0|
    |m2_load_576_reg_64537   |    64|   0|    64|          0|
    |m2_load_640_reg_64542   |    64|   0|    64|          0|
    |m2_load_65_reg_65009    |    64|   0|    64|          0|
    |m2_load_704_reg_64547   |    64|   0|    64|          0|
    |m2_load_768_reg_64552   |    64|   0|    64|          0|
    |m2_load_832_reg_64557   |    64|   0|    64|          0|
    |m2_load_896_reg_64562   |    64|   0|    64|          0|
    |m2_load_960_reg_64567   |    64|   0|    64|          0|
    |mult_10_reg_65024       |    64|   0|    64|          0|
    |mult_11_reg_65029       |    64|   0|    64|          0|
    |mult_12_reg_65034       |    64|   0|    64|          0|
    |mult_13_reg_65039       |    64|   0|    64|          0|
    |mult_15_reg_65044       |    64|   0|    64|          0|
    |mult_16_reg_65049       |    64|   0|    64|          0|
    |mult_17_reg_65054       |    64|   0|    64|          0|
    |mult_18_reg_65059       |    64|   0|    64|          0|
    |mult_19_reg_65064       |    64|   0|    64|          0|
    |mult_1_1_reg_65269      |    64|   0|    64|          0|
    |mult_20_reg_65069       |    64|   0|    64|          0|
    |mult_21_reg_65074       |    64|   0|    64|          0|
    |mult_23_reg_65084       |    64|   0|    64|          0|
    |mult_24_reg_65089       |    64|   0|    64|          0|
    |mult_25_reg_65094       |    64|   0|    64|          0|
    |mult_26_reg_65099       |    64|   0|    64|          0|
    |mult_27_reg_65104       |    64|   0|    64|          0|
    |mult_28_reg_65109       |    64|   0|    64|          0|
    |mult_29_reg_65114       |    64|   0|    64|          0|
    |mult_32_reg_65119       |    64|   0|    64|          0|
    |mult_33_reg_65124       |    64|   0|    64|          0|
    |mult_34_reg_65129       |    64|   0|    64|          0|
    |mult_35_reg_65134       |    64|   0|    64|          0|
    |mult_36_reg_65139       |    64|   0|    64|          0|
    |mult_37_reg_65144       |    64|   0|    64|          0|
    |mult_38_reg_65149       |    64|   0|    64|          0|
    |mult_39_reg_65154       |    64|   0|    64|          0|
    |mult_40_reg_65159       |    64|   0|    64|          0|
    |mult_41_reg_65164       |    64|   0|    64|          0|
    |mult_42_reg_65169       |    64|   0|    64|          0|
    |mult_43_reg_65174       |    64|   0|    64|          0|
    |mult_44_reg_65179       |    64|   0|    64|          0|
    |mult_45_reg_65184       |    64|   0|    64|          0|
    |mult_47_reg_65189       |    64|   0|    64|          0|
    |mult_48_reg_65194       |    64|   0|    64|          0|
    |mult_49_reg_65199       |    64|   0|    64|          0|
    |mult_50_reg_65204       |    64|   0|    64|          0|
    |mult_51_reg_65209       |    64|   0|    64|          0|
    |mult_52_reg_65214       |    64|   0|    64|          0|
    |mult_53_reg_65219       |    64|   0|    64|          0|
    |mult_54_reg_65224       |    64|   0|    64|          0|
    |mult_55_reg_65229       |    64|   0|    64|          0|
    |mult_56_reg_65234       |    64|   0|    64|          0|
    |mult_57_reg_65239       |    64|   0|    64|          0|
    |mult_58_reg_65244       |    64|   0|    64|          0|
    |mult_59_reg_65249       |    64|   0|    64|          0|
    |mult_60_reg_65254       |    64|   0|    64|          0|
    |mult_61_reg_65259       |    64|   0|    64|          0|
    |mult_62_reg_65264       |    64|   0|    64|          0|
    |mult_9_reg_65014        |    64|   0|    64|          0|
    |mult_s_reg_65019        |    64|   0|    64|          0|
    |reg_42668               |    64|   0|    64|          0|
    |reg_42675               |    64|   0|    64|          0|
    |reg_42682               |    64|   0|    64|          0|
    |reg_42690               |    64|   0|    64|          0|
    |reg_42698               |    64|   0|    64|          0|
    |reg_42706               |    64|   0|    64|          0|
    |reg_42712               |    64|   0|    64|          0|
    |reg_42718               |    64|   0|    64|          0|
    |reg_42723               |    64|   0|    64|          0|
    |reg_42729               |    64|   0|    64|          0|
    |reg_42741               |    64|   0|    64|          0|
    |reg_42753               |    64|   0|    64|          0|
    |reg_42765               |    64|   0|    64|          0|
    |reg_42777               |    64|   0|    64|          0|
    |reg_42789               |    64|   0|    64|          0|
    |reg_42795               |    64|   0|    64|          0|
    |reg_42802               |    64|   0|    64|          0|
    |reg_42808               |    64|   0|    64|          0|
    |reg_42814               |    64|   0|    64|          0|
    |reg_42820               |    64|   0|    64|          0|
    |reg_42826               |    64|   0|    64|          0|
    |reg_42832               |    64|   0|    64|          0|
    |reg_42838               |    64|   0|    64|          0|
    |reg_42844               |    64|   0|    64|          0|
    |reg_42851               |    64|   0|    64|          0|
    |reg_42857               |    64|   0|    64|          0|
    |reg_42927               |    64|   0|    64|          0|
    |reg_42933               |    64|   0|    64|          0|
    |reg_42938               |    64|   0|    64|          0|
    |reg_42943               |    64|   0|    64|          0|
    |reg_42950               |    64|   0|    64|          0|
    |reg_42956               |    64|   0|    64|          0|
    |reg_42962               |    64|   0|    64|          0|
    |reg_42968               |    64|   0|    64|          0|
    |reg_42974               |    64|   0|    64|          0|
    |reg_42979               |    64|   0|    64|          0|
    |reg_42985               |    64|   0|    64|          0|
    |reg_42991               |    64|   0|    64|          0|
    |reg_42996               |    64|   0|    64|          0|
    |reg_43001               |    64|   0|    64|          0|
    |reg_43007               |    64|   0|    64|          0|
    |reg_43013               |    64|   0|    64|          0|
    |reg_43018               |    64|   0|    64|          0|
    |reg_43024               |    64|   0|    64|          0|
    |reg_43029               |    64|   0|    64|          0|
    |reg_43035               |    64|   0|    64|          0|
    |reg_43040               |    64|   0|    64|          0|
    |reg_43045               |    64|   0|    64|          0|
    |reg_43050               |    64|   0|    64|          0|
    |reg_43056               |    64|   0|    64|          0|
    |reg_43061               |    64|   0|    64|          0|
    |reg_43066               |    64|   0|    64|          0|
    |reg_43071               |    64|   0|    64|          0|
    |reg_43076               |    64|   0|    64|          0|
    |reg_43081               |    64|   0|    64|          0|
    |reg_43086               |    64|   0|    64|          0|
    |reg_43092               |    64|   0|    64|          0|
    |reg_43097               |    64|   0|    64|          0|
    |reg_43102               |    64|   0|    64|          0|
    |reg_43107               |    64|   0|    64|          0|
    |reg_43112               |    64|   0|    64|          0|
    |reg_43117               |    64|   0|    64|          0|
    |reg_43122               |    64|   0|    64|          0|
    |reg_43128               |    64|   0|    64|          0|
    |reg_43133               |    64|   0|    64|          0|
    |reg_43138               |    64|   0|    64|          0|
    |reg_43143               |    64|   0|    64|          0|
    |reg_43148               |    64|   0|    64|          0|
    |reg_43153               |    64|   0|    64|          0|
    |reg_43158               |    64|   0|    64|          0|
    |reg_43164               |    64|   0|    64|          0|
    |reg_43169               |    64|   0|    64|          0|
    |reg_43174               |    64|   0|    64|          0|
    |reg_43179               |    64|   0|    64|          0|
    |reg_43184               |    64|   0|    64|          0|
    |reg_43189               |    64|   0|    64|          0|
    |reg_43194               |    64|   0|    64|          0|
    |reg_43199               |    64|   0|    64|          0|
    |reg_43204               |    64|   0|    64|          0|
    |reg_43210               |    64|   0|    64|          0|
    |reg_43216               |    64|   0|    64|          0|
    |reg_43222               |    64|   0|    64|          0|
    |reg_43227               |    64|   0|    64|          0|
    |reg_43232               |    64|   0|    64|          0|
    |reg_43237               |    64|   0|    64|          0|
    |reg_43242               |    64|   0|    64|          0|
    |reg_43247               |    64|   0|    64|          0|
    |reg_43253               |    64|   0|    64|          0|
    |reg_43258               |    64|   0|    64|          0|
    |reg_43264               |    64|   0|    64|          0|
    |reg_43269               |    64|   0|    64|          0|
    |reg_43274               |    64|   0|    64|          0|
    |reg_43279               |    64|   0|    64|          0|
    |reg_43285               |    64|   0|    64|          0|
    |reg_43291               |    64|   0|    64|          0|
    |reg_43296               |    64|   0|    64|          0|
    |reg_43301               |    64|   0|    64|          0|
    |reg_43307               |    64|   0|    64|          0|
    |reg_43313               |    64|   0|    64|          0|
    |reg_43319               |    64|   0|    64|          0|
    |reg_43325               |    64|   0|    64|          0|
    |reg_43331               |    64|   0|    64|          0|
    |reg_43337               |    64|   0|    64|          0|
    |reg_43343               |    64|   0|    64|          0|
    |reg_43349               |    64|   0|    64|          0|
    |sum_10_reg_65284        |    64|   0|    64|          0|
    |sum_45_reg_65274        |    64|   0|    64|          0|
    |sum_6_1_reg_65279       |    64|   0|    64|          0|
    |zext_ln17_reg_65449     |     7|   0|    64|         57|
    +------------------------+------+----+------+-----------+
    |Total                   | 18343|   0| 18790|        447|
    +------------------------+------+----+------+-----------+



================================================================
== Interface
================================================================
* Summary: 
+------------------+-----+-----+------------+--------------+--------------+
|     RTL Ports    | Dir | Bits|  Protocol  | Source Object|    C Type    |
+------------------+-----+-----+------------+--------------+--------------+
|ap_clk            |  in |    1| ap_ctrl_hs |     gemm     | return value |
|ap_rst            |  in |    1| ap_ctrl_hs |     gemm     | return value |
|ap_start          |  in |    1| ap_ctrl_hs |     gemm     | return value |
|ap_done           | out |    1| ap_ctrl_hs |     gemm     | return value |
|ap_idle           | out |    1| ap_ctrl_hs |     gemm     | return value |
|ap_ready          | out |    1| ap_ctrl_hs |     gemm     | return value |
|m1_address0       | out |   12|  ap_memory |      m1      |     array    |
|m1_ce0            | out |    1|  ap_memory |      m1      |     array    |
|m1_q0             |  in |   64|  ap_memory |      m1      |     array    |
|m2_address0       | out |   12|  ap_memory |      m2      |     array    |
|m2_ce0            | out |    1|  ap_memory |      m2      |     array    |
|m2_q0             |  in |   64|  ap_memory |      m2      |     array    |
|prod_0_address0   | out |    6|  ap_memory |    prod_0    |     array    |
|prod_0_ce0        | out |    1|  ap_memory |    prod_0    |     array    |
|prod_0_we0        | out |    1|  ap_memory |    prod_0    |     array    |
|prod_0_d0         | out |   64|  ap_memory |    prod_0    |     array    |
|prod_1_address0   | out |    6|  ap_memory |    prod_1    |     array    |
|prod_1_ce0        | out |    1|  ap_memory |    prod_1    |     array    |
|prod_1_we0        | out |    1|  ap_memory |    prod_1    |     array    |
|prod_1_d0         | out |   64|  ap_memory |    prod_1    |     array    |
|prod_2_address0   | out |    6|  ap_memory |    prod_2    |     array    |
|prod_2_ce0        | out |    1|  ap_memory |    prod_2    |     array    |
|prod_2_we0        | out |    1|  ap_memory |    prod_2    |     array    |
|prod_2_d0         | out |   64|  ap_memory |    prod_2    |     array    |
|prod_3_address0   | out |    6|  ap_memory |    prod_3    |     array    |
|prod_3_ce0        | out |    1|  ap_memory |    prod_3    |     array    |
|prod_3_we0        | out |    1|  ap_memory |    prod_3    |     array    |
|prod_3_d0         | out |   64|  ap_memory |    prod_3    |     array    |
|prod_4_address0   | out |    6|  ap_memory |    prod_4    |     array    |
|prod_4_ce0        | out |    1|  ap_memory |    prod_4    |     array    |
|prod_4_we0        | out |    1|  ap_memory |    prod_4    |     array    |
|prod_4_d0         | out |   64|  ap_memory |    prod_4    |     array    |
|prod_5_address0   | out |    6|  ap_memory |    prod_5    |     array    |
|prod_5_ce0        | out |    1|  ap_memory |    prod_5    |     array    |
|prod_5_we0        | out |    1|  ap_memory |    prod_5    |     array    |
|prod_5_d0         | out |   64|  ap_memory |    prod_5    |     array    |
|prod_6_address0   | out |    6|  ap_memory |    prod_6    |     array    |
|prod_6_ce0        | out |    1|  ap_memory |    prod_6    |     array    |
|prod_6_we0        | out |    1|  ap_memory |    prod_6    |     array    |
|prod_6_d0         | out |   64|  ap_memory |    prod_6    |     array    |
|prod_7_address0   | out |    6|  ap_memory |    prod_7    |     array    |
|prod_7_ce0        | out |    1|  ap_memory |    prod_7    |     array    |
|prod_7_we0        | out |    1|  ap_memory |    prod_7    |     array    |
|prod_7_d0         | out |   64|  ap_memory |    prod_7    |     array    |
|prod_8_address0   | out |    6|  ap_memory |    prod_8    |     array    |
|prod_8_ce0        | out |    1|  ap_memory |    prod_8    |     array    |
|prod_8_we0        | out |    1|  ap_memory |    prod_8    |     array    |
|prod_8_d0         | out |   64|  ap_memory |    prod_8    |     array    |
|prod_9_address0   | out |    6|  ap_memory |    prod_9    |     array    |
|prod_9_ce0        | out |    1|  ap_memory |    prod_9    |     array    |
|prod_9_we0        | out |    1|  ap_memory |    prod_9    |     array    |
|prod_9_d0         | out |   64|  ap_memory |    prod_9    |     array    |
|prod_10_address0  | out |    6|  ap_memory |    prod_10   |     array    |
|prod_10_ce0       | out |    1|  ap_memory |    prod_10   |     array    |
|prod_10_we0       | out |    1|  ap_memory |    prod_10   |     array    |
|prod_10_d0        | out |   64|  ap_memory |    prod_10   |     array    |
|prod_11_address0  | out |    6|  ap_memory |    prod_11   |     array    |
|prod_11_ce0       | out |    1|  ap_memory |    prod_11   |     array    |
|prod_11_we0       | out |    1|  ap_memory |    prod_11   |     array    |
|prod_11_d0        | out |   64|  ap_memory |    prod_11   |     array    |
|prod_12_address0  | out |    6|  ap_memory |    prod_12   |     array    |
|prod_12_ce0       | out |    1|  ap_memory |    prod_12   |     array    |
|prod_12_we0       | out |    1|  ap_memory |    prod_12   |     array    |
|prod_12_d0        | out |   64|  ap_memory |    prod_12   |     array    |
|prod_13_address0  | out |    6|  ap_memory |    prod_13   |     array    |
|prod_13_ce0       | out |    1|  ap_memory |    prod_13   |     array    |
|prod_13_we0       | out |    1|  ap_memory |    prod_13   |     array    |
|prod_13_d0        | out |   64|  ap_memory |    prod_13   |     array    |
|prod_14_address0  | out |    6|  ap_memory |    prod_14   |     array    |
|prod_14_ce0       | out |    1|  ap_memory |    prod_14   |     array    |
|prod_14_we0       | out |    1|  ap_memory |    prod_14   |     array    |
|prod_14_d0        | out |   64|  ap_memory |    prod_14   |     array    |
|prod_15_address0  | out |    6|  ap_memory |    prod_15   |     array    |
|prod_15_ce0       | out |    1|  ap_memory |    prod_15   |     array    |
|prod_15_we0       | out |    1|  ap_memory |    prod_15   |     array    |
|prod_15_d0        | out |   64|  ap_memory |    prod_15   |     array    |
|prod_16_address0  | out |    6|  ap_memory |    prod_16   |     array    |
|prod_16_ce0       | out |    1|  ap_memory |    prod_16   |     array    |
|prod_16_we0       | out |    1|  ap_memory |    prod_16   |     array    |
|prod_16_d0        | out |   64|  ap_memory |    prod_16   |     array    |
|prod_17_address0  | out |    6|  ap_memory |    prod_17   |     array    |
|prod_17_ce0       | out |    1|  ap_memory |    prod_17   |     array    |
|prod_17_we0       | out |    1|  ap_memory |    prod_17   |     array    |
|prod_17_d0        | out |   64|  ap_memory |    prod_17   |     array    |
|prod_18_address0  | out |    6|  ap_memory |    prod_18   |     array    |
|prod_18_ce0       | out |    1|  ap_memory |    prod_18   |     array    |
|prod_18_we0       | out |    1|  ap_memory |    prod_18   |     array    |
|prod_18_d0        | out |   64|  ap_memory |    prod_18   |     array    |
|prod_19_address0  | out |    6|  ap_memory |    prod_19   |     array    |
|prod_19_ce0       | out |    1|  ap_memory |    prod_19   |     array    |
|prod_19_we0       | out |    1|  ap_memory |    prod_19   |     array    |
|prod_19_d0        | out |   64|  ap_memory |    prod_19   |     array    |
|prod_20_address0  | out |    6|  ap_memory |    prod_20   |     array    |
|prod_20_ce0       | out |    1|  ap_memory |    prod_20   |     array    |
|prod_20_we0       | out |    1|  ap_memory |    prod_20   |     array    |
|prod_20_d0        | out |   64|  ap_memory |    prod_20   |     array    |
|prod_21_address0  | out |    6|  ap_memory |    prod_21   |     array    |
|prod_21_ce0       | out |    1|  ap_memory |    prod_21   |     array    |
|prod_21_we0       | out |    1|  ap_memory |    prod_21   |     array    |
|prod_21_d0        | out |   64|  ap_memory |    prod_21   |     array    |
|prod_22_address0  | out |    6|  ap_memory |    prod_22   |     array    |
|prod_22_ce0       | out |    1|  ap_memory |    prod_22   |     array    |
|prod_22_we0       | out |    1|  ap_memory |    prod_22   |     array    |
|prod_22_d0        | out |   64|  ap_memory |    prod_22   |     array    |
|prod_23_address0  | out |    6|  ap_memory |    prod_23   |     array    |
|prod_23_ce0       | out |    1|  ap_memory |    prod_23   |     array    |
|prod_23_we0       | out |    1|  ap_memory |    prod_23   |     array    |
|prod_23_d0        | out |   64|  ap_memory |    prod_23   |     array    |
|prod_24_address0  | out |    6|  ap_memory |    prod_24   |     array    |
|prod_24_ce0       | out |    1|  ap_memory |    prod_24   |     array    |
|prod_24_we0       | out |    1|  ap_memory |    prod_24   |     array    |
|prod_24_d0        | out |   64|  ap_memory |    prod_24   |     array    |
|prod_25_address0  | out |    6|  ap_memory |    prod_25   |     array    |
|prod_25_ce0       | out |    1|  ap_memory |    prod_25   |     array    |
|prod_25_we0       | out |    1|  ap_memory |    prod_25   |     array    |
|prod_25_d0        | out |   64|  ap_memory |    prod_25   |     array    |
|prod_26_address0  | out |    6|  ap_memory |    prod_26   |     array    |
|prod_26_ce0       | out |    1|  ap_memory |    prod_26   |     array    |
|prod_26_we0       | out |    1|  ap_memory |    prod_26   |     array    |
|prod_26_d0        | out |   64|  ap_memory |    prod_26   |     array    |
|prod_27_address0  | out |    6|  ap_memory |    prod_27   |     array    |
|prod_27_ce0       | out |    1|  ap_memory |    prod_27   |     array    |
|prod_27_we0       | out |    1|  ap_memory |    prod_27   |     array    |
|prod_27_d0        | out |   64|  ap_memory |    prod_27   |     array    |
|prod_28_address0  | out |    6|  ap_memory |    prod_28   |     array    |
|prod_28_ce0       | out |    1|  ap_memory |    prod_28   |     array    |
|prod_28_we0       | out |    1|  ap_memory |    prod_28   |     array    |
|prod_28_d0        | out |   64|  ap_memory |    prod_28   |     array    |
|prod_29_address0  | out |    6|  ap_memory |    prod_29   |     array    |
|prod_29_ce0       | out |    1|  ap_memory |    prod_29   |     array    |
|prod_29_we0       | out |    1|  ap_memory |    prod_29   |     array    |
|prod_29_d0        | out |   64|  ap_memory |    prod_29   |     array    |
|prod_30_address0  | out |    6|  ap_memory |    prod_30   |     array    |
|prod_30_ce0       | out |    1|  ap_memory |    prod_30   |     array    |
|prod_30_we0       | out |    1|  ap_memory |    prod_30   |     array    |
|prod_30_d0        | out |   64|  ap_memory |    prod_30   |     array    |
|prod_31_address0  | out |    6|  ap_memory |    prod_31   |     array    |
|prod_31_ce0       | out |    1|  ap_memory |    prod_31   |     array    |
|prod_31_we0       | out |    1|  ap_memory |    prod_31   |     array    |
|prod_31_d0        | out |   64|  ap_memory |    prod_31   |     array    |
|prod_32_address0  | out |    6|  ap_memory |    prod_32   |     array    |
|prod_32_ce0       | out |    1|  ap_memory |    prod_32   |     array    |
|prod_32_we0       | out |    1|  ap_memory |    prod_32   |     array    |
|prod_32_d0        | out |   64|  ap_memory |    prod_32   |     array    |
|prod_33_address0  | out |    6|  ap_memory |    prod_33   |     array    |
|prod_33_ce0       | out |    1|  ap_memory |    prod_33   |     array    |
|prod_33_we0       | out |    1|  ap_memory |    prod_33   |     array    |
|prod_33_d0        | out |   64|  ap_memory |    prod_33   |     array    |
|prod_34_address0  | out |    6|  ap_memory |    prod_34   |     array    |
|prod_34_ce0       | out |    1|  ap_memory |    prod_34   |     array    |
|prod_34_we0       | out |    1|  ap_memory |    prod_34   |     array    |
|prod_34_d0        | out |   64|  ap_memory |    prod_34   |     array    |
|prod_35_address0  | out |    6|  ap_memory |    prod_35   |     array    |
|prod_35_ce0       | out |    1|  ap_memory |    prod_35   |     array    |
|prod_35_we0       | out |    1|  ap_memory |    prod_35   |     array    |
|prod_35_d0        | out |   64|  ap_memory |    prod_35   |     array    |
|prod_36_address0  | out |    6|  ap_memory |    prod_36   |     array    |
|prod_36_ce0       | out |    1|  ap_memory |    prod_36   |     array    |
|prod_36_we0       | out |    1|  ap_memory |    prod_36   |     array    |
|prod_36_d0        | out |   64|  ap_memory |    prod_36   |     array    |
|prod_37_address0  | out |    6|  ap_memory |    prod_37   |     array    |
|prod_37_ce0       | out |    1|  ap_memory |    prod_37   |     array    |
|prod_37_we0       | out |    1|  ap_memory |    prod_37   |     array    |
|prod_37_d0        | out |   64|  ap_memory |    prod_37   |     array    |
|prod_38_address0  | out |    6|  ap_memory |    prod_38   |     array    |
|prod_38_ce0       | out |    1|  ap_memory |    prod_38   |     array    |
|prod_38_we0       | out |    1|  ap_memory |    prod_38   |     array    |
|prod_38_d0        | out |   64|  ap_memory |    prod_38   |     array    |
|prod_39_address0  | out |    6|  ap_memory |    prod_39   |     array    |
|prod_39_ce0       | out |    1|  ap_memory |    prod_39   |     array    |
|prod_39_we0       | out |    1|  ap_memory |    prod_39   |     array    |
|prod_39_d0        | out |   64|  ap_memory |    prod_39   |     array    |
|prod_40_address0  | out |    6|  ap_memory |    prod_40   |     array    |
|prod_40_ce0       | out |    1|  ap_memory |    prod_40   |     array    |
|prod_40_we0       | out |    1|  ap_memory |    prod_40   |     array    |
|prod_40_d0        | out |   64|  ap_memory |    prod_40   |     array    |
|prod_41_address0  | out |    6|  ap_memory |    prod_41   |     array    |
|prod_41_ce0       | out |    1|  ap_memory |    prod_41   |     array    |
|prod_41_we0       | out |    1|  ap_memory |    prod_41   |     array    |
|prod_41_d0        | out |   64|  ap_memory |    prod_41   |     array    |
|prod_42_address0  | out |    6|  ap_memory |    prod_42   |     array    |
|prod_42_ce0       | out |    1|  ap_memory |    prod_42   |     array    |
|prod_42_we0       | out |    1|  ap_memory |    prod_42   |     array    |
|prod_42_d0        | out |   64|  ap_memory |    prod_42   |     array    |
|prod_43_address0  | out |    6|  ap_memory |    prod_43   |     array    |
|prod_43_ce0       | out |    1|  ap_memory |    prod_43   |     array    |
|prod_43_we0       | out |    1|  ap_memory |    prod_43   |     array    |
|prod_43_d0        | out |   64|  ap_memory |    prod_43   |     array    |
|prod_44_address0  | out |    6|  ap_memory |    prod_44   |     array    |
|prod_44_ce0       | out |    1|  ap_memory |    prod_44   |     array    |
|prod_44_we0       | out |    1|  ap_memory |    prod_44   |     array    |
|prod_44_d0        | out |   64|  ap_memory |    prod_44   |     array    |
|prod_45_address0  | out |    6|  ap_memory |    prod_45   |     array    |
|prod_45_ce0       | out |    1|  ap_memory |    prod_45   |     array    |
|prod_45_we0       | out |    1|  ap_memory |    prod_45   |     array    |
|prod_45_d0        | out |   64|  ap_memory |    prod_45   |     array    |
|prod_46_address0  | out |    6|  ap_memory |    prod_46   |     array    |
|prod_46_ce0       | out |    1|  ap_memory |    prod_46   |     array    |
|prod_46_we0       | out |    1|  ap_memory |    prod_46   |     array    |
|prod_46_d0        | out |   64|  ap_memory |    prod_46   |     array    |
|prod_47_address0  | out |    6|  ap_memory |    prod_47   |     array    |
|prod_47_ce0       | out |    1|  ap_memory |    prod_47   |     array    |
|prod_47_we0       | out |    1|  ap_memory |    prod_47   |     array    |
|prod_47_d0        | out |   64|  ap_memory |    prod_47   |     array    |
|prod_48_address0  | out |    6|  ap_memory |    prod_48   |     array    |
|prod_48_ce0       | out |    1|  ap_memory |    prod_48   |     array    |
|prod_48_we0       | out |    1|  ap_memory |    prod_48   |     array    |
|prod_48_d0        | out |   64|  ap_memory |    prod_48   |     array    |
|prod_49_address0  | out |    6|  ap_memory |    prod_49   |     array    |
|prod_49_ce0       | out |    1|  ap_memory |    prod_49   |     array    |
|prod_49_we0       | out |    1|  ap_memory |    prod_49   |     array    |
|prod_49_d0        | out |   64|  ap_memory |    prod_49   |     array    |
|prod_50_address0  | out |    6|  ap_memory |    prod_50   |     array    |
|prod_50_ce0       | out |    1|  ap_memory |    prod_50   |     array    |
|prod_50_we0       | out |    1|  ap_memory |    prod_50   |     array    |
|prod_50_d0        | out |   64|  ap_memory |    prod_50   |     array    |
|prod_51_address0  | out |    6|  ap_memory |    prod_51   |     array    |
|prod_51_ce0       | out |    1|  ap_memory |    prod_51   |     array    |
|prod_51_we0       | out |    1|  ap_memory |    prod_51   |     array    |
|prod_51_d0        | out |   64|  ap_memory |    prod_51   |     array    |
|prod_52_address0  | out |    6|  ap_memory |    prod_52   |     array    |
|prod_52_ce0       | out |    1|  ap_memory |    prod_52   |     array    |
|prod_52_we0       | out |    1|  ap_memory |    prod_52   |     array    |
|prod_52_d0        | out |   64|  ap_memory |    prod_52   |     array    |
|prod_53_address0  | out |    6|  ap_memory |    prod_53   |     array    |
|prod_53_ce0       | out |    1|  ap_memory |    prod_53   |     array    |
|prod_53_we0       | out |    1|  ap_memory |    prod_53   |     array    |
|prod_53_d0        | out |   64|  ap_memory |    prod_53   |     array    |
|prod_54_address0  | out |    6|  ap_memory |    prod_54   |     array    |
|prod_54_ce0       | out |    1|  ap_memory |    prod_54   |     array    |
|prod_54_we0       | out |    1|  ap_memory |    prod_54   |     array    |
|prod_54_d0        | out |   64|  ap_memory |    prod_54   |     array    |
|prod_55_address0  | out |    6|  ap_memory |    prod_55   |     array    |
|prod_55_ce0       | out |    1|  ap_memory |    prod_55   |     array    |
|prod_55_we0       | out |    1|  ap_memory |    prod_55   |     array    |
|prod_55_d0        | out |   64|  ap_memory |    prod_55   |     array    |
|prod_56_address0  | out |    6|  ap_memory |    prod_56   |     array    |
|prod_56_ce0       | out |    1|  ap_memory |    prod_56   |     array    |
|prod_56_we0       | out |    1|  ap_memory |    prod_56   |     array    |
|prod_56_d0        | out |   64|  ap_memory |    prod_56   |     array    |
|prod_57_address0  | out |    6|  ap_memory |    prod_57   |     array    |
|prod_57_ce0       | out |    1|  ap_memory |    prod_57   |     array    |
|prod_57_we0       | out |    1|  ap_memory |    prod_57   |     array    |
|prod_57_d0        | out |   64|  ap_memory |    prod_57   |     array    |
|prod_58_address0  | out |    6|  ap_memory |    prod_58   |     array    |
|prod_58_ce0       | out |    1|  ap_memory |    prod_58   |     array    |
|prod_58_we0       | out |    1|  ap_memory |    prod_58   |     array    |
|prod_58_d0        | out |   64|  ap_memory |    prod_58   |     array    |
|prod_59_address0  | out |    6|  ap_memory |    prod_59   |     array    |
|prod_59_ce0       | out |    1|  ap_memory |    prod_59   |     array    |
|prod_59_we0       | out |    1|  ap_memory |    prod_59   |     array    |
|prod_59_d0        | out |   64|  ap_memory |    prod_59   |     array    |
|prod_60_address0  | out |    6|  ap_memory |    prod_60   |     array    |
|prod_60_ce0       | out |    1|  ap_memory |    prod_60   |     array    |
|prod_60_we0       | out |    1|  ap_memory |    prod_60   |     array    |
|prod_60_d0        | out |   64|  ap_memory |    prod_60   |     array    |
|prod_61_address0  | out |    6|  ap_memory |    prod_61   |     array    |
|prod_61_ce0       | out |    1|  ap_memory |    prod_61   |     array    |
|prod_61_we0       | out |    1|  ap_memory |    prod_61   |     array    |
|prod_61_d0        | out |   64|  ap_memory |    prod_61   |     array    |
|prod_62_address0  | out |    6|  ap_memory |    prod_62   |     array    |
|prod_62_ce0       | out |    1|  ap_memory |    prod_62   |     array    |
|prod_62_we0       | out |    1|  ap_memory |    prod_62   |     array    |
|prod_62_d0        | out |   64|  ap_memory |    prod_62   |     array    |
|prod_63_address0  | out |    6|  ap_memory |    prod_63   |     array    |
|prod_63_ce0       | out |    1|  ap_memory |    prod_63   |     array    |
|prod_63_we0       | out |    1|  ap_memory |    prod_63   |     array    |
|prod_63_d0        | out |   64|  ap_memory |    prod_63   |     array    |
+------------------+-----+-----+------------+--------------+--------------+

